mtk_nor.c:236:11:mt53xx_nor_Region2Info	4	static
mtk_nor.c:992:12:sf_do_dma	0	static
mtk_nor.c:1661:23:NFI_gpio_uffs	0	static
mtk_nor.c:640:12:mt53xx_nor_WriteBufferDisable.isra.2	0	static
mtk_nor.c:326:13:mt53xx_nor_SendCmd.isra.3	0	static
mtk_nor.c:206:12:mt53xx_nor_Offset2Index	16	static
mtk_nor.c:366:12:mt53xx_nor_ExecuteCmd	8	static
mtk_nor.c:592:12:mt53xx_nor_WriteEnable	8	static
mtk_nor.c:559:12:mt53xx_nor_WaitBusySleep	32	static
mtk_nor.c:723:12:mt53xx_nor_EraseChip	16	static
mtk_nor.c:769:12:mt53xx_nor_EraseSector	24	static
mtk_nor.c:527:12:mt53xx_nor_WaitBusy.constprop	24	static
mtk_nor.c:668:12:mt53xx_nor_WriteProtect.constprop	16	static
mtk_nor.c:1244:12:mt53xx_nor_WriteSingleByte	32	static
mtk_nor.c:843:5:mtk_nor_erase	40	static
mtk_nor.c:1176:5:mtk_nor_read	56	static
mtk_nor.c:1609:5:mtk_nor_write	56	static
mtk_nor.c:2031:12:mtk_uboot_nor_command	32	static
mtk_nor.c:1834:5:mtk_nor_init	120	static
mtk_nor.c:1925:12:mtk_nor_command	40	static
