acl.c:209:15:rtk_filter_igrAcl_field_add	16	static
acl.c:575:15:rtk_filter_igrAcl_cfg_add	344	static
acl.c:1079:15:rtk_filter_igrAcl_cfg_del	64	static
acl.c:1121:15:rtk_filter_igrAcl_cfg_delAll	8	static
acl.c:149:15:rtk_filter_igrAcl_init	24	static
acl.c:1158:15:rtk_filter_igrAcl_cfg_get	120	static
acl.c:1467:15:rtk_filter_igrAcl_unmatchAction_set	16	static
acl.c:1503:15:rtk_filter_igrAcl_unmatchAction_get	16	static
acl.c:1540:15:rtk_filter_igrAcl_state_set	16	static
acl.c:1576:15:rtk_filter_igrAcl_state_get	16	static
acl.c:1610:15:rtk_filter_igrAcl_template_set	16	static
acl.c:1661:15:rtk_filter_igrAcl_template_get	16	static
acl.c:1707:15:rtk_filter_igrAcl_field_sel_set	16	static
acl.c:1745:15:rtk_filter_igrAcl_field_sel_get	16	static
acl.c:1784:15:rtk_filter_iprange_set	24	static
acl.c:1824:15:rtk_filter_iprange_get	24	static
acl.c:1863:15:rtk_filter_vidrange_set	24	static
acl.c:1906:15:rtk_filter_vidrange_get	24	static
acl.c:1945:15:rtk_filter_portrange_set	24	static
acl.c:1992:15:rtk_filter_portrange_get	24	static
acl.c:2025:15:rtk_filter_igrAclPolarity_set	8	static
acl.c:2048:15:rtk_filter_igrAclPolarity_get	8	static
