cpu.c:43:15:rtk_cpu_enable_set	8	static
cpu.c:82:15:rtk_cpu_enable_get	8	static
cpu.c:121:15:rtk_cpu_tagPort_set	16	static
cpu.c:168:15:rtk_cpu_tagPort_get	24	static
cpu.c:213:15:rtk_cpu_awarePort_set	16	static
cpu.c:252:15:rtk_cpu_awarePort_get	16	static
cpu.c:288:15:rtk_cpu_tagPosition_set	8	static
cpu.c:320:15:rtk_cpu_tagPosition_get	8	static
cpu.c:352:15:rtk_cpu_tagLength_set	8	static
cpu.c:384:15:rtk_cpu_tagLength_get	8	static
cpu.c:419:15:rtk_cpu_priRemap_set	16	static
cpu.c:453:15:rtk_cpu_priRemap_get	16	static
cpu.c:488:15:rtk_cpu_acceptLength_set	8	static
cpu.c:520:15:rtk_cpu_acceptLength_get	8	static
