dot1x.c:51:15:rtk_dot1x_unauthPacketOper_set	16	static
dot1x.c:91:15:rtk_dot1x_unauthPacketOper_get	16	static
dot1x.c:130:15:rtk_dot1x_eapolFrame2CpuEnable_set	24	static
dot1x.c:175:15:rtk_dot1x_eapolFrame2CpuEnable_get	24	static
dot1x.c:221:15:rtk_dot1x_portBasedEnable_set	16	static
dot1x.c:257:15:rtk_dot1x_portBasedEnable_get	16	static
dot1x.c:296:15:rtk_dot1x_portBasedAuthStatus_set	16	static
dot1x.c:333:15:rtk_dot1x_portBasedAuthStatus_get	16	static
dot1x.c:371:15:rtk_dot1x_portBasedDirection_set	16	static
dot1x.c:407:15:rtk_dot1x_portBasedDirection_get	16	static
dot1x.c:449:15:rtk_dot1x_macBasedEnable_set	16	static
dot1x.c:489:15:rtk_dot1x_macBasedEnable_get	16	static
dot1x.c:529:15:rtk_dot1x_macBasedAuthMac_add	56	static
dot1x.c:592:15:rtk_dot1x_macBasedAuthMac_del	56	static
dot1x.c:653:15:rtk_dot1x_macBasedDirection_set	8	static
dot1x.c:685:15:rtk_dot1x_macBasedDirection_get	8	static
dot1x.c:717:15:rtk_dot1x_guestVlan_set	16	static
dot1x.c:754:15:rtk_dot1x_guestVlan_get	32	static
dot1x.c:795:15:rtk_dot1x_guestVlan2Auth_set	8	static
dot1x.c:827:15:rtk_dot1x_guestVlan2Auth_get	8	static
