igmp.c:43:15:rtk_igmp_init	16	static
igmp.c:106:15:rtk_igmp_state_set	8	static
igmp.c:138:15:rtk_igmp_state_get	8	static
igmp.c:170:15:rtk_igmp_static_router_port_set	16	static
igmp.c:209:15:rtk_igmp_static_router_port_get	16	static
igmp.c:247:15:rtk_igmp_protocol_set	24	static
igmp.c:335:15:rtk_igmp_protocol_get	32	static
igmp.c:421:15:rtk_igmp_fastLeave_set	8	static
igmp.c:453:15:rtk_igmp_fastLeave_get	16	static
igmp.c:489:15:rtk_igmp_maxGroup_set	16	static
igmp.c:525:15:rtk_igmp_maxGroup_get	16	static
igmp.c:561:15:rtk_igmp_currentGroup_get	16	static
igmp.c:595:15:rtk_igmp_tableFullAction_set	8	static
igmp.c:626:15:rtk_igmp_tableFullAction_get	8	static
igmp.c:657:15:rtk_igmp_checksumErrorAction_set	8	static
igmp.c:689:15:rtk_igmp_checksumErrorAction_get	8	static
igmp.c:720:15:rtk_igmp_leaveTimer_set	8	static
igmp.c:751:15:rtk_igmp_leaveTimer_get	8	static
igmp.c:782:15:rtk_igmp_queryInterval_set	8	static
igmp.c:813:15:rtk_igmp_queryInterval_get	8	static
igmp.c:844:15:rtk_igmp_robustness_set	8	static
igmp.c:875:15:rtk_igmp_robustness_get	8	static
igmp.c:907:15:rtk_igmp_dynamicRouterPortAllow_set	16	static
igmp.c:946:15:rtk_igmp_dynamicRouterPortAllow_get	16	static
igmp.c:983:15:rtk_igmp_dynamicRouterPort_get	24	static
igmp.c:1047:15:rtk_igmp_suppressionEnable_set	16	static
igmp.c:1083:15:rtk_igmp_suppressionEnable_get	16	static
igmp.c:1120:15:rtk_igmp_portRxPktEnable_set	16	static
igmp.c:1184:15:rtk_igmp_portRxPktEnable_get	16	static
igmp.c:1232:15:rtk_igmp_groupInfo_get	72	static
igmp.c:1340:15:rtk_igmp_ReportLeaveFwdAction_set	8	static
igmp.c:1386:15:rtk_igmp_ReportLeaveFwdAction_get	24	static
igmp.c:1434:15:rtk_igmp_dropLeaveZeroEnable_set	8	static
igmp.c:1468:15:rtk_igmp_dropLeaveZeroEnable_get	8	static
igmp.c:1502:15:rtk_igmp_bypassGroupRange_set	16	static
igmp.c:1538:15:rtk_igmp_bypassGroupRange_get	16	static
