l2.c:42:15:rtk_l2_init	16	static
l2.c:93:15:rtk_l2_addr_add	48	static
l2.c:234:15:rtk_l2_addr_get	48	static
l2.c:304:15:rtk_l2_addr_next_get	64	static
l2.c:384:15:rtk_l2_addr_del	48	static
l2.c:461:15:rtk_l2_mcastAddr_add	48	static
l2.c:590:15:rtk_l2_mcastAddr_get	40	static
l2.c:665:15:rtk_l2_mcastAddr_next_get	56	static
l2.c:732:15:rtk_l2_mcastAddr_del	48	static
l2.c:821:15:rtk_l2_ipMcastAddr_add	48	static
l2.c:919:15:rtk_l2_ipMcastAddr_get	40	static
l2.c:975:15:rtk_l2_ipMcastAddr_next_get	56	static
l2.c:1037:15:rtk_l2_ipMcastAddr_del	40	static
l2.c:1099:15:rtk_l2_ipVidMcastAddr_add	48	static
l2.c:1192:15:rtk_l2_ipVidMcastAddr_get	40	static
l2.c:1248:15:rtk_l2_ipVidMcastAddr_next_get	56	static
l2.c:1307:15:rtk_l2_ipVidMcastAddr_del	40	static
l2.c:1379:15:rtk_l2_ucastAddr_flush	16	static
l2.c:1501:15:rtk_l2_table_clear	8	static
l2.c:1529:15:rtk_l2_table_clearStatus_get	8	static
l2.c:1565:15:rtk_l2_flushLinkDownPortAddrEnable_set	16	static
l2.c:1603:15:rtk_l2_flushLinkDownPortAddrEnable_get	16	static
l2.c:1640:15:rtk_l2_agingEnable_set	16	static
l2.c:1680:15:rtk_l2_agingEnable_get	24	static
l2.c:1723:15:rtk_l2_limitLearningCnt_set	16	static
l2.c:1758:15:rtk_l2_limitLearningCnt_get	16	static
l2.c:1794:15:rtk_l2_limitSystemLearningCnt_set	8	static
l2.c:1826:15:rtk_l2_limitSystemLearningCnt_get	8	static
l2.c:1864:15:rtk_l2_limitLearningCntAction_set	16	static
l2.c:1910:15:rtk_l2_limitLearningCntAction_get	24	static
l2.c:1961:15:rtk_l2_limitSystemLearningCntAction_set	8	static
l2.c:2004:15:rtk_l2_limitSystemLearningCntAction_get	24	static
l2.c:2046:15:rtk_l2_limitSystemLearningCntPortMask_set	16	static
l2.c:2085:15:rtk_l2_limitSystemLearningCntPortMask_get	16	static
l2.c:2121:15:rtk_l2_learningCnt_get	16	static
l2.c:2162:15:rtk_l2_floodPortMask_set	24	static
l2.c:2220:15:rtk_l2_floodPortMask_get	24	static
l2.c:2277:15:rtk_l2_localPktPermit_set	16	static
l2.c:2312:15:rtk_l2_localPktPermit_get	16	static
l2.c:2347:15:rtk_l2_aging_set	128	static
l2.c:2387:15:rtk_l2_aging_get	136	static
l2.c:2433:15:rtk_l2_ipMcastAddrLookup_set	16	static
l2.c:2488:15:rtk_l2_ipMcastAddrLookup_get	16	static
l2.c:2533:15:rtk_l2_ipMcastForwardRouterPort_set	8	static
l2.c:2564:15:rtk_l2_ipMcastForwardRouterPort_get	8	static
l2.c:2598:15:rtk_l2_ipMcastGroupEntry_add	56	static
l2.c:2673:15:rtk_l2_ipMcastGroupEntry_del	40	static
l2.c:2728:15:rtk_l2_ipMcastGroupEntry_get	48	static
l2.c:2783:15:rtk_l2_entry_get	48	static
