led.c:45:15:rtk_led_enable_set	32	static
led.c:90:15:rtk_led_enable_get	24	static
led.c:131:15:rtk_led_operation_set	8	static
led.c:181:15:rtk_led_operation_get	24	static
led.c:229:15:rtk_led_modeForce_set	24	static
led.c:279:15:rtk_led_modeForce_get	24	static
led.c:321:15:rtk_led_blinkRate_set	8	static
led.c:353:15:rtk_led_blinkRate_get	8	static
led.c:403:15:rtk_led_groupConfig_set	16	static
led.c:438:15:rtk_led_groupConfig_get	16	static
led.c:475:15:rtk_led_groupAbility_set	24	static
led.c:555:15:rtk_led_groupAbility_get	24	static
led.c:599:15:rtk_led_serialMode_set	8	static
led.c:631:15:rtk_led_serialMode_get	16	static
led.c:664:15:rtk_led_OutputEnable_set	8	static
led.c:696:15:rtk_led_OutputEnable_get	8	static
led.c:730:15:rtk_led_serialModePortmask_set	24	static
led.c:770:15:rtk_led_serialModePortmask_get	24	static
