mirror.c:46:15:rtk_mirror_portBased_set	40	static
mirror.c:150:15:rtk_mirror_portBased_get	48	static
mirror.c:221:15:rtk_mirror_portIso_set	8	static
mirror.c:253:15:rtk_mirror_portIso_get	8	static
mirror.c:286:15:rtk_mirror_vlanLeaky_set	16	static
mirror.c:322:15:rtk_mirror_vlanLeaky_get	16	static
mirror.c:358:15:rtk_mirror_isolationLeaky_set	16	static
mirror.c:394:15:rtk_mirror_isolationLeaky_get	16	static
mirror.c:433:15:rtk_mirror_keep_set	8	static
mirror.c:469:15:rtk_mirror_keep_get	8	static
mirror.c:504:15:rtk_mirror_override_set	0	static
mirror.c:537:15:rtk_mirror_override_get	0	static
