port.c:220:22:_rtk_port_FiberModeAbility_set	16	static
port.c:1003:15:rtk_port_phyStatus_get	40	static
port.c:1059:15:rtk_port_macForceLink_set	40	static
port.c:1111:15:rtk_port_macForceLink_get	40	static
port.c:1172:15:rtk_port_macForceLinkExt_set	48	static
port.c:1257:15:rtk_port_macForceLinkExt_get	48	static
port.c:1311:15:rtk_port_macStatus_get	40	static
port.c:1368:15:rtk_port_macLocalLoopbackEnable_set	32	static
port.c:1418:15:rtk_port_macLocalLoopbackEnable_get	16	static
port.c:1457:15:rtk_port_phyReg_set	16	static
port.c:1492:15:rtk_port_phyReg_get	16	static
port.c:1529:15:rtk_port_backpressureEnable_set	16	static
port.c:1567:15:rtk_port_backpressureEnable_get	24	static
port.c:1610:15:rtk_port_adminEnable_set	24	static
port.c:1662:15:rtk_port_adminEnable_get	32	static
port.c:1710:15:rtk_port_isolation_set	24	static
port.c:1753:15:rtk_port_isolation_get	24	static
port.c:1795:15:rtk_port_rgmiiDelayExt_set	32	static
port.c:1846:15:rtk_port_rgmiiDelayExt_get	32	static
port.c:1895:15:rtk_port_phyEnableAll_set	24	static
port.c:1954:15:rtk_port_phyEnableAll_get	8	static
port.c:1989:15:rtk_port_efid_set	16	static
port.c:2026:15:rtk_port_efid_get	16	static
port.c:2063:15:rtk_port_phyComboPortMedia_set	24	static
port.c:2152:15:rtk_port_phyComboPortMedia_get	24	static
port.c:431:15:rtk_port_phyAutoNegoAbility_set	32	static
port.c:732:15:rtk_port_phyForceModeAbility_set	32	static
port.c:897:15:rtk_port_phyForceModeAbility_get	40	static
port.c:623:15:rtk_port_phyAutoNegoAbility_get	0	static
port.c:2210:15:rtk_port_rtctEnable_set	8	static
port.c:2242:15:rtk_port_rtctDisable_set	8	static
port.c:2284:15:rtk_port_rtctResult_get	96	static
port.c:2343:15:rtk_port_sds_reset	8	static
port.c:2376:15:rtk_port_sgmiiLinkStatus_get	24	static
port.c:2417:15:rtk_port_sgmiiNway_set	16	static
port.c:2451:15:rtk_port_sgmiiNway_get	16	static
