ptp.c:41:15:rtk_ptp_init	8	static
ptp.c:66:15:rtk_ptp_mac_set	24	static
ptp.c:95:15:rtk_ptp_mac_get	24	static
ptp.c:125:15:rtk_ptp_tpid_set	16	static
ptp.c:157:15:rtk_ptp_tpid_get	16	static
ptp.c:187:15:rtk_ptp_refTime_set	16	static
ptp.c:221:15:rtk_ptp_refTime_get	8	static
ptp.c:253:15:rtk_ptp_refTimeAdjust_set	24	static
ptp.c:285:15:rtk_ptp_refTimeEnable_set	8	static
ptp.c:319:15:rtk_ptp_refTimeEnable_get	8	static
ptp.c:349:15:rtk_ptp_portEnable_set	16	static
ptp.c:384:15:rtk_ptp_portEnable_get	16	static
ptp.c:422:15:rtk_ptp_portTimestamp_get	32	static
ptp.c:471:15:rtk_ptp_intControl_set	24	static
ptp.c:538:15:rtk_ptp_intControl_get	24	static
ptp.c:584:15:rtk_ptp_intStatus_get	8	static
ptp.c:629:15:rtk_ptp_portIntStatus_set	16	static
ptp.c:671:15:rtk_ptp_portIntStatus_get	16	static
ptp.c:707:15:rtk_ptp_portTrap_set	16	static
ptp.c:742:15:rtk_ptp_portTrap_get	16	static
