qos.c:46:15:rtk_qos_init	216	static
qos.c:181:15:rtk_qos_priSel_set	40	static
qos.c:289:15:rtk_qos_priSel_get	48	static
qos.c:427:15:rtk_qos_1pPriRemap_set	16	static
qos.c:460:15:rtk_qos_1pPriRemap_get	16	static
qos.c:497:15:rtk_qos_dscpPriRemap_set	16	static
qos.c:534:15:rtk_qos_dscpPriRemap_get	16	static
qos.c:569:15:rtk_qos_portPri_set	16	static
qos.c:605:15:rtk_qos_portPri_get	16	static
qos.c:640:15:rtk_qos_queueNum_set	16	static
qos.c:678:15:rtk_qos_queueNum_get	24	static
qos.c:722:15:rtk_qos_priMap_set	16	static
qos.c:763:15:rtk_qos_priMap_get	16	static
qos.c:806:15:rtk_qos_schedulingQueue_set	24	static
qos.c:859:15:rtk_qos_schedulingQueue_get	32	static
qos.c:910:15:rtk_qos_1pRemarkEnable_set	16	static
qos.c:948:15:rtk_qos_1pRemarkEnable_get	16	static
qos.c:982:15:rtk_qos_1pRemark_set	16	static
qos.c:1017:15:rtk_qos_1pRemark_get	16	static
qos.c:1052:15:rtk_qos_1pRemarkSrcSel_set	8	static
qos.c:1087:15:rtk_qos_1pRemarkSrcSel_get	8	static
qos.c:1123:15:rtk_qos_dscpRemarkEnable_set	16	static
qos.c:1162:15:rtk_qos_dscpRemarkEnable_get	16	static
qos.c:1197:15:rtk_qos_dscpRemark_set	16	static
qos.c:1233:15:rtk_qos_dscpRemark_get	16	static
qos.c:1268:15:rtk_qos_dscpRemarkSrcSel_set	8	static
qos.c:1303:15:rtk_qos_dscpRemarkSrcSel_get	8	static
qos.c:1334:15:rtk_qos_dscpRemark2Dscp_set	16	static
qos.c:1366:15:rtk_qos_dscpRemark2Dscp_get	16	static
qos.c:1400:15:rtk_qos_portPriSelIndex_set	16	static
qos.c:1435:15:rtk_qos_portPriSelIndex_get	16	static
