rtk_switch.c:632:22:_rtk_switch_init_8363sc_vb	16	static
rtk_switch.c:712:15:rtk_switch_probe	16	static
rtk_switch.c:798:15:rtk_switch_initialState_set	0	static
rtk_switch.c:821:14:rtk_switch_initialState_get	0	static
rtk_switch.c:841:15:rtk_switch_logicalPortCheck	0	static
rtk_switch.c:870:15:rtk_switch_isUtpPort	0	static
rtk_switch.c:899:15:rtk_switch_isExtPort	0	static
rtk_switch.c:929:15:rtk_switch_isHsgPort	0	static
rtk_switch.c:958:15:rtk_switch_isSgmiiPort	0	static
rtk_switch.c:987:15:rtk_switch_isCPUPort	0	static
rtk_switch.c:1016:15:rtk_switch_isComboPort	0	static
rtk_switch.c:1043:12:rtk_switch_ComboPort_get	0	static
rtk_switch.c:1063:15:rtk_switch_isPtpPort	0	static
rtk_switch.c:1090:12:rtk_switch_port_L2P_get	0	static
rtk_switch.c:1114:12:rtk_switch_port_P2L_get	0	static
rtk_switch.c:1141:15:rtk_switch_isPortMaskValid	0	static
rtk_switch.c:1171:15:rtk_switch_isPortMaskUtp	0	static
rtk_switch.c:1201:15:rtk_switch_isPortMaskExt	0	static
rtk_switch.c:1231:15:rtk_switch_portmask_L2P_get	16	static
rtk_switch.c:1275:15:rtk_switch_portmask_P2L_get	16	static
rtk_switch.c:1316:12:rtk_switch_phyPortMask_get	0	static
rtk_switch.c:1339:15:rtk_switch_logPortMask_get	0	static
rtk_switch.c:1366:15:rtk_switch_init	56	static
rtk_switch.c:1471:15:rtk_switch_portMaxPktLen_set	16	static
rtk_switch.c:1509:15:rtk_switch_portMaxPktLen_get	16	static
rtk_switch.c:1547:15:rtk_switch_maxPktLenCfg_set	0	static
rtk_switch.c:1582:15:rtk_switch_maxPktLenCfg_get	0	static
rtk_switch.c:1620:15:rtk_switch_greenEthernet_set	16	static
rtk_switch.c:1658:15:rtk_switch_greenEthernet_get	24	static
rtk_switch.c:1708:12:rtk_switch_maxLogicalPort_get	0	static
rtk_switch.c:1741:12:rtk_switch_maxMeterId_get	0	static
rtk_switch.c:1763:12:rtk_switch_maxLutAddrNumber_get	0	static
rtk_switch.c:1785:12:rtk_switch_isValidTrunkGrpId	0	static
