rtl8367c_asicdrv_led.c:51:7:rtl8367c_setAsicLedIndicateInfoConfig	24	static
rtl8367c_asicdrv_led.c:84:7:rtl8367c_getAsicLedIndicateInfoConfig	24	static
rtl8367c_asicdrv_led.c:109:7:rtl8367c_setAsicLedGroupMode	8	static
rtl8367c_asicdrv_led.c:137:7:rtl8367c_getAsicLedGroupMode	16	static
rtl8367c_asicdrv_led.c:169:7:rtl8367c_setAsicForceLed	4	static
rtl8367c_asicdrv_led.c:214:7:rtl8367c_getAsicForceLed	4	static
rtl8367c_asicdrv_led.c:255:7:rtl8367c_setAsicForceGroupLed	24	static
rtl8367c_asicdrv_led.c:302:7:rtl8367c_getAsicForceGroupLed	32	static
rtl8367c_asicdrv_led.c:337:7:rtl8367c_setAsicLedBlinkRate	0	static
rtl8367c_asicdrv_led.c:358:7:rtl8367c_getAsicLedBlinkRate	0	static
rtl8367c_asicdrv_led.c:377:7:rtl8367c_setAsicLedForceBlinkRate	0	static
rtl8367c_asicdrv_led.c:398:7:rtl8367c_getAsicLedForceBlinkRate	0	static
rtl8367c_asicdrv_led.c:414:7:rtl8367c_setAsicLedGroupEnable	16	static
rtl8367c_asicdrv_led.c:450:7:rtl8367c_getAsicLedGroupEnable	24	static
rtl8367c_asicdrv_led.c:486:7:rtl8367c_setAsicLedOperationMode	8	static
rtl8367c_asicdrv_led.c:534:7:rtl8367c_getAsicLedOperationMode	16	static
rtl8367c_asicdrv_led.c:561:7:rtl8367c_setAsicLedSerialModeConfig	8	static
rtl8367c_asicdrv_led.c:593:7:rtl8367c_getAsicLedSerialModeConfig	8	static
rtl8367c_asicdrv_led.c:617:7:rtl8367c_setAsicLedOutputEnable	0	static
rtl8367c_asicdrv_led.c:643:7:rtl8367c_getAsicLedOutputEnable	16	static
rtl8367c_asicdrv_led.c:676:7:rtl8367c_setAsicLedSerialOutput	8	static
rtl8367c_asicdrv_led.c:707:7:rtl8367c_getAsicLedSerialOutput	8	static
