rtl8367c_asicdrv_dot1x.c:34:7:rtl8367c_setAsic1xPBEnConfig	0	static
rtl8367c_asicdrv_dot1x.c:57:7:rtl8367c_getAsic1xPBEnConfig	0	static
rtl8367c_asicdrv_dot1x.c:80:7:rtl8367c_setAsic1xPBAuthConfig	0	static
rtl8367c_asicdrv_dot1x.c:103:7:rtl8367c_getAsic1xPBAuthConfig	0	static
rtl8367c_asicdrv_dot1x.c:126:7:rtl8367c_setAsic1xPBOpdirConfig	0	static
rtl8367c_asicdrv_dot1x.c:149:7:rtl8367c_getAsic1xPBOpdirConfig	0	static
rtl8367c_asicdrv_dot1x.c:172:7:rtl8367c_setAsic1xMBEnConfig	0	static
rtl8367c_asicdrv_dot1x.c:195:7:rtl8367c_getAsic1xMBEnConfig	0	static
rtl8367c_asicdrv_dot1x.c:216:7:rtl8367c_setAsic1xMBOpdirConfig	0	static
rtl8367c_asicdrv_dot1x.c:234:7:rtl8367c_getAsic1xMBOpdirConfig	0	static
rtl8367c_asicdrv_dot1x.c:255:7:rtl8367c_setAsic1xProcConfig	0	static
rtl8367c_asicdrv_dot1x.c:289:7:rtl8367c_getAsic1xProcConfig	0	static
rtl8367c_asicdrv_dot1x.c:314:7:rtl8367c_setAsic1xGuestVidx	0	static
rtl8367c_asicdrv_dot1x.c:335:7:rtl8367c_getAsic1xGuestVidx	0	static
rtl8367c_asicdrv_dot1x.c:353:7:rtl8367c_setAsic1xGVOpdir	0	static
rtl8367c_asicdrv_dot1x.c:371:7:rtl8367c_getAsic1xGVOpdir	0	static
rtl8367c_asicdrv_dot1x.c:390:7:rtl8367c_setAsic1xTrapPriority	0	static
rtl8367c_asicdrv_dot1x.c:411:7:rtl8367c_getAsic1xTrapPriority	0	static
