rtl8367c_asicdrv_svlan.c:108:7:rtl8367c_setAsicSvlanUplinkPortMask	0	static
rtl8367c_asicdrv_svlan.c:126:7:rtl8367c_getAsicSvlanUplinkPortMask	0	static
rtl8367c_asicdrv_svlan.c:145:7:rtl8367c_setAsicSvlanTpid	0	static
rtl8367c_asicdrv_svlan.c:163:7:rtl8367c_getAsicSvlanTpid	0	static
rtl8367c_asicdrv_svlan.c:182:7:rtl8367c_setAsicSvlanPrioritySel	0	static
rtl8367c_asicdrv_svlan.c:203:7:rtl8367c_getAsicSvlanPrioritySel	0	static
rtl8367c_asicdrv_svlan.c:222:7:rtl8367c_setAsicSvlanTrapPriority	0	static
rtl8367c_asicdrv_svlan.c:243:7:rtl8367c_getAsicSvlanTrapPriority	0	static
rtl8367c_asicdrv_svlan.c:264:7:rtl8367c_setAsicSvlanDefaultVlan	0	static
rtl8367c_asicdrv_svlan.c:313:7:rtl8367c_getAsicSvlanDefaultVlan	0	static
rtl8367c_asicdrv_svlan.c:358:7:rtl8367c_setAsicSvlanIngressUntag	0	static
rtl8367c_asicdrv_svlan.c:376:7:rtl8367c_getAsicSvlanIngressUntag	0	static
rtl8367c_asicdrv_svlan.c:394:7:rtl8367c_setAsicSvlanIngressUnmatch	0	static
rtl8367c_asicdrv_svlan.c:412:7:rtl8367c_getAsicSvlanIngressUnmatch	0	static
rtl8367c_asicdrv_svlan.c:431:7:rtl8367c_setAsicSvlanEgressUnassign	0	static
rtl8367c_asicdrv_svlan.c:449:7:rtl8367c_getAsicSvlanEgressUnassign	0	static
rtl8367c_asicdrv_svlan.c:471:7:rtl8367c_setAsicSvlanMemberConfiguration	32	static
rtl8367c_asicdrv_svlan.c:526:7:rtl8367c_getAsicSvlanMemberConfiguration	40	static
rtl8367c_asicdrv_svlan.c:585:7:rtl8367c_setAsicSvlanC2SConf	16	static
rtl8367c_asicdrv_svlan.c:624:7:rtl8367c_getAsicSvlanC2SConf	16	static
rtl8367c_asicdrv_svlan.c:663:7:rtl8367c_setAsicSvlanMC2SConf	32	static
rtl8367c_asicdrv_svlan.c:708:7:rtl8367c_getAsicSvlanMC2SConf	40	static
rtl8367c_asicdrv_svlan.c:755:7:rtl8367c_setAsicSvlanSP2CConf	24	static
rtl8367c_asicdrv_svlan.c:800:7:rtl8367c_getAsicSvlanSP2CConf	24	static
rtl8367c_asicdrv_svlan.c:846:7:rtl8367c_setAsicSvlanDmacCvidSel	0	static
rtl8367c_asicdrv_svlan.c:872:7:rtl8367c_getAsicSvlanDmacCvidSel	0	static
rtl8367c_asicdrv_svlan.c:897:7:rtl8367c_setAsicSvlanUntagVlan	0	static
rtl8367c_asicdrv_svlan.c:918:7:rtl8367c_getAsicSvlanUntagVlan	0	static
rtl8367c_asicdrv_svlan.c:938:7:rtl8367c_setAsicSvlanUnmatchVlan	0	static
rtl8367c_asicdrv_svlan.c:959:7:rtl8367c_getAsicSvlanUnmatchVlan	0	static
rtl8367c_asicdrv_svlan.c:979:7:rtl8367c_setAsicSvlanLookupType	0	static
rtl8367c_asicdrv_svlan.c:998:7:rtl8367c_getAsicSvlanLookupType	0	static
