rtl8367c_asicdrv_eav.c:33:7:rtl8367c_setAsicEavMacAddress	24	static
rtl8367c_asicdrv_eav.c:74:7:rtl8367c_getAsicEavMacAddress	24	static
rtl8367c_asicdrv_eav.c:113:7:rtl8367c_setAsicEavTpid	8	static
rtl8367c_asicdrv_eav.c:139:7:rtl8367c_getAsicEavTpid	8	static
rtl8367c_asicdrv_eav.c:166:7:rtl8367c_setAsicEavSysTime	24	static
rtl8367c_asicdrv_eav.c:223:7:rtl8367c_getAsicEavSysTime	40	static
rtl8367c_asicdrv_eav.c:279:7:rtl8367c_setAsicEavSysTimeAdjust	24	static
rtl8367c_asicdrv_eav.c:340:7:rtl8367c_setAsicEavSysTimeCtrl	0	static
rtl8367c_asicdrv_eav.c:374:7:rtl8367c_getAsicEavSysTimeCtrl	16	static
rtl8367c_asicdrv_eav.c:416:7:rtl8367c_setAsicEavInterruptMask	0	static
rtl8367c_asicdrv_eav.c:444:7:rtl8367c_getAsicEavInterruptMask	0	static
rtl8367c_asicdrv_eav.c:467:7:rtl8367c_getAsicEavInterruptStatus	0	static
rtl8367c_asicdrv_eav.c:494:7:rtl8367c_setAsicEavPortInterruptStatus	0	static
rtl8367c_asicdrv_eav.c:536:7:rtl8367c_getAsicEavPortInterruptStatus	0	static
rtl8367c_asicdrv_eav.c:575:7:rtl8367c_setAsicEavPortEnable	0	static
rtl8367c_asicdrv_eav.c:612:7:rtl8367c_getAsicEavPortEnable	0	static
rtl8367c_asicdrv_eav.c:651:7:rtl8367c_getAsicEavPortTimeStamp	32	static
rtl8367c_asicdrv_eav.c:754:7:rtl8367c_setAsicEavTrap	0	static
rtl8367c_asicdrv_eav.c:777:7:rtl8367c_getAsicEavTrap	0	static
rtl8367c_asicdrv_eav.c:801:7:rtl8367c_setAsicEavEnable	0	static
rtl8367c_asicdrv_eav.c:824:7:rtl8367c_getAsicEavEnable	0	static
rtl8367c_asicdrv_eav.c:847:7:rtl8367c_setAsicEavPriRemapping	0	static
rtl8367c_asicdrv_eav.c:870:7:rtl8367c_getAsicEavPriRemapping	0	static
