rtl8367c_asicdrv_rldp.c:33:7:rtl8367c_setAsicRldp	0	static
rtl8367c_asicdrv_rldp.c:51:7:rtl8367c_getAsicRldp	0	static
rtl8367c_asicdrv_rldp.c:69:7:rtl8367c_setAsicRldpEnable8051	0	static
rtl8367c_asicdrv_rldp.c:87:7:rtl8367c_getAsicRldpEnable8051	0	static
rtl8367c_asicdrv_rldp.c:105:7:rtl8367c_setAsicRldpCompareRandomNumber	0	static
rtl8367c_asicdrv_rldp.c:123:7:rtl8367c_getAsicRldpCompareRandomNumber	0	static
rtl8367c_asicdrv_rldp.c:141:7:rtl8367c_setAsicRldpIndicatorSource	0	static
rtl8367c_asicdrv_rldp.c:159:7:rtl8367c_getAsicRldpIndicatorSource	0	static
rtl8367c_asicdrv_rldp.c:179:7:rtl8367c_setAsicRldpCheckingStatePara	8	static
rtl8367c_asicdrv_rldp.c:210:7:rtl8367c_getAsicRldpCheckingStatePara	8	static
rtl8367c_asicdrv_rldp.c:236:7:rtl8367c_setAsicRldpLoopStatePara	8	static
rtl8367c_asicdrv_rldp.c:268:7:rtl8367c_getAsicRldpLoopStatePara	8	static
rtl8367c_asicdrv_rldp.c:293:7:rtl8367c_setAsicRldpTxPortmask	0	static
rtl8367c_asicdrv_rldp.c:314:7:rtl8367c_getAsicRldpTxPortmask	0	static
rtl8367c_asicdrv_rldp.c:332:7:rtl8367c_setAsicRldpMagicNum	24	static
rtl8367c_asicdrv_rldp.c:367:7:rtl8367c_getAsicRldpMagicNum	24	static
rtl8367c_asicdrv_rldp.c:403:7:rtl8367c_getAsicRldpLoopedPortmask	0	static
rtl8367c_asicdrv_rldp.c:421:7:rtl8367c_getAsicRldpRandomNumber	40	static
rtl8367c_asicdrv_rldp.c:456:7:rtl8367c_getAsicRldpLoopedPortPair	0	static
rtl8367c_asicdrv_rldp.c:480:7:rtl8367c_setAsicRlppTrap8051	0	static
rtl8367c_asicdrv_rldp.c:498:7:rtl8367c_getAsicRlppTrap8051	0	static
rtl8367c_asicdrv_rldp.c:516:7:rtl8367c_setAsicRldpLeaveLoopedPortmask	0	static
rtl8367c_asicdrv_rldp.c:534:7:rtl8367c_getAsicRldpLeaveLoopedPortmask	0	static
rtl8367c_asicdrv_rldp.c:552:7:rtl8367c_setAsicRldpEnterLoopedPortmask	0	static
rtl8367c_asicdrv_rldp.c:570:7:rtl8367c_getAsicRldpEnterLoopedPortmask	0	static
rtl8367c_asicdrv_rldp.c:589:7:rtl8367c_setAsicRldpTriggerMode	0	static
rtl8367c_asicdrv_rldp.c:607:7:rtl8367c_getAsicRldpTriggerMode	0	static
rtl8367c_asicdrv_rldp.c:627:7:rtl8367c_setAsicRldp8051Portmask	8	static
rtl8367c_asicdrv_rldp.c:657:7:rtl8367c_getAsicRldp8051Portmask	16	static
