rtl8367c_asicdrv_mib.c:35:7:rtl8367c_setAsicMIBsCounterReset	0	static
rtl8367c_asicdrv_mib.c:78:7:rtl8367c_getAsicMIBsCounter	160	static
rtl8367c_asicdrv_mib.c:200:7:rtl8367c_getAsicMIBsLogCounter	40	static
rtl8367c_asicdrv_mib.c:265:7:rtl8367c_getAsicMIBsControl	16	static
rtl8367c_asicdrv_mib.c:292:7:rtl8367c_setAsicMIBsResetValue	0	static
rtl8367c_asicdrv_mib.c:310:7:rtl8367c_getAsicMIBsResetValue	0	static
rtl8367c_asicdrv_mib.c:329:7:rtl8367c_setAsicMIBsUsageMode	0	static
rtl8367c_asicdrv_mib.c:347:7:rtl8367c_getAsicMIBsUsageMode	0	static
rtl8367c_asicdrv_mib.c:366:7:rtl8367c_setAsicMIBsTimer	0	static
rtl8367c_asicdrv_mib.c:384:7:rtl8367c_getAsicMIBsTimer	0	static
rtl8367c_asicdrv_mib.c:404:7:rtl8367c_setAsicMIBsLoggingMode	0	static
rtl8367c_asicdrv_mib.c:427:7:rtl8367c_getAsicMIBsLoggingMode	0	static
rtl8367c_asicdrv_mib.c:451:7:rtl8367c_setAsicMIBsLoggingType	0	static
rtl8367c_asicdrv_mib.c:475:7:rtl8367c_getAsicMIBsLoggingType	0	static
rtl8367c_asicdrv_mib.c:498:7:rtl8367c_setAsicMIBsResetLoggingCounter	0	static
rtl8367c_asicdrv_mib.c:529:7:rtl8367c_setAsicMIBsLength	8	static
rtl8367c_asicdrv_mib.c:558:7:rtl8367c_getAsicMIBsLength	8	static
