rtl8367c_asicdrv_port.c:964:7:rtl8367c_setAsicPortUnknownDaBehavior	0	static
rtl8367c_asicdrv_port.c:991:7:rtl8367c_getAsicPortUnknownDaBehavior	0	static
rtl8367c_asicdrv_port.c:1016:7:rtl8367c_setAsicPortUnknownSaBehavior	0	static
rtl8367c_asicdrv_port.c:1037:7:rtl8367c_getAsicPortUnknownSaBehavior	0	static
rtl8367c_asicdrv_port.c:1056:7:rtl8367c_setAsicPortUnmatchedSaBehavior	0	static
rtl8367c_asicdrv_port.c:1077:7:rtl8367c_getAsicPortUnmatchedSaBehavior	0	static
rtl8367c_asicdrv_port.c:1098:7:rtl8367c_setAsicPortUnmatchedSaMoving	0	static
rtl8367c_asicdrv_port.c:1121:7:rtl8367c_getAsicPortUnmatchedSaMoving	16	static
rtl8367c_asicdrv_port.c:1151:7:rtl8367c_setAsicPortUnknownDaFloodingPortmask	0	static
rtl8367c_asicdrv_port.c:1172:7:rtl8367c_getAsicPortUnknownDaFloodingPortmask	0	static
rtl8367c_asicdrv_port.c:1191:7:rtl8367c_setAsicPortUnknownMulticastFloodingPortmask	0	static
rtl8367c_asicdrv_port.c:1212:7:rtl8367c_getAsicPortUnknownMulticastFloodingPortmask	0	static
rtl8367c_asicdrv_port.c:1231:7:rtl8367c_setAsicPortBcastFloodingPortmask	0	static
rtl8367c_asicdrv_port.c:1252:7:rtl8367c_getAsicPortBcastFloodingPortmask	0	static
rtl8367c_asicdrv_port.c:1272:7:rtl8367c_setAsicPortBlockSpa	0	static
rtl8367c_asicdrv_port.c:1295:7:rtl8367c_getAsicPortBlockSpa	0	static
rtl8367c_asicdrv_port.c:1318:7:rtl8367c_setAsicPortDos	0	static
rtl8367c_asicdrv_port.c:1341:7:rtl8367c_getAsicPortDos	0	static
rtl8367c_asicdrv_port.c:1364:7:rtl8367c_setAsicPortForceLink	0	static
rtl8367c_asicdrv_port.c:1400:7:rtl8367c_getAsicPortForceLink	16	static
rtl8367c_asicdrv_port.c:1441:7:rtl8367c_getAsicPortStatus	16	static
rtl8367c_asicdrv_port.c:1483:7:rtl8367c_setAsicPortForceLinkExt	48	static
rtl8367c_asicdrv_port.c:2460:7:rtl8367c_getAsicPortForceLinkExt	32	static
rtl8367c_asicdrv_port.c:2635:7:rtl8367c_setAsicPortExtMode	608	static
rtl8367c_asicdrv_port.c:4276:7:rtl8367c_getAsicPortExtMode	24	static
rtl8367c_asicdrv_port.c:4552:7:rtl8367c_setAsicPortEnableAll	0	static
rtl8367c_asicdrv_port.c:4574:7:rtl8367c_getAsicPortEnableAll	16	static
rtl8367c_asicdrv_port.c:4606:7:rtl8367c_setAsicPortSmallIpg	0	static
rtl8367c_asicdrv_port.c:4630:7:rtl8367c_getAsicPortSmallIpg	0	static
rtl8367c_asicdrv_port.c:4654:7:rtl8367c_setAsicPortLoopback	0	static
rtl8367c_asicdrv_port.c:4677:7:rtl8367c_getAsicPortLoopback	0	static
rtl8367c_asicdrv_port.c:4700:7:rtl8367c_setAsicPortRTCTEnable	24	static
rtl8367c_asicdrv_port.c:4754:7:rtl8367c_setAsicPortRTCTDisable	24	static
rtl8367c_asicdrv_port.c:4812:7:rtl8367c_getAsicPortRTCTResult	24	static
rtl8367c_asicdrv_port.c:5130:7:rtl8367c_sdsReset	32	static
rtl8367c_asicdrv_port.c:5338:7:rtl8367c_getSdsLinkStatus	32	static
rtl8367c_asicdrv_port.c:5470:7:rtl8367c_setSgmiiNway	24	static
rtl8367c_asicdrv_port.c:5637:7:rtl8367c_getSgmiiNway	24	static
