rtl8367c_asicdrv_vlan.c:101:7:rtl8367c_setAsicVlanMemberConfig	24	static
rtl8367c_asicdrv_vlan.c:165:7:rtl8367c_getAsicVlanMemberConfig	40	static
rtl8367c_asicdrv_vlan.c:215:7:rtl8367c_setAsicVlan4kEntry	32	static
rtl8367c_asicdrv_vlan.c:289:7:rtl8367c_getAsicVlan4kEntry	40	static
rtl8367c_asicdrv_vlan.c:381:7:rtl8367c_setAsicVlanAccpetFrameType	0	static
rtl8367c_asicdrv_vlan.c:408:7:rtl8367c_getAsicVlanAccpetFrameType	16	static
rtl8367c_asicdrv_vlan.c:438:7:rtl8367c_setAsicVlanIngressFilter	0	static
rtl8367c_asicdrv_vlan.c:461:7:rtl8367c_getAsicVlanIngressFilter	0	static
rtl8367c_asicdrv_vlan.c:485:7:rtl8367c_setAsicVlanEgressTagMode	0	static
rtl8367c_asicdrv_vlan.c:511:7:rtl8367c_getAsicVlanEgressTagMode	16	static
rtl8367c_asicdrv_vlan.c:544:7:rtl8367c_setAsicVlanPortBasedVID	16	static
rtl8367c_asicdrv_vlan.c:589:7:rtl8367c_getAsicVlanPortBasedVID	16	static
rtl8367c_asicdrv_vlan.c:628:7:rtl8367c_setAsicVlanProtocolBasedGroupData	16	static
rtl8367c_asicdrv_vlan.c:673:7:rtl8367c_getAsicVlanProtocolBasedGroupData	24	static
rtl8367c_asicdrv_vlan.c:719:7:rtl8367c_setAsicVlanPortAndProtocolBased	24	static
rtl8367c_asicdrv_vlan.c:804:7:rtl8367c_getAsicVlanPortAndProtocolBased	32	static
rtl8367c_asicdrv_vlan.c:881:7:rtl8367c_setAsicVlanFilter	0	static
rtl8367c_asicdrv_vlan.c:899:7:rtl8367c_getAsicVlanFilter	0	static
rtl8367c_asicdrv_vlan.c:917:7:rtl8367c_setAsicVlanUntagDscpPriorityEn	0	static
rtl8367c_asicdrv_vlan.c:935:7:rtl8367c_getAsicVlanUntagDscpPriorityEn	0	static
rtl8367c_asicdrv_vlan.c:956:7:rtl8367c_setAsicPortBasedFid	0	static
rtl8367c_asicdrv_vlan.c:990:7:rtl8367c_getAsicPortBasedFid	0	static
rtl8367c_asicdrv_vlan.c:1020:7:rtl8367c_setAsicPortBasedFidEn	0	static
rtl8367c_asicdrv_vlan.c:1043:7:rtl8367c_getAsicPortBasedFidEn	0	static
rtl8367c_asicdrv_vlan.c:1069:7:rtl8367c_setAsicSpanningTreeStatus	4	static
rtl8367c_asicdrv_vlan.c:1112:7:rtl8367c_getAsicSpanningTreeStatus	4	static
rtl8367c_asicdrv_vlan.c:1153:7:rtl8367c_setAsicVlanTransparent	0	static
rtl8367c_asicdrv_vlan.c:1180:7:rtl8367c_getAsicVlanTransparent	0	static
rtl8367c_asicdrv_vlan.c:1205:7:rtl8367c_setAsicVlanEgressKeep	16	static
rtl8367c_asicdrv_vlan.c:1289:7:rtl8367c_getAsicVlanEgressKeep	24	static
rtl8367c_asicdrv_vlan.c:1377:7:rtl8367c_setReservedVidAction	8	static
rtl8367c_asicdrv_vlan.c:1412:7:rtl8367c_getReservedVidAction	8	static
rtl8367c_asicdrv_vlan.c:1447:7:rtl8367c_setRealKeepRemarkEn	0	static
rtl8367c_asicdrv_vlan.c:1472:7:rtl8367c_getRealKeepRemarkEn	0	static
rtl8367c_asicdrv_vlan.c:1496:7:rtl8367c_resetVlan	0	static
