rtl8367c_asicdrv_lut.c:22:13:_rtl8367c_fdbStUser2Smi	16	static
rtl8367c_asicdrv_lut.c:221:7:rtl8367c_setAsicLutIpMulticastLookup	0	static
rtl8367c_asicdrv_lut.c:239:7:rtl8367c_getAsicLutIpMulticastLookup	0	static
rtl8367c_asicdrv_lut.c:258:7:rtl8367c_setAsicLutIpMulticastVidLookup	0	static
rtl8367c_asicdrv_lut.c:277:7:rtl8367c_getAsicLutIpMulticastVidLookup	0	static
rtl8367c_asicdrv_lut.c:297:7:rtl8367c_setAsicLutIpLookupMethod	0	static
rtl8367c_asicdrv_lut.c:316:7:rtl8367c_getAsicLutIpLookupMethod	0	static
rtl8367c_asicdrv_lut.c:336:7:rtl8367c_setAsicLutAgeTimerSpeed	0	static
rtl8367c_asicdrv_lut.c:362:7:rtl8367c_getAsicLutAgeTimerSpeed	24	static
rtl8367c_asicdrv_lut.c:392:7:rtl8367c_setAsicLutCamTbUsage	0	static
rtl8367c_asicdrv_lut.c:414:7:rtl8367c_getAsicLutCamTbUsage	16	static
rtl8367c_asicdrv_lut.c:443:7:rtl8367c_setAsicLutLearnLimitNo	0	static
rtl8367c_asicdrv_lut.c:474:7:rtl8367c_getAsicLutLearnLimitNo	0	static
rtl8367c_asicdrv_lut.c:502:7:rtl8367c_setAsicSystemLutLearnLimitNo	0	static
rtl8367c_asicdrv_lut.c:526:7:rtl8367c_getAsicSystemLutLearnLimitNo	0	static
rtl8367c_asicdrv_lut.c:549:7:rtl8367c_setAsicLutLearnOverAct	0	static
rtl8367c_asicdrv_lut.c:570:7:rtl8367c_getAsicLutLearnOverAct	0	static
rtl8367c_asicdrv_lut.c:590:7:rtl8367c_setAsicSystemLutLearnOverAct	0	static
rtl8367c_asicdrv_lut.c:612:7:rtl8367c_getAsicSystemLutLearnOverAct	0	static
rtl8367c_asicdrv_lut.c:636:7:rtl8367c_setAsicSystemLutLearnPortMask	8	static
rtl8367c_asicdrv_lut.c:670:7:rtl8367c_getAsicSystemLutLearnPortMask	16	static
rtl8367c_asicdrv_lut.c:704:7:rtl8367c_setAsicL2LookupTb	40	static
rtl8367c_asicdrv_lut.c:818:7:rtl8367c_getAsicL2LookupTb	48	static
rtl8367c_asicdrv_lut.c:970:7:rtl8367c_getAsicLutLearnNo	0	static
rtl8367c_asicdrv_lut.c:1007:7:rtl8367c_setAsicLutFlushAll	0	static
rtl8367c_asicdrv_lut.c:1027:7:rtl8367c_getAsicLutFlushAllStatus	0	static
rtl8367c_asicdrv_lut.c:1051:7:rtl8367c_setAsicLutForceFlush	8	static
rtl8367c_asicdrv_lut.c:1083:7:rtl8367c_getAsicLutForceFlushStatus	16	static
rtl8367c_asicdrv_lut.c:1115:7:rtl8367c_setAsicLutFlushMode	0	static
rtl8367c_asicdrv_lut.c:1136:7:rtl8367c_getAsicLutFlushMode	0	static
rtl8367c_asicdrv_lut.c:1154:7:rtl8367c_setAsicLutFlushType	0	static
rtl8367c_asicdrv_lut.c:1172:7:rtl8367c_getAsicLutFlushType	0	static
rtl8367c_asicdrv_lut.c:1193:7:rtl8367c_setAsicLutFlushVid	0	static
rtl8367c_asicdrv_lut.c:1214:7:rtl8367c_getAsicLutFlushVid	0	static
rtl8367c_asicdrv_lut.c:1233:7:rtl8367c_setAsicLutFlushFid	0	static
rtl8367c_asicdrv_lut.c:1254:7:rtl8367c_getAsicLutFlushFid	0	static
rtl8367c_asicdrv_lut.c:1275:7:rtl8367c_setAsicLutDisableAging	0	static
rtl8367c_asicdrv_lut.c:1299:7:rtl8367c_getAsicLutDisableAging	0	static
rtl8367c_asicdrv_lut.c:1326:7:rtl8367c_setAsicLutIPMCGroup	32	static
rtl8367c_asicdrv_lut.c:1397:7:rtl8367c_getAsicLutIPMCGroup	32	static
rtl8367c_asicdrv_lut.c:1469:7:rtl8367c_setAsicLutLinkDownForceAging	0	static
rtl8367c_asicdrv_lut.c:1492:7:rtl8367c_getAsicLutLinkDownForceAging	16	static
rtl8367c_asicdrv_lut.c:1519:7:rtl8367c_setAsicLutIpmcFwdRouterPort	0	static
rtl8367c_asicdrv_lut.c:1542:7:rtl8367c_getAsicLutIpmcFwdRouterPort	0	static
