rtl8367c_asicdrv_cputag.c:34:7:rtl8367c_setAsicCputagEnable	0	static
rtl8367c_asicdrv_cputag.c:55:7:rtl8367c_getAsicCputagEnable	0	static
rtl8367c_asicdrv_cputag.c:74:7:rtl8367c_setAsicCputagTrapPort	8	static
rtl8367c_asicdrv_cputag.c:105:7:rtl8367c_getAsicCputagTrapPort	16	static
rtl8367c_asicdrv_cputag.c:137:7:rtl8367c_setAsicCputagPortmask	0	static
rtl8367c_asicdrv_cputag.c:158:7:rtl8367c_getAsicCputagPortmask	0	static
rtl8367c_asicdrv_cputag.c:177:7:rtl8367c_setAsicCputagInsertMode	0	static
rtl8367c_asicdrv_cputag.c:198:7:rtl8367c_getAsicCputagInsertMode	0	static
rtl8367c_asicdrv_cputag.c:218:7:rtl8367c_setAsicCputagPriorityRemapping	0	static
rtl8367c_asicdrv_cputag.c:241:7:rtl8367c_getAsicCputagPriorityRemapping	0	static
rtl8367c_asicdrv_cputag.c:262:7:rtl8367c_setAsicCputagPosition	0	static
rtl8367c_asicdrv_cputag.c:280:7:rtl8367c_getAsicCputagPosition	0	static
rtl8367c_asicdrv_cputag.c:301:7:rtl8367c_setAsicCputagMode	0	static
rtl8367c_asicdrv_cputag.c:322:7:rtl8367c_getAsicCputagMode	0	static
rtl8367c_asicdrv_cputag.c:342:7:rtl8367c_setAsicCputagRxMinLength	0	static
rtl8367c_asicdrv_cputag.c:363:7:rtl8367c_getAsicCputagRxMinLength	0	static
