rtl8367c_asicdrv_mirror.c:34:7:rtl8367c_setAsicPortMirror	8	static
rtl8367c_asicdrv_mirror.c:63:7:rtl8367c_getAsicPortMirror	8	static
rtl8367c_asicdrv_mirror.c:87:7:rtl8367c_setAsicPortMirrorRxFunction	0	static
rtl8367c_asicdrv_mirror.c:105:7:rtl8367c_getAsicPortMirrorRxFunction	0	static
rtl8367c_asicdrv_mirror.c:123:7:rtl8367c_setAsicPortMirrorTxFunction	0	static
rtl8367c_asicdrv_mirror.c:141:7:rtl8367c_getAsicPortMirrorTxFunction	0	static
rtl8367c_asicdrv_mirror.c:159:7:rtl8367c_setAsicPortMirrorIsolation	0	static
rtl8367c_asicdrv_mirror.c:177:7:rtl8367c_getAsicPortMirrorIsolation	0	static
rtl8367c_asicdrv_mirror.c:197:7:rtl8367c_setAsicPortMirrorMask	0	static
rtl8367c_asicdrv_mirror.c:220:7:rtl8367c_getAsicPortMirrorMask	0	static
rtl8367c_asicdrv_mirror.c:239:7:rtl8367c_setAsicPortMirrorVlanRxLeaky	0	static
rtl8367c_asicdrv_mirror.c:257:7:rtl8367c_getAsicPortMirrorVlanRxLeaky	0	static
rtl8367c_asicdrv_mirror.c:276:7:rtl8367c_setAsicPortMirrorVlanTxLeaky	0	static
rtl8367c_asicdrv_mirror.c:294:7:rtl8367c_getAsicPortMirrorVlanTxLeaky	0	static
rtl8367c_asicdrv_mirror.c:313:7:rtl8367c_setAsicPortMirrorIsolationRxLeaky	0	static
rtl8367c_asicdrv_mirror.c:331:7:rtl8367c_getAsicPortMirrorIsolationRxLeaky	0	static
rtl8367c_asicdrv_mirror.c:350:7:rtl8367c_setAsicPortMirrorIsolationTxLeaky	0	static
rtl8367c_asicdrv_mirror.c:368:7:rtl8367c_getAsicPortMirrorIsolationTxLeaky	0	static
rtl8367c_asicdrv_mirror.c:387:7:rtl8367c_setAsicPortMirrorRealKeep	0	static
rtl8367c_asicdrv_mirror.c:405:7:rtl8367c_getAsicPortMirrorRealKeep	0	static
rtl8367c_asicdrv_mirror.c:426:7:rtl8367c_setAsicPortMirrorOverride	16	static
rtl8367c_asicdrv_mirror.c:458:7:rtl8367c_getAsicPortMirrorOverride	16	static
