rtl8367c_asicdrv_acl.c:189:7:rtl8367c_setAsicAcl	0	static
rtl8367c_asicdrv_acl.c:212:7:rtl8367c_getAsicAcl	0	static
rtl8367c_asicdrv_acl.c:235:7:rtl8367c_setAsicAclUnmatchedPermit	0	static
rtl8367c_asicdrv_acl.c:258:7:rtl8367c_getAsicAclUnmatchedPermit	0	static
rtl8367c_asicdrv_acl.c:289:7:rtl8367c_setAsicAclRule	72	static
rtl8367c_asicdrv_acl.c:426:7:rtl8367c_getAsicAclRule	80	static
rtl8367c_asicdrv_acl.c:547:7:rtl8367c_setAsicAclNot	0	static
rtl8367c_asicdrv_acl.c:574:7:rtl8367c_getAsicAclNot	0	static
rtl8367c_asicdrv_acl.c:603:7:rtl8367c_setAsicAclTemplate	16	static
rtl8367c_asicdrv_acl.c:643:7:rtl8367c_getAsicAclTemplate	24	static
rtl8367c_asicdrv_acl.c:682:7:rtl8367c_setAsicAclAct	32	static
rtl8367c_asicdrv_acl.c:747:7:rtl8367c_getAsicAclAct	40	static
rtl8367c_asicdrv_acl.c:813:7:rtl8367c_setAsicAclActCtrl	0	static
rtl8367c_asicdrv_acl.c:843:7:rtl8367c_getAsicAclActCtrl	16	static
rtl8367c_asicdrv_acl.c:881:7:rtl8367c_setAsicAclPortRange	16	static
rtl8367c_asicdrv_acl.c:920:7:rtl8367c_getAsicAclPortRange	16	static
rtl8367c_asicdrv_acl.c:959:7:rtl8367c_setAsicAclVidRange	16	static
rtl8367c_asicdrv_acl.c:998:7:rtl8367c_getAsicAclVidRange	32	static
rtl8367c_asicdrv_acl.c:1037:7:rtl8367c_setAsicAclIpRange	16	static
rtl8367c_asicdrv_acl.c:1094:7:rtl8367c_getAsicAclIpRange	32	static
rtl8367c_asicdrv_acl.c:1151:7:rtl8367c_setAsicAclGpioPolarity	0	static
rtl8367c_asicdrv_acl.c:1169:7:rtl8367c_getAsicAclGpioPolarity	0	static
