rtl8367c_asicdrv_qos.c:35:7:rtl8367c_setAsicPriorityDot1qRemapping	0	static
rtl8367c_asicdrv_qos.c:57:7:rtl8367c_getAsicPriorityDot1qRemapping	0	static
rtl8367c_asicdrv_qos.c:81:7:rtl8367c_setAsicPriorityPortBased	0	static
rtl8367c_asicdrv_qos.c:122:7:rtl8367c_getAsicPriorityPortBased	0	static
rtl8367c_asicdrv_qos.c:161:7:rtl8367c_setAsicPriorityDscpBased	0	static
rtl8367c_asicdrv_qos.c:187:7:rtl8367c_getAsicPriorityDscpBased	0	static
rtl8367c_asicdrv_qos.c:211:7:rtl8367c_setAsicPriorityDecision	0	static
rtl8367c_asicdrv_qos.c:259:7:rtl8367c_getAsicPriorityDecision	0	static
rtl8367c_asicdrv_qos.c:304:7:rtl8367c_setAsicPortPriorityDecisionIndex	0	static
rtl8367c_asicdrv_qos.c:330:7:rtl8367c_getAsicPortPriorityDecisionIndex	0	static
rtl8367c_asicdrv_qos.c:355:7:rtl8367c_setAsicOutputQueueMappingIndex	0	static
rtl8367c_asicdrv_qos.c:381:7:rtl8367c_getAsicOutputQueueMappingIndex	0	static
rtl8367c_asicdrv_qos.c:407:7:rtl8367c_setAsicPriorityToQIDMappingTable	0	static
rtl8367c_asicdrv_qos.c:438:7:rtl8367c_getAsicPriorityToQIDMappingTable	0	static
rtl8367c_asicdrv_qos.c:464:7:rtl8367c_setAsicRemarkingDot1pAbility	0	static
rtl8367c_asicdrv_qos.c:483:7:rtl8367c_getAsicRemarkingDot1pAbility	0	static
rtl8367c_asicdrv_qos.c:503:7:rtl8367c_setAsicRemarkingDot1pParameter	0	static
rtl8367c_asicdrv_qos.c:526:7:rtl8367c_getAsicRemarkingDot1pParameter	0	static
rtl8367c_asicdrv_qos.c:553:7:rtl8367c_setAsicRemarkingDot1pSrc	0	static
rtl8367c_asicdrv_qos.c:580:7:rtl8367c_getAsicRemarkingDot1pSrc	0	static
rtl8367c_asicdrv_qos.c:603:7:rtl8367c_setAsicRemarkingDscpAbility	0	static
rtl8367c_asicdrv_qos.c:621:7:rtl8367c_getAsicRemarkingDscpAbility	0	static
rtl8367c_asicdrv_qos.c:642:7:rtl8367c_setAsicRemarkingDscpParameter	0	static
rtl8367c_asicdrv_qos.c:668:7:rtl8367c_getAsicRemarkingDscpParameter	0	static
rtl8367c_asicdrv_qos.c:695:7:rtl8367c_setAsicRemarkingDscpSrc	0	static
rtl8367c_asicdrv_qos.c:722:7:rtl8367c_getAsicRemarkingDscpSrc	0	static
rtl8367c_asicdrv_qos.c:746:7:rtl8367c_setAsicRemarkingDscp2Dscp	0	static
rtl8367c_asicdrv_qos.c:770:7:rtl8367c_getAsicRemarkingDscp2Dscp	0	static
