rtl8367c_asicdrv_fc.c:33:7:rtl8367c_setAsicFlowControlSelect	0	static
rtl8367c_asicdrv_fc.c:51:7:rtl8367c_getAsicFlowControlSelect	0	static
rtl8367c_asicdrv_fc.c:69:7:rtl8367c_setAsicFlowControlJumboMode	0	static
rtl8367c_asicdrv_fc.c:87:7:rtl8367c_getAsicFlowControlJumboMode	0	static
rtl8367c_asicdrv_fc.c:106:7:rtl8367c_setAsicFlowControlJumboModeSize	0	static
rtl8367c_asicdrv_fc.c:127:7:rtl8367c_getAsicFlowControlJumboModeSize	0	static
rtl8367c_asicdrv_fc.c:150:7:rtl8367c_setAsicFlowControlQueueEgressEnable	0	static
rtl8367c_asicdrv_fc.c:178:7:rtl8367c_getAsicFlowControlQueueEgressEnable	0	static
rtl8367c_asicdrv_fc.c:203:7:rtl8367c_setAsicFlowControlDropAll	0	static
rtl8367c_asicdrv_fc.c:224:7:rtl8367c_getAsicFlowControlDropAll	0	static
rtl8367c_asicdrv_fc.c:243:7:rtl8367c_setAsicFlowControlPauseAllThreshold	0	static
rtl8367c_asicdrv_fc.c:264:7:rtl8367c_getAsicFlowControlPauseAllThreshold	0	static
rtl8367c_asicdrv_fc.c:284:7:rtl8367c_setAsicFlowControlSystemThreshold	8	static
rtl8367c_asicdrv_fc.c:315:7:rtl8367c_getAsicFlowControlSystemThreshold	8	static
rtl8367c_asicdrv_fc.c:344:7:rtl8367c_setAsicFlowControlSharedThreshold	8	static
rtl8367c_asicdrv_fc.c:375:7:rtl8367c_getAsicFlowControlSharedThreshold	8	static
rtl8367c_asicdrv_fc.c:404:7:rtl8367c_setAsicFlowControlPortThreshold	8	static
rtl8367c_asicdrv_fc.c:435:7:rtl8367c_getAsicFlowControlPortThreshold	8	static
rtl8367c_asicdrv_fc.c:464:7:rtl8367c_setAsicFlowControlPortPrivateThreshold	8	static
rtl8367c_asicdrv_fc.c:495:7:rtl8367c_getAsicFlowControlPortPrivateThreshold	8	static
rtl8367c_asicdrv_fc.c:524:7:rtl8367c_setAsicFlowControlSystemDropThreshold	8	static
rtl8367c_asicdrv_fc.c:555:7:rtl8367c_getAsicFlowControlSystemDropThreshold	8	static
rtl8367c_asicdrv_fc.c:584:7:rtl8367c_setAsicFlowControlSharedDropThreshold	8	static
rtl8367c_asicdrv_fc.c:614:7:rtl8367c_getAsicFlowControlSharedDropThreshold	8	static
rtl8367c_asicdrv_fc.c:642:7:rtl8367c_setAsicFlowControlPortDropThreshold	8	static
rtl8367c_asicdrv_fc.c:673:7:rtl8367c_getAsicFlowControlPortDropThreshold	8	static
rtl8367c_asicdrv_fc.c:701:7:rtl8367c_setAsicFlowControlPortPrivateDropThreshold	8	static
rtl8367c_asicdrv_fc.c:732:7:rtl8367c_getAsicFlowControlPortPrivateDropThreshold	8	static
rtl8367c_asicdrv_fc.c:760:7:rtl8367c_setAsicFlowControlSystemJumboThreshold	8	static
rtl8367c_asicdrv_fc.c:791:7:rtl8367c_getAsicFlowControlSystemJumboThreshold	8	static
rtl8367c_asicdrv_fc.c:820:7:rtl8367c_setAsicFlowControlSharedJumboThreshold	8	static
rtl8367c_asicdrv_fc.c:851:7:rtl8367c_getAsicFlowControlSharedJumboThreshold	8	static
rtl8367c_asicdrv_fc.c:880:7:rtl8367c_setAsicFlowControlPortJumboThreshold	8	static
rtl8367c_asicdrv_fc.c:911:7:rtl8367c_getAsicFlowControlPortJumboThreshold	8	static
rtl8367c_asicdrv_fc.c:940:7:rtl8367c_setAsicFlowControlPortPrivateJumboThreshold	8	static
rtl8367c_asicdrv_fc.c:971:7:rtl8367c_getAsicFlowControlPortPrivateJumboThreshold	8	static
rtl8367c_asicdrv_fc.c:1004:7:rtl8367c_setAsicEgressFlowControlQueueDropThreshold	0	static
rtl8367c_asicdrv_fc.c:1030:7:rtl8367c_getAsicEgressFlowControlQueueDropThreshold	0	static
rtl8367c_asicdrv_fc.c:1054:7:rtl8367c_setAsicEgressFlowControlPortDropThreshold	0	static
rtl8367c_asicdrv_fc.c:1080:7:rtl8367c_getAsicEgressFlowControlPortDropThreshold	0	static
rtl8367c_asicdrv_fc.c:1102:7:rtl8367c_setAsicEgressFlowControlPortDropGap	0	static
rtl8367c_asicdrv_fc.c:1123:7:rtl8367c_getAsicEgressFlowControlPortDropGap	0	static
rtl8367c_asicdrv_fc.c:1142:7:rtl8367c_setAsicEgressFlowControlQueueDropGap	0	static
rtl8367c_asicdrv_fc.c:1163:7:rtl8367c_getAsicEgressFlowControlQueueDropGap	0	static
rtl8367c_asicdrv_fc.c:1181:7:rtl8367c_getAsicEgressQueueEmptyPortMask	0	static
rtl8367c_asicdrv_fc.c:1199:7:rtl8367c_getAsicTotalPage	0	static
rtl8367c_asicdrv_fc.c:1217:7:rtl8367c_getAsicPulbicPage	0	static
rtl8367c_asicdrv_fc.c:1235:7:rtl8367c_getAsicMaxTotalPage	0	static
rtl8367c_asicdrv_fc.c:1253:7:rtl8367c_getAsicMaxPulbicPage	0	static
rtl8367c_asicdrv_fc.c:1273:7:rtl8367c_getAsicPortPage	0	static
rtl8367c_asicdrv_fc.c:1299:7:rtl8367c_getAsicPortPageMax	0	static
rtl8367c_asicdrv_fc.c:1327:7:rtl8367c_setAsicFlowControlEgressPortIndep	0	static
rtl8367c_asicdrv_fc.c:1351:7:rtl8367c_getAsicFlowControlEgressPortIndep	0	static
