rtl8367c_asicdrv_storm.c:35:7:rtl8367c_setAsicStormFilterBroadcastEnable	0	static
rtl8367c_asicdrv_storm.c:58:7:rtl8367c_getAsicStormFilterBroadcastEnable	0	static
rtl8367c_asicdrv_storm.c:82:7:rtl8367c_setAsicStormFilterBroadcastMeter	0	static
rtl8367c_asicdrv_storm.c:108:7:rtl8367c_getAsicStormFilterBroadcastMeter	0	static
rtl8367c_asicdrv_storm.c:131:7:rtl8367c_setAsicStormFilterMulticastEnable	0	static
rtl8367c_asicdrv_storm.c:154:7:rtl8367c_getAsicStormFilterMulticastEnable	0	static
rtl8367c_asicdrv_storm.c:178:7:rtl8367c_setAsicStormFilterMulticastMeter	0	static
rtl8367c_asicdrv_storm.c:204:7:rtl8367c_getAsicStormFilterMulticastMeter	0	static
rtl8367c_asicdrv_storm.c:227:7:rtl8367c_setAsicStormFilterUnknownMulticastEnable	0	static
rtl8367c_asicdrv_storm.c:250:7:rtl8367c_getAsicStormFilterUnknownMulticastEnable	0	static
rtl8367c_asicdrv_storm.c:274:7:rtl8367c_setAsicStormFilterUnknownMulticastMeter	0	static
rtl8367c_asicdrv_storm.c:315:7:rtl8367c_getAsicStormFilterUnknownMulticastMeter	0	static
rtl8367c_asicdrv_storm.c:353:7:rtl8367c_setAsicStormFilterUnknownUnicastEnable	0	static
rtl8367c_asicdrv_storm.c:376:7:rtl8367c_getAsicStormFilterUnknownUnicastEnable	0	static
rtl8367c_asicdrv_storm.c:400:7:rtl8367c_setAsicStormFilterUnknownUnicastMeter	0	static
rtl8367c_asicdrv_storm.c:426:7:rtl8367c_getAsicStormFilterUnknownUnicastMeter	0	static
rtl8367c_asicdrv_storm.c:449:7:rtl8367c_setAsicStormFilterExtBroadcastMeter	0	static
rtl8367c_asicdrv_storm.c:472:7:rtl8367c_getAsicStormFilterExtBroadcastMeter	0	static
rtl8367c_asicdrv_storm.c:495:7:rtl8367c_setAsicStormFilterExtMulticastMeter	0	static
rtl8367c_asicdrv_storm.c:518:7:rtl8367c_getAsicStormFilterExtMulticastMeter	0	static
rtl8367c_asicdrv_storm.c:541:7:rtl8367c_setAsicStormFilterExtUnknownMulticastMeter	0	static
rtl8367c_asicdrv_storm.c:564:7:rtl8367c_getAsicStormFilterExtUnknownMulticastMeter	0	static
rtl8367c_asicdrv_storm.c:587:7:rtl8367c_setAsicStormFilterExtUnknownUnicastMeter	0	static
rtl8367c_asicdrv_storm.c:610:7:rtl8367c_getAsicStormFilterExtUnknownUnicastMeter	0	static
rtl8367c_asicdrv_storm.c:632:7:rtl8367c_setAsicStormFilterExtBroadcastEnable	0	static
rtl8367c_asicdrv_storm.c:652:7:rtl8367c_getAsicStormFilterExtBroadcastEnable	0	static
rtl8367c_asicdrv_storm.c:674:7:rtl8367c_setAsicStormFilterExtMulticastEnable	0	static
rtl8367c_asicdrv_storm.c:694:7:rtl8367c_getAsicStormFilterExtMulticastEnable	0	static
rtl8367c_asicdrv_storm.c:716:7:rtl8367c_setAsicStormFilterExtUnknownMulticastEnable	0	static
rtl8367c_asicdrv_storm.c:736:7:rtl8367c_getAsicStormFilterExtUnknownMulticastEnable	0	static
rtl8367c_asicdrv_storm.c:758:7:rtl8367c_setAsicStormFilterExtUnknownUnicastEnable	0	static
rtl8367c_asicdrv_storm.c:778:7:rtl8367c_getAsicStormFilterExtUnknownUnicastEnable	0	static
rtl8367c_asicdrv_storm.c:800:7:rtl8367c_setAsicStormFilterExtEnablePortMask	8	static
rtl8367c_asicdrv_storm.c:830:7:rtl8367c_getAsicStormFilterExtEnablePortMask	16	static
