rtl8367c_asicdrv_igmp.c:32:7:rtl8367c_setAsicIgmp	0	static
rtl8367c_asicdrv_igmp.c:55:7:rtl8367c_getAsicIgmp	0	static
rtl8367c_asicdrv_igmp.c:80:7:rtl8367c_setAsicIpMulticastVlanLeaky	0	static
rtl8367c_asicdrv_igmp.c:107:7:rtl8367c_getAsicIpMulticastVlanLeaky	0	static
rtl8367c_asicdrv_igmp.c:134:7:rtl8367c_setAsicIGMPTableFullOP	0	static
rtl8367c_asicdrv_igmp.c:163:7:rtl8367c_getAsicIGMPTableFullOP	16	static
rtl8367c_asicdrv_igmp.c:193:7:rtl8367c_setAsicIGMPCRCErrOP	0	static
rtl8367c_asicdrv_igmp.c:222:7:rtl8367c_getAsicIGMPCRCErrOP	16	static
rtl8367c_asicdrv_igmp.c:251:7:rtl8367c_setAsicIGMPFastLeaveEn	0	static
rtl8367c_asicdrv_igmp.c:277:7:rtl8367c_getAsicIGMPFastLeaveEn	16	static
rtl8367c_asicdrv_igmp.c:307:7:rtl8367c_setAsicIGMPLeaveTimer	0	static
rtl8367c_asicdrv_igmp.c:336:7:rtl8367c_getAsicIGMPLeaveTimer	16	static
rtl8367c_asicdrv_igmp.c:366:7:rtl8367c_setAsicIGMPQueryInterval	0	static
rtl8367c_asicdrv_igmp.c:395:7:rtl8367c_getAsicIGMPQueryInterval	16	static
rtl8367c_asicdrv_igmp.c:425:7:rtl8367c_setAsicIGMPRobVar	0	static
rtl8367c_asicdrv_igmp.c:454:7:rtl8367c_getAsicIGMPRobVar	16	static
rtl8367c_asicdrv_igmp.c:484:7:rtl8367c_setAsicIGMPStaticRouterPort	0	static
rtl8367c_asicdrv_igmp.c:506:7:rtl8367c_getAsicIGMPStaticRouterPort	0	static
rtl8367c_asicdrv_igmp.c:526:7:rtl8367c_setAsicIGMPAllowDynamicRouterPort	0	static
rtl8367c_asicdrv_igmp.c:546:7:rtl8367c_getAsicIGMPAllowDynamicRouterPort	0	static
rtl8367c_asicdrv_igmp.c:566:7:rtl8367c_getAsicIGMPdynamicRouterPort1	8	static
rtl8367c_asicdrv_igmp.c:596:7:rtl8367c_getAsicIGMPdynamicRouterPort2	8	static
rtl8367c_asicdrv_igmp.c:626:7:rtl8367c_setAsicIGMPSuppression	8	static
rtl8367c_asicdrv_igmp.c:656:7:rtl8367c_getAsicIGMPSuppression	8	static
rtl8367c_asicdrv_igmp.c:687:7:rtl8367c_setAsicIGMPQueryRX	0	static
rtl8367c_asicdrv_igmp.c:726:7:rtl8367c_getAsicIGMPQueryRX	16	static
rtl8367c_asicdrv_igmp.c:768:7:rtl8367c_setAsicIGMPReportRX	0	static
rtl8367c_asicdrv_igmp.c:806:7:rtl8367c_getAsicIGMPReportRX	16	static
rtl8367c_asicdrv_igmp.c:848:7:rtl8367c_setAsicIGMPLeaveRX	0	static
rtl8367c_asicdrv_igmp.c:886:7:rtl8367c_getAsicIGMPLeaveRX	16	static
rtl8367c_asicdrv_igmp.c:929:7:rtl8367c_setAsicIGMPMRPRX	0	static
rtl8367c_asicdrv_igmp.c:967:7:rtl8367c_getAsicIGMPMRPRX	16	static
rtl8367c_asicdrv_igmp.c:1009:7:rtl8367c_setAsicIGMPMcDataRX	0	static
rtl8367c_asicdrv_igmp.c:1047:7:rtl8367c_getAsicIGMPMcDataRX	16	static
rtl8367c_asicdrv_igmp.c:1090:7:rtl8367c_setAsicIGMPv1Opeartion	0	static
rtl8367c_asicdrv_igmp.c:1132:7:rtl8367c_getAsicIGMPv1Opeartion	16	static
rtl8367c_asicdrv_igmp.c:1175:7:rtl8367c_setAsicIGMPv2Opeartion	0	static
rtl8367c_asicdrv_igmp.c:1217:7:rtl8367c_getAsicIGMPv2Opeartion	16	static
rtl8367c_asicdrv_igmp.c:1260:7:rtl8367c_setAsicIGMPv3Opeartion	0	static
rtl8367c_asicdrv_igmp.c:1302:7:rtl8367c_getAsicIGMPv3Opeartion	16	static
rtl8367c_asicdrv_igmp.c:1345:7:rtl8367c_setAsicMLDv1Opeartion	0	static
rtl8367c_asicdrv_igmp.c:1387:7:rtl8367c_getAsicMLDv1Opeartion	16	static
rtl8367c_asicdrv_igmp.c:1430:7:rtl8367c_setAsicMLDv2Opeartion	0	static
rtl8367c_asicdrv_igmp.c:1472:7:rtl8367c_getAsicMLDv2Opeartion	16	static
rtl8367c_asicdrv_igmp.c:1516:7:rtl8367c_setAsicIGMPPortMAXGroup	0	static
rtl8367c_asicdrv_igmp.c:1557:7:rtl8367c_getAsicIGMPPortMAXGroup	16	static
rtl8367c_asicdrv_igmp.c:1597:7:rtl8367c_getAsicIGMPPortCurrentGroup	16	static
rtl8367c_asicdrv_igmp.c:1638:7:rtl8367c_getAsicIGMPGroup	32	static
rtl8367c_asicdrv_igmp.c:1719:7:rtl8367c_setAsicIpMulticastPortIsoLeaky	0	static
rtl8367c_asicdrv_igmp.c:1748:7:rtl8367c_getAsicIpMulticastPortIsoLeaky	16	static
rtl8367c_asicdrv_igmp.c:1775:7:rtl8367c_setAsicIGMPReportLeaveFlood	0	static
rtl8367c_asicdrv_igmp.c:1800:7:rtl8367c_getAsicIGMPReportLeaveFlood	16	static
rtl8367c_asicdrv_igmp.c:1827:7:rtl8367c_setAsicIGMPDropLeaveZero	0	static
rtl8367c_asicdrv_igmp.c:1852:7:rtl8367c_getAsicIGMPDropLeaveZero	16	static
rtl8367c_asicdrv_igmp.c:1879:7:rtl8367c_setAsicIGMPBypassStormCTRL	0	static
rtl8367c_asicdrv_igmp.c:1904:7:rtl8367c_getAsicIGMPBypassStormCTRL	16	static
rtl8367c_asicdrv_igmp.c:1931:7:rtl8367c_setAsicIGMPIsoLeaky	0	static
rtl8367c_asicdrv_igmp.c:1956:7:rtl8367c_getAsicIGMPIsoLeaky	16	static
rtl8367c_asicdrv_igmp.c:1983:7:rtl8367c_setAsicIGMPVLANLeaky	0	static
rtl8367c_asicdrv_igmp.c:2008:7:rtl8367c_getAsicIGMPVLANLeaky	16	static
rtl8367c_asicdrv_igmp.c:2036:7:rtl8367c_setAsicIGMPBypassGroup	0	static
rtl8367c_asicdrv_igmp.c:2080:7:rtl8367c_getAsicIGMPBypassGroup	0	static
