stat.c:182:22:_get_asic_mib_idx	264	static
stat.c:41:15:rtk_stat_global_reset	8	static
stat.c:69:15:rtk_stat_port_reset	16	static
stat.c:100:15:rtk_stat_queueManage_reset	8	static
stat.c:130:15:rtk_stat_global_get	16	static
stat.c:165:15:rtk_stat_global_getAll	8	static
stat.c:276:15:rtk_stat_port_get	40	static
stat.c:344:15:rtk_stat_port_getAll	168	static
stat.c:409:15:rtk_stat_logging_counterCfg_set	16	static
stat.c:456:15:rtk_stat_logging_counterCfg_get	24	static
stat.c:505:15:rtk_stat_logging_counter_reset	8	static
stat.c:537:15:rtk_stat_logging_counter_get	16	static
stat.c:573:15:rtk_stat_lengthMode_set	16	static
stat.c:608:15:rtk_stat_lengthMode_get	16	static
