svlan.c:141:15:rtk_svlan_servicePort_add	24	static
svlan.c:179:15:rtk_svlan_servicePort_get	16	static
svlan.c:216:15:rtk_svlan_servicePort_del	24	static
svlan.c:255:15:rtk_svlan_tpidEntry_set	8	static
svlan.c:287:15:rtk_svlan_tpidEntry_get	8	static
svlan.c:324:15:rtk_svlan_priorityRef_set	8	static
svlan.c:360:15:rtk_svlan_priorityRef_get	8	static
svlan.c:401:15:rtk_svlan_memberPortEntry_set	72	static
svlan.c:632:15:rtk_svlan_memberPortEntry_get	24	static
svlan.c:701:15:rtk_svlan_memberPortEntry_adv_set	40	static
svlan.c:800:15:rtk_svlan_memberPortEntry_adv_get	24	static
svlan.c:854:15:rtk_svlan_defaultSvlan_set	24	static
svlan.c:904:15:rtk_svlan_defaultSvlan_get	32	static
svlan.c:953:15:rtk_svlan_c2s_add	64	static
svlan.c:1076:15:rtk_svlan_c2s_del	40	static
svlan.c:1139:15:rtk_svlan_c2s_get	48	static
svlan.c:1203:15:rtk_svlan_untag_action_set	24	static
svlan.c:1268:15:rtk_svlan_untag_action_get	32	static
svlan.c:1319:15:rtk_svlan_unmatch_action_set	24	static
svlan.c:1384:15:rtk_svlan_unmatch_action_get	32	static
svlan.c:1430:15:rtk_svlan_unassign_action_set	8	static
svlan.c:1459:15:rtk_svlan_unassign_action_get	8	static
svlan.c:1494:15:rtk_svlan_dmac_vidsel_set	16	static
svlan.c:1532:15:rtk_svlan_dmac_vidsel_get	16	static
svlan.c:1574:15:rtk_svlan_ipmc2s_add	48	static
svlan.c:1667:15:rtk_svlan_ipmc2s_del	32	static
svlan.c:1719:15:rtk_svlan_ipmc2s_get	48	static
svlan.c:1778:15:rtk_svlan_l2mc2s_add	80	static
svlan.c:1873:15:rtk_svlan_l2mc2s_del	48	static
svlan.c:1929:15:rtk_svlan_l2mc2s_get	64	static
svlan.c:1996:15:rtk_svlan_sp2c_add	40	static
svlan.c:2088:15:rtk_svlan_sp2c_get	48	static
svlan.c:2159:15:rtk_svlan_sp2c_del	32	static
svlan.c:2229:15:rtk_svlan_lookupType_set	8	static
svlan.c:46:15:rtk_svlan_init	32	static
svlan.c:2261:15:rtk_svlan_lookupType_get	8	static
svlan.c:2293:15:rtk_svlan_trapPri_set	8	static
svlan.c:2322:15:rtk_svlan_trapPri_get	8	static
svlan.c:2354:15:rtk_svlan_checkAndCreateMbr	32	static
