trap.c:56:15:rtk_trap_unknownUnicastPktAction_set	16	static
trap.c:98:15:rtk_trap_unknownUnicastPktAction_get	16	static
trap.c:138:15:rtk_trap_unknownMacPktAction_set	8	static
trap.c:171:15:rtk_trap_unknownMacPktAction_get	8	static
trap.c:208:15:rtk_trap_unmatchMacPktAction_set	8	static
trap.c:245:15:rtk_trap_unmatchMacPktAction_get	8	static
trap.c:278:15:rtk_trap_unmatchMacMoving_set	16	static
trap.c:313:15:rtk_trap_unmatchMacMoving_get	16	static
trap.c:360:15:rtk_trap_unknownMcastPktAction_set	24	static
trap.c:445:15:rtk_trap_unknownMcastPktAction_get	32	static
trap.c:514:15:rtk_trap_lldpEnable_set	24	static
trap.c:555:15:rtk_trap_lldpEnable_get	24	static
trap.c:594:15:rtk_trap_reasonTrapToCpuPriority_set	32	static
trap.c:669:15:rtk_trap_reasonTrapToCpuPriority_get	32	static
trap.c:796:15:rtk_trap_rmaAction_set	32	static
trap.c:930:15:rtk_trap_rmaAction_get	32	static
trap.c:1050:15:rtk_trap_rmaKeepFormat_set	32	static
trap.c:1179:15:rtk_trap_rmaKeepFormat_get	32	static
