vlan.c:55:15:rtk_vlan_init	56	static
vlan.c:147:15:rtk_vlan_set	88	static
vlan.c:353:15:rtk_vlan_get	48	static
vlan.c:441:15:rtk_vlan_egrFilterEnable_set	8	static
vlan.c:474:15:rtk_vlan_egrFilterEnable_get	16	static
vlan.c:511:15:rtk_vlan_mbrCfg_set	40	static
vlan.c:596:15:rtk_vlan_mbrCfg_get	32	static
vlan.c:698:15:rtk_vlan_portPvid_get	40	static
vlan.c:751:15:rtk_vlan_portIgrFilterEnable_set	16	static
vlan.c:790:15:rtk_vlan_portIgrFilterEnable_get	16	static
vlan.c:831:15:rtk_vlan_portAcceptFrameType_set	16	static
vlan.c:871:15:rtk_vlan_portAcceptFrameType_get	24	static
vlan.c:1024:15:rtk_vlan_protoAndPortBasedVlan_get	56	static
vlan.c:1098:15:rtk_vlan_protoAndPortBasedVlan_del	56	static
vlan.c:1178:15:rtk_vlan_protoAndPortBasedVlan_delAll	64	static
vlan.c:1257:15:rtk_vlan_tagMode_set	16	static
vlan.c:1297:15:rtk_vlan_tagMode_get	24	static
vlan.c:1336:15:rtk_vlan_transparent_set	24	static
vlan.c:1378:15:rtk_vlan_transparent_get	24	static
vlan.c:1419:15:rtk_vlan_keep_set	24	static
vlan.c:1461:15:rtk_vlan_keep_get	24	static
vlan.c:1503:15:rtk_vlan_stg_set	40	static
vlan.c:1548:15:rtk_vlan_stg_get	40	static
vlan.c:1594:15:rtk_vlan_portFid_set	16	static
vlan.c:1639:15:rtk_vlan_portFid_get	16	static
vlan.c:1680:15:rtk_vlan_UntagDscpPriorityEnable_set	8	static
vlan.c:1712:15:rtk_vlan_UntagDscpPriorityEnable_get	16	static
vlan.c:1755:15:rtk_stp_mstpState_set	16	static
vlan.c:1800:15:rtk_stp_mstpState_get	16	static
vlan.c:1840:15:rtk_vlan_checkAndCreateMbr	64	static
vlan.c:652:15:rtk_vlan_portPvid_set	24	static
vlan.c:918:15:rtk_vlan_protoAndPortBasedVlan_add	48	static
vlan.c:1977:15:rtk_vlan_reservedVidAction_set	16	static
vlan.c:2013:15:rtk_vlan_reservedVidAction_get	16	static
vlan.c:2048:15:rtk_vlan_realKeepRemarkEnable_set	8	static
vlan.c:2080:15:rtk_vlan_realKeepRemarkEnable_get	8	static
vlan.c:2112:15:rtk_vlan_reset	8	static
