common.h:339:19:print_cpuinfo	0	static
board.c:111:12:display_banner	8	static
board.c:105:12:init_baudrate	8	static
board.c:230:12:mark_bootstage	8	static
board.c:215:5:__arch_cpu_init	0	static
board.c:72:13:__coloured_LED_init	0	static
board.c:75:13:__red_led_on	0	static
board.c:77:13:__red_led_off	0	static
board.c:79:13:__green_led_on	0	static
board.c:81:13:__green_led_off	0	static
board.c:83:13:__yellow_led_on	0	static
board.c:85:13:__yellow_led_off	0	static
board.c:87:13:__blue_led_on	0	static
board.c:89:13:__blue_led_off	0	static
board.c:207:6:__dram_init_banksize	0	static
board.c:222:5:__power_init_board	0	static
board.c:269:6:board_init_f	32	static
board.c:521:6:config_shared_SRAM_size	8	static
board.c:531:6:board_init_r	8	static
