mmc_core.c:84:12:unstuff_bits	4	static
mmc_core.c:567:12:mmc_cmd	16	static
mmc_core.c:581:12:mmc_app_cmd	56	static
mmc_core.c:760:12:mmc_send_if_cond	48	static
mmc_core.c:826:12:mmc_send_app_op_cond	64	static
mmc_core.c:792:12:mmc_send_op_cond	64	static
mmc_core.c:1295:12:mmc_sd_switch.isra.1.constprop	64	static
mmc_core.c:322:6:mmc_dump_card_status	0	static
mmc_core.c:408:6:mmc_dump_ext_csd	16	static
mmc_core.c:545:5:mmc_card_avail	0	static
mmc_core.c:557:18:mmc_get_host	0	static
mmc_core.c:562:18:mmc_get_card	0	static
mmc_core.c:621:5:mmc_go_idle	48	static
mmc_core.c:700:5:mmc_send_status	56	static
mmc_core.c:1181:5:mmc_select_card	48	static
mmc_core.c:1254:5:mmc_switch	64	static
mmc_core.c:1402:5:mmc_switch_hs	72	static
mmc_core.c:1587:5:mmc_read_ext_csd	72	static
mmc_core.c:2552:5:mmc_set_write_prot	48	static
mmc_core.c:2568:5:mmc_clr_write_prot	48	static
mmc_core.c:2584:5:mmc_send_write_prot	56	static
mmc_core.c:2615:5:mmc_send_write_prot_type	56	static
mmc_core.c:2646:5:mmc_erase_start	48	static
mmc_core.c:2672:5:mmc_erase_end	48	static
mmc_core.c:2698:5:mmc_erase_block_start	48	static
mmc_core.c:2721:5:mmc_erase_block_end	48	static
mmc_core.c:2744:5:mmc_erase	64	static
mmc_core.c:2799:5:mmc_get_wpg_size	0	static
mmc_core.c:2827:6:mmc_set_clock	0	static
mmc_core.c:2837:5:mmc_set_ext_csd	24	static
mmc_core.c:2860:5:mmc_set_card_detect	48	static
mmc_core.c:2875:5:mmc_set_blk_length	56	static
mmc_core.c:2894:5:mmc_set_blk_count	48	static
mmc_core.c:2910:5:mmc_set_bus_width	72	static
mmc_core.c:2983:5:mmc_set_erase_grp_def	0	static
mmc_core.c:3000:5:mmc_set_gp_size	32	static
mmc_core.c:3032:5:mmc_set_enh_size	16	static
mmc_core.c:3065:5:mmc_set_enh_start_addr	16	static
mmc_core.c:3098:5:mmc_set_boot_bus	4	static
mmc_core.c:3117:5:mmc_set_part_config	0	static
mmc_core.c:3133:5:mmc_set_part_attr	0	static
mmc_core.c:3157:5:mmc_set_part_compl	0	static
mmc_core.c:3344:5:mmc_dev_bread	40	static
mmc_core.c:3458:5:mmc_block_read	40	static
mmc_core.c:3498:5:mmc_block_write	64	static
mmc_core.c:3535:5:mmc_block_erase	536	static
mmc_core.c:3561:5:mmc_part_config	16	static
mmc_core.c:3579:6:mmc_stuff_buff	8	static
mmc_core.c:3598:5:mmc_get_sandisk_fwid	72	static
mmc_core.c:3682:6:mmc_dump_buff	0	static
mmc_core.c:3721:5:mmc_init_mem_card	128	static
mmc_core.c:4070:5:mmc_init_card	24	static
mmc_core.c:4158:5:mmc_init_host	16	static
mmc_core.c:4167:5:__mmc_init	16	static
mmc_core.c:4262:5:mmc_info_helper	32	static
mmc_core.c:4285:5:mmc_info_helper2	24	static
