msdc.c:435:13:msdc_pin_set.isra.2	144	static
msdc.c:113:6:msdc_dump_card_status	0	static
msdc.c:186:6:msdc_dump_ocr_reg	0	static
msdc.c:234:6:msdc_dump_io_resp	0	static
msdc.c:256:6:msdc_dump_rca_resp	0	static
msdc.c:281:6:msdc_dump_register	0	static
msdc.c:368:6:msdc_set_smt	24	static
msdc.c:391:6:msdc_set_sr	88	static
msdc.c:421:6:msdc_set_rdtdsel	0	static
msdc.c:481:6:msdc_set_driving	192	static
msdc.c:546:6:msdc_flush_membuf	0	static
msdc.c:553:4:msdc_cal_checksum	0	static
msdc.c:563:8:msdc_alloc_gpd	16	static
msdc.c:594:9:msdc_alloc_bd	16	static
msdc.c:628:6:msdc_queue_bd	8	static
msdc.c:651:6:msdc_queue_buf	0	static
msdc.c:662:6:msdc_add_gpd	8	static
msdc.c:686:6:msdc_reset_gpd	0	static
msdc.c:698:6:msdc_set_host_level_pwr	0	static
msdc.c:769:6:msdc_set_card_pwr	0	static
msdc.c:770:6:msdc_set_host_pwr	0	static
msdc.c:979:6:msdc_set_startbit	24	static
msdc.c:1012:6:msdc_set_smpl	96	static
msdc.c:1143:6:msdc_set_timeout	24	static
msdc.c:1164:6:msdc_clr_fifo	16	static
msdc.c:1170:6:msdc_set_blklen	0	static
msdc.c:1180:6:msdc_set_blknum	0	static
msdc.c:1188:6:msdc_set_dma	0	static
msdc.c:1197:6:msdc_set_autocmd	0	static
msdc.c:1209:6:msdc_reset	16	static
msdc.c:1215:6:msdc_abort	16	static
msdc.c:1306:5:msdc_intr_wait	0	static
msdc.c:1324:6:msdc_intr_unmask	0	static
msdc.c:1334:6:msdc_intr_mask	0	static
msdc.c:1374:5:msdc_send_cmd	24	static
msdc.c:1476:5:msdc_wait_rsp	16	static
msdc.c:1649:5:msdc_sg_init	4	static
msdc.c:1676:6:msdc_dma_init	16	static
msdc.c:1695:5:msdc_dma_cmd	8	static
msdc.c:1736:5:msdc_dma_config	64	static
msdc.c:1882:6:msdc_dma_resume	16	static
msdc.c:1891:6:msdc_dma_start	16	static
msdc.c:1900:6:msdc_dma_stop	24	static
msdc.c:1913:5:msdc_dma_wait_done	16	static
msdc.c:2257:5:msdc_pio_read_word	16	static
msdc.c:2330:5:msdc_pio_read	16	static
msdc.c:2343:5:msdc_pio_write_word	0	static
msdc.c:2415:5:msdc_pio_write	16	static
msdc.c:2639:6:msdc_config_clksrc	24	static
msdc.c:2658:6:msdc_config_clock	56	static
msdc.c:2783:6:msdc_config_bus	32	static
msdc.c:2799:6:msdc_config_pin	0	static
msdc.c:2887:6:msdc_clock	0	static
msdc.c:2904:6:msdc_host_power	0	static
msdc.c:2919:6:msdc_card_power	0	static
msdc.c:2930:6:msdc_power	0	static
msdc.c:2940:6:msdc_reset_tune_counter	0	static
msdc.c:2945:5:msdc_tune_cmdrsp	152	static
msdc.c:1579:5:msdc_cmd	16	static
msdc.c:1614:5:msdc_cmd_stop	48	static
msdc.c:1259:5:msdc_abort_handler	72	static
msdc.c:2427:5:msdc_pio_get_sandisk_fwid	64	static
msdc.c:2471:5:msdc_pio_send_sandisk_fwid	64	static
msdc.c:2518:5:msdc_pio_bread	72	static
msdc.c:2579:5:msdc_pio_bwrite	72	static
msdc.c:2018:5:msdc_dma_transfer	48	static
msdc.c:2166:5:msdc_dma_bread	64	static
msdc.c:2198:5:msdc_dma_bwrite	64	static
msdc.c:2229:5:msdc_dma_send_sandisk_fwid	64	static
msdc.c:3064:5:msdc_tune_bread	120	static
msdc.c:3203:5:msdc_tune_read	80	static
msdc.c:3310:5:msdc_tune_bwrite	120	static
msdc.c:3468:6:msdc_card_detect	16	static
msdc.c:3486:5:msdc_card_avail	16	static
msdc.c:3503:5:msdc_card_protected	16	static
msdc.c:3517:6:msdc_hard_reset	0	static
msdc.c:3724:5:msdc_init	104	static
msdc.c:3925:5:msdc_deinit	24	static
