41e00000 T __image_copy_start
41e00000 T _start
41e00020 T _undefined_instruction
41e00024 T _software_interrupt
41e00028 T _prefetch_abort
41e0002c T _data_abort
41e00030 T _not_used
41e00034 T _irq
41e00038 T _fiq
41e0003c t _pad
41e00040 T IRQ_STACK_START_IN
41e00040 T _end_vect
41e00044 t reset
41e00084 T c_runtime_cpu_setup
41e0009c W save_boot_params
41e000a0 T cpu_init_cp15
41e000d8 T cpu_init_crit
41e000e0 t undefined_instruction
41e00140 t software_interrupt
41e001a0 t prefetch_abort
41e00200 t data_abort
41e00260 t not_used
41e002c0 t irq
41e00320 t fiq
41e0036c T invalidate_dcache_all
41e00370 T invalidate_dcache_range
41e00374 T flush_dcache_range
41e00378 T flush_cache
41e0037c T invalidate_icache_all
41e00394 T __v7_outer_cache_disable
41e00394 W v7_outer_cache_disable
41e00398 W cpu_cache_initialization
41e0039c T cleanup_before_linux
41e003c4 T lowlevel_init
41e003d4 T jumparch64_smc
41e003f0 T arch_cpu_init
41e00400 T reset_cpu
41e00408 T _main
41e00448 t here
41e00458 t clbss_l
41e0048c T relocate_code
41e0049c t copy_loop
41e004b4 t fixloop
41e004d4 t fixnext
41e004dc t relocate_done
41e004f0 t print_cpuinfo
41e004f8 t display_banner
41e00518 t init_baudrate
41e00544 t mark_bootstage
41e00558 T __coloured_LED_init
41e00558 W coloured_LED_init
41e0055c T __red_led_on
41e0055c W red_led_on
41e00560 T __dram_init_banksize
41e00560 W dram_init_banksize
41e0057c T __power_init_board
41e0057c W power_init_board
41e00584 T board_init_f
41e006b4 T config_shared_SRAM_size
41e006f8 T board_init_r
41e00804 T arch_fixup_memory_node
41e00840 t boot_jump_linux.isra.4
41e0087c T arch_lmb_reserve
41e008a0 W setup_board_tags
41e008a4 t boot_prep_linux
41e00a14 T do_bootm_linux
41e00a68 T boot_prep_vxworks
41e00ab8 T boot_jump_vxworks
41e00ac4 T interrupt_init
41e00ae0 T enable_interrupts
41e00ae4 T disable_interrupts
41e00aec T bad_mode
41e00afc T show_regs
41e00c38 T do_undefined_instruction
41e00c58 T do_software_interrupt
41e00c78 T do_prefetch_abort
41e00c98 T do_data_abort
41e00cb8 T do_not_used
41e00cd8 T do_fiq
41e00cf8 T do_irq
41e00d18 T do_reset
41e00d44 T __enable_caches
41e00d44 W enable_caches
41e00d50 t cp_delay
41e00d80 T icache_enable
41e00d98 T icache_disable
41e00db4 T dcache_disable
41e00db8 T do_backup_message
41e00dd0 T do_reco_message
41e00de8 T do_boot_to_ctp
41e00e48 T do_read_mtk_image_blks
41e01008 T do_ctp_check
41e01070 T do_read_image_blks
41e01270 T do_serious_image_check
41e0133c T do_invaild_env
41e0136c T do_filesize_check
41e01478 T do_image_check
41e014e8 T do_uboot_check
41e01558 T input_value
41e015a0 T get_filetype
41e015e4 T do_download_setting
41e01c50 T dram_init
41e01c60 T board_init
41e01c84 T board_late_init
41e01c9c T ft_board_setup
41e01ca0 T board_eth_init
41e01cb0 T gpt4_get_current_tick
41e01cc0 T gpt4_timeout_tick
41e01ce8 T gpt4_time2tick_us
41e01d04 T gpt_busy_wait_us
41e01d44 T reset_timer_masked
41e01d88 T get_timer_masked
41e01e1c T get_timer
41e01e3c T __udelay
41e01e40 T mtk_timer_init
41e01e68 T uart_setbrg
41e01f38 T mtk_uart_init
41e01f6c T PutUARTByte
41e01fa4 T uart_getc
41e01fc8 T uart_puts
41e01fe8 T uart_tstc
41e02000 T pl01x_serial_initialize
41e0200c T default_serial_console
41e02018 T mtk_wdt_disable
41e02034 T mtk_arch_reset
41e02084 t delete_char.part.0
41e02158 T __show_boot_progress
41e02158 W show_boot_progress
41e0215c T readline_into_buffer
41e02350 T readline
41e02364 T run_command
41e0236c T run_command_list
41e023c8 T main_loop
41e024d8 T do_run
41e0254c T find_cmd_tbl
41e025f0 T find_cmd
41e02618 T cmd_usage
41e02674 T _do_help
41e027fc T cmd_get_data_size
41e02858 T cmd_process
41e02944 t dummy
41e02948 T get_version
41e02950 T jumptable_init
41e02ae0 T hash_command
41e02b80 t b_reset
41e02b9c t static_get
41e02bb8 t file_peek
41e02bc4 t mapset
41e02be4 t syntax_err
41e02bf0 t free_pipe_list
41e02cdc t xmalloc
41e02cfc t new_pipe
41e02d24 t xrealloc
41e02d44 t done_command
41e02dc8 t done_pipe
41e02e10 t done_word
41e030b8 t do_showvar
41e031b8 t is_assignment
41e03214 t file_get
41e03400 t b_addchr
41e03480 t b_addqchr
41e034d0 t static_peek
41e034dc T get_local_var
41e0357c T set_local_var
41e03728 t insert_var_value_sub
41e039e8 T parse_string_outer
41e03acc t run_list_real
41e04234 t parse_stream_outer
41e048cc T parse_file_outer
41e04910 T u_boot_hush_start
41e04964 t hex1_bin
41e049a4 t hex2_bin
41e049dc T srec_decode
41e04c2c t CYGACC_COMM_IF_GETC_TIMEOUT.isra.0
41e04c88 t xyzModem_flush
41e04ca4 t xyzModem_get_hdr
41e04ec8 T xyzModem_stream_open
41e050fc T xyzModem_stream_read
41e0534c T xyzModem_stream_close
41e053a0 T xyzModem_stream_terminate
41e05434 T xyzModem_error
41e05454 W do_go_exec
41e05464 t do_go
41e054d0 t copy_args
41e05524 T do_bootd
41e05548 t image_info
41e0566c t do_bootm_rtems
41e056c0 t do_bootm_plan9
41e05778 t do_bootm_standalone
41e057dc t do_bootm_netbsd
41e058e0 t do_iminfo
41e0593c W arch_preboot_os
41e0593c t __arch_preboot_os
41e05940 t do_bootm_states.isra.10.constprop.12
41e06370 T do_bootm
41e06454 T bootm_maybe_autostart
41e064cc T do_bootvx_fdt
41e065d8 t do_bootm_vxworks
41e06610 t do_help
41e06654 t do_version
41e0668c T env_attr_walk
41e067ac T env_attr_lookup
41e06948 t clear_callback
41e06958 t find_env_callback
41e069bc t on_callbacks
41e06a04 t set_callback
41e06a98 T env_callback_init
41e06b5c t skip_num
41e06bd4 t clear_flags
41e06be4 t on_flags
41e06c2c T env_flags_parse_vartype
41e06c7c T env_flags_parse_varaccess
41e06cd4 t set_flags
41e06d80 T env_flags_init
41e06e58 T env_flags_validate
41e07170 t init_mmc_for_env
41e071a4 W mmc_get_env_addr
41e071b4 T env_init
41e071d0 T saveenv
41e07368 T env_relocate_spec
41e07444 T source
41e07608 T do_source
41e07680 t print_num
41e07694 T do_bdinfo
41e07818 t bootmenu_print_entry
41e07880 t bootmenu_destroy
41e078c4 t bootmenu_choice_entry
41e07b10 t bootmenu_show
41e07e9c T do_bootmenu
41e07ee4 T menu_display_statusline
41e07fc8 T menu_show
41e07fd8 t do_coninfo
41e08098 t do_echo
41e0814c t do_exit
41e08194 T do_fat_fsload
41e081ac t do_fat_ls
41e081c4 t do_fat_fsinfo
41e08254 t fdt_valid
41e08310 t is_printable_string
41e083b8 t print_data
41e08530 T set_working_fdt_addr
41e0854c t do_fdt
41e093a8 t write_cell
41e093f8 t get_cells_len
41e09430 T fdt_find_and_setprop
41e094a0 T fdt_initrd
41e09688 T fdt_chosen
41e09794 T do_fixup_by_path
41e097e8 T fdt_fixup_memory_banks
41e099b0 T fdt_fixup_memory
41e099d0 T fdt_fixup_ethernet
41e09b04 T fdt_resize
41e09bd0 t evalexp
41e09c44 t evalstr
41e09cb0 t binary_test
41e09e70 t do_itest
41e09ef8 t bin_data_init
41e09f24 t k_data_save
41e09f70 t k_data_restore
41e09fbc t getcxmodem
41e09fdc t load_serial_ymodem
41e0a0b8 t bin_data_char
41e0a0e4 t chk1.constprop.1
41e0a110 t s1_sendpacket.constprop.2
41e0a160 t load_serial
41e0a35c t do_load_serial
41e0a438 t do_load_serial_bin
41e0abe4 t do_mem_mw
41e0aca4 t do_mem_loop
41e0ad90 t do_mem_md
41e0ae74 t do_mem_cmp
41e0afdc t do_mem_base
41e0b01c t do_mem_cp
41e0b0f4 t do_mem_crc
41e0b13c t mod_mem.isra.0
41e0b2b0 t do_mem_mm
41e0b2b8 t do_mem_nm
41e0b2c0 t do_sleep
41e0b330 t do_mmcops
41e0b608 T do_mmc
41e0b764 t do_mmcinfo
41e0b8e0 t part_delall
41e0b924 t memsize_parse
41e0b9a4 t mtd_part_info
41e0ba38 t memsize_format
41e0bac8 t index_partitions
41e0bb74 t current_save
41e0bc2c t part_sort_add
41e0bd4c t device_del
41e0bdc8 t generate_mtdparts_save.constprop.6
41e0c0b8 t device_delall.constprop.8
41e0c11c t mtd_devices_init
41e0c148 t get_mtd_info.constprop.9
41e0c1c0 t part_validate
41e0c530 T device_find
41e0c57c t device_parse
41e0cae8 T mtd_id_parse
41e0cbfc T find_dev_and_part
41e0cda4 T mtdparts_init
41e0d3ec t do_chpart
41e0d4bc t do_mtdparts
41e0da84 t set_dev
41e0daf4 t nand_print_and_set_info
41e0dbbc t arg_off
41e0dcc4 t arg_off_size
41e0de10 t do_nand
41e0ea5c t nand_load_image
41e0ec78 t do_nandboot
41e0eecc t netboot_common
41e0f18c t do_bootp
41e0f198 T do_tftpb
41e0f1d8 t do_ping
41e0f250 t do_false
41e0f258 t do_true
41e0f260 t do_test
41e0f598 t do_imgextract
41e0f94c T menu_default_choice
41e0f968 T menu_default_set
41e0f9f0 T menu_get_choice
41e0fbd0 T menu_item_add
41e0fcac T menu_create
41e0fd3c T menu_destroy
41e0fdb0 t do_env_delete
41e0fe50 t do_env_save
41e0fe7c t do_env
41e0fee4 t env_print
41e0ffa4 t do_env_print
41e1006c t do_env_import
41e102b0 t do_env_default
41e10358 t _do_env_set.isra.0
41e10510 t do_env_set
41e1052c T get_env_id
41e1053c T setenv
41e10598 T setenv_ulong
41e105b8 T setenv_hex
41e105ec t do_env_export
41e10844 T envmatch
41e108b0 T getenv_f
41e10970 T getenv
41e109e8 T getenv_hex
41e10a24 T getenv_ulong
41e10a54 t do_env_edit
41e10acc W env_get_char_spec
41e10acc t __env_get_char_spec
41e10ad8 T env_get_addr
41e10af8 T env_get_char_memory
41e10b08 T env_get_char
41e10b38 T getenv_yesno
41e10b74 T getenv_default
41e10ba4 T set_default_env
41e10c60 T set_default_vars
41e10c94 T env_import
41e10d6c T env_relocate
41e10d98 t console_setfile
41e10e3c T serial_printf
41e10e80 T fgetc
41e10ea4 T ftstc
41e10ec8 T getc
41e10eec T tstc
41e10f10 T putc
41e10f40 T puts
41e10f70 T printf
41e10fc0 T vprintf
41e10ffc T ctrlc
41e11054 T had_ctrlc
41e11064 T clear_ctrlc
41e11078 T search_device
41e110a0 T console_assign
41e110e8 t on_console
41e111a0 T console_init_f
41e111b0 T stdio_print_current_devices
41e11260 T console_init_r
41e113e0 T sbrk
41e1144c T mem_malloc_init
41e11480 T malloc_trim
41e1154c T free
41e1177c T malloc
41e11d80 T calloc
41e11e50 T realloc
41e12308 T memalign
41e12414 t on_loadaddr
41e1244c T image_check_hcrc
41e12498 T image_check_dcrc
41e124d0 T image_multi_count
41e124ec T image_multi_getimg
41e1256c T getenv_bootm_low
41e1259c T getenv_bootm_size
41e125f8 T getenv_bootm_mapsize
41e12628 T memmove_wd
41e12634 T genimg_print_size
41e12664 T get_table_entry_name
41e12690 T genimg_get_os_name
41e126a8 T genimg_get_arch_name
41e126c0 T genimg_get_type_name
41e126d8 T genimg_get_comp_name
41e126f0 T image_print_contents
41e1286c T get_table_entry_id
41e128b8 T genimg_get_os_id
41e128d0 T genimg_get_arch_id
41e128e8 T genimg_get_type_id
41e12900 T genimg_get_comp_id
41e12918 T genimg_get_format
41e1294c T genimg_get_image
41e12950 T genimg_has_config
41e12960 T boot_get_ramdisk
41e12c9c T boot_ramdisk_high
41e12dcc T image_setup_linux
41e12e58 t fdt_error
41e12e84 T boot_fdt_add_mem_rsv_regions
41e12f10 T boot_relocate_fdt
41e130a8 T boot_get_fdt
41e13434 W ft_verify_fdt
41e1343c T image_setup_libfdt
41e13520 T fit_parse_conf
41e13584 T fit_parse_subimage
41e135e8 T fit_get_desc
41e13618 T fit_image_get_node
41e13648 T fit_image_get_os
41e13684 T fit_image_get_arch
41e136c0 T fit_image_get_type
41e136fc T fit_image_get_comp
41e13738 T fit_image_get_load
41e13770 T fit_image_get_entry
41e137a8 T fit_image_get_data
41e137e8 T fit_image_hash_get_algo
41e13818 T fit_image_hash_get_value
41e13858 t fit_image_print_data
41e1399c T fit_image_print
41e13cd8 T calculate_hash
41e13da0 T fit_image_verify
41e13fc4 T fit_all_image_verify
41e140c4 T fit_image_check_os
41e140f4 T fit_image_check_arch
41e14124 T fit_image_check_type
41e14154 T fit_image_check_comp
41e14184 T fit_check_format
41e141c4 T fit_conf_get_node
41e1425c T fit_conf_get_prop_node
41e14288 T fit_conf_print
41e14390 T fit_print_contents
41e1459c T fit_image_select
41e14608 T fit_get_node_from_config
41e14648 T fit_image_load
41e14ae0 W get_effective_memsize
41e14ae8 T stdio_get_list
41e14af4 T stdio_get_by_name
41e14b50 T stdio_clone
41e14b88 T stdio_register
41e14bc4 T stdio_init
41e14c50 T get_dev
41e14cc0 T dev_print
41e14ecc T init_part
41e14eec T print_part
41e14fe0 T get_partition_info
41e1500c T get_device
41e15098 T get_device_and_partition
41e154d0 t test_block_type
41e15554 t print_partition_extended
41e157cc t get_partition_info_extended.constprop.1
41e15a84 T test_part_dos
41e15ae8 T print_part_dos
41e15b1c T get_partition_info_dos
41e15b3c t mtk_snand_dev_mac_trigger
41e15b6c t mtk_snand_dev_mac_leave
41e15b84 t mtk_snand_status_ready
41e15bb4 t mtk_snand_check_dececc_done
41e15bf0 t mtk_snand_read_fdm_data
41e15c24 t mtk_snand_write_buf
41e15c90 t mtk_snand_write_page_hwecc
41e15cc0 t mtk_nand_init_size
41e15cec t mtk_snand_check_RW_count
41e15d50 t generic_ffs.part.0
41e15d98 t mtk_snand_rs_if_require_split
41e15dc4 t mtk_snand_rs_reconfig_nfiecc
41e15ef4 t mtk_snand_ecc_config.isra.3
41e15f8c t mtk_snand_select_chip
41e160c8 t mtk_snand_gpio_config.part.17
41e16104 t mtk_snand_reset_con
41e16188 t mtk_snand_stop_read
41e1620c t mtk_snand_dev_mac_enable.constprop.31
41e16228 t mtk_snand_dev_mac_op.constprop.30
41e1623c t mtk_snand_dev_command_ext.constprop.23
41e162d4 t mtk_snand_reset_dev
41e16340 t mtk_snand_read_byte
41e16488 t mtk_snand_dev_ready
41e16554 t mtk_snand_dev_enable_spiq
41e165dc t mtk_snand_stop_write
41e16658 t mtk_snand_dev_command
41e16674 t mtk_snand_dev_program_execute
41e166b4 t mtk_snand_read_page_part2
41e1694c t mtk_snand_ready_for_read.isra.5.part.6.constprop.29
41e16aec t mtk_snand_ready_for_write.isra.9
41e16c84 T dump_nfi
41e17040 t mtk_snand_dma_read_data.isra.14
41e17148 t mtk_snand_read_oob_raw
41e172f0 t mtk_snand_write_oob_raw
41e17530 t mtk_snand_write_oob
41e176dc T mtk_snand_get_device_info
41e178d4 T mtk_snand_is_vendor_reserved_blocks
41e17924 T mtk_nand_exec_read_page
41e17e3c t mtk_snand_read_page
41e17eb0 t mtk_snand_read_page_hwecc
41e17f08 t mtk_snand_verify_buf
41e17fe4 t mtk_snand_read_buf
41e180f0 T mtk_nand_exec_write_page
41e18304 t mtk_snand_write_page
41e18418 t mtk_snand_command_bp
41e185e8 T mtk_snand_dev_unlock_all_blocks
41e18690 T mtk_snand_ecc_control
41e1872c T mtk_nand_block_markbad_hw
41e18780 t mtk_snand_block_markbad
41e187d4 T mtk_snand_read_oob_hw
41e188b8 t mtk_snand_read_oob
41e18918 T mtk_nand_block_bad_hw
41e189b8 t mtk_snand_block_bad
41e18aa8 T mtk_snand_clk_setting
41e18ae0 T mtk_snand_reset
41e18b2c T mtk_snand_reset_device
41e18bd8 T mtk_snand_dev_erase
41e18c58 T mtk_nand_erase_hw
41e18d10 t mtk_nand_erase
41e18dc8 T board_nand_init
41e1921c t is_block_mapped
41e1925c t dump_bmt_info
41e192a0 t fill_nand_bmt_buffer.constprop.3
41e19378 T nand_read_page_bmt
41e193b8 T nand_block_bad_bmt
41e193e0 T nand_erase_bmt
41e19454 T mark_block_bad_bmt
41e1946c t find_available_block
41e1971c T nand_write_page_bmt
41e19764 t write_bmt_to_flash.constprop.1
41e1999c T set_bad_index_to_oob
41e199c0 T update_bmt
41e19d78 T get_mapping_block_index
41e19df0 T part_init_pmt
41e19df4 t mt53xx_nor_Region2Info
41e19ecc t sf_do_dma
41e19f18 t NFI_gpio_uffs
41e19f58 t mt53xx_nor_WriteBufferDisable.isra.2
41e19f98 t mt53xx_nor_SendCmd.isra.3
41e19fc0 t mt53xx_nor_Offset2Index
41e1a050 t mt53xx_nor_ExecuteCmd
41e1a0a0 t mt53xx_nor_WriteEnable
41e1a0fc t mt53xx_nor_WaitBusySleep
41e1a180 t mt53xx_nor_EraseChip
41e1a26c t mt53xx_nor_EraseSector
41e1a3c8 t mt53xx_nor_WaitBusy.constprop.17
41e1a448 t mt53xx_nor_WriteProtect.constprop.16
41e1a4ec t mt53xx_nor_WriteSingleByte
41e1a5cc T mtk_nor_erase
41e1a850 T mtk_nor_read
41e1abac T mtk_nor_write
41e1af4c t mtk_uboot_nor_command
41e1b0e4 T mtk_nor_init
41e1b608 t mtk_nor_command
41e1b8c4 t msdc_pin_set.isra.2
41e1bf10 T msdc_dump_card_status
41e1bf14 T msdc_set_smt
41e1c03c T msdc_set_driving
41e1cb94 T msdc_cal_checksum
41e1cbb8 T msdc_alloc_gpd
41e1cc80 T msdc_alloc_bd
41e1cd34 T msdc_queue_bd
41e1cd84 T msdc_add_gpd
41e1cdf0 T msdc_reset_gpd
41e1ce0c T msdc_set_startbit
41e1ce5c T msdc_set_smpl
41e1d294 T msdc_set_timeout
41e1d324 T msdc_clr_fifo
41e1d374 T msdc_set_blklen
41e1d384 T msdc_set_blknum
41e1d390 T msdc_reset
41e1d3dc T msdc_abort
41e1d410 T msdc_intr_wait
41e1d428 T msdc_intr_unmask
41e1d43c T msdc_send_cmd
41e1d66c T msdc_wait_rsp
41e1d78c T msdc_sg_init
41e1d7d0 T msdc_dma_init
41e1d82c T msdc_dma_config
41e1da68 T msdc_dma_start
41e1dab0 T msdc_dma_stop
41e1db1c T msdc_dma_wait_done
41e1dc10 T msdc_pio_read_word
41e1dd18 T msdc_pio_read
41e1dd3c T msdc_config_clksrc
41e1dddc T msdc_config_clock
41e1e084 T msdc_config_bus
41e1e104 T msdc_config_pin
41e1e10c T msdc_power
41e1e120 T msdc_reset_tune_counter
41e1e12c T msdc_tune_cmdrsp
41e1e498 T msdc_cmd
41e1e4f0 T msdc_cmd_stop
41e1e558 T msdc_abort_handler
41e1e630 T msdc_dma_transfer
41e1e898 T msdc_dma_bread
41e1e8fc T msdc_dma_bwrite
41e1e964 T msdc_tune_bread
41e1ed50 T msdc_tune_read
41e1f100 T msdc_tune_bwrite
41e1f38c T msdc_card_detect
41e1f440 T msdc_init
41e1f9d8 t unstuff_bits
41e1fa18 t mmc_cmd
41e1fa48 t mmc_app_cmd
41e1fabc t mmc_send_if_cond
41e1fb28 t mmc_send_app_op_cond
41e1fbb4 t mmc_send_op_cond
41e1fc48 t mmc_sd_switch.isra.1.constprop.7
41e1fd30 T mmc_dump_ext_csd
41e1fd74 T mmc_go_idle
41e1fdac T mmc_send_status
41e1fe0c T mmc_select_card
41e1fe50 T mmc_switch
41e1ff08 T mmc_switch_hs
41e1ff4c T mmc_read_ext_csd
41e2018c T mmc_set_clock
41e201ac T mmc_set_card_detect
41e201ec T mmc_set_blk_length
41e20244 T mmc_set_bus_width
41e203c0 T mmc_dev_bread
41e204c8 T mmc_block_read
41e20570 T mmc_block_write
41e20714 T mmc_block_erase
41e20770 T mmc_part_config
41e207bc T mmc_init_mem_card
41e213a0 T mmc_init_card
41e21464 T mmc_init_host
41e2148c T __mmc_init
41e214cc T mmc_info_helper
41e21578 T mmc_info_helper2
41e21620 T msdc_uffs
41e21670 T msdc_ntohl
41e2169c T msdc_get_field
41e216c0 T __mmc_block_read
41e216c4 T __mmc_block_write
41e216c8 T __mmc_block_erase
41e216cc T mmc_get_dev
41e216ec T mmc_legacy_init
41e217fc T get_mmc_num
41e21804 T find_mmc_device
41e21854 T mmc_init
41e2197c T mmc_getwp
41e21984 T mmc_set_part_conf
41e21990 T add_mtd_device
41e21a0c T del_mtd_device
41e21a60 T get_mtd_device_nm
41e21ac8 T mtd_erase
41e21b58 T mtd_read
41e21bf8 T mtd_write
41e21c94 T mtd_read_oob
41e21cc8 T mtd_get_fact_prot_info
41e21cfc T mtd_read_fact_prot_reg
41e21d44 T mtd_get_user_prot_info
41e21d78 T mtd_read_user_prot_reg
41e21dc0 T mtd_write_user_prot_reg
41e21e08 T mtd_lock_user_prot_reg
41e21e40 T mtd_lock
41e21eb4 T mtd_unlock
41e21f28 T mtd_block_isbad
41e21f74 T mtd_block_markbad
41e21fd8 t part_write_oob
41e2207c t part_sync
41e22090 t part_block_isbad
41e220ac t part_block_markbad
41e220dc t part_unlock
41e220f8 t part_lock
41e22114 t part_get_fact_prot_info
41e2211c t part_get_user_prot_info
41e22124 t part_lock_user_prot_reg
41e2212c t part_write_user_prot_reg
41e22134 t part_read_fact_prot_reg
41e2213c t part_read_user_prot_reg
41e22144 t part_read_oob
41e221d8 t part_write
41e221f4 t part_read
41e22268 t part_erase
41e222d4 T mtd_erase_callback
41e22344 T del_mtd_partitions
41e223d0 T add_mtd_partitions
41e229a0 T nand_register
41e22a2c T nand_init
41e22ae4 t verify_bbt_descr
41e22c04 t scan_read_oob
41e22cd0 t check_pattern
41e22d7c t create_bbt
41e23074 t scan_read
41e230d4 t read_bbt
41e232bc t read_abs_bbt
41e2338c t write_bbt
41e2398c t search_bbt
41e23b24 T nand_update_bbt
41e23c40 t mark_bbt_region
41e23db4 T nand_scan_bbt
41e24290 T nand_default_bbt
41e24390 T nand_isbad_bbt
41e243e4 t check_skip_len
41e24494 T nand_erase_opts
41e247fc T nand_write_skip_bad
41e24a48 T nand_read_skip_bad
41e24ca4 T nand_calculate_ecc
41e24d98 T nand_correct_data
41e24eb8 T nand_read_byte
41e24ecc t nand_read_byte16
41e24ee4 t nand_read_word
41e24ef8 T nand_write_buf
41e24f24 T nand_read_buf
41e24f50 t nand_verify_buf
41e24f90 T nand_write_buf16
41e24fc4 T nand_read_buf16
41e24ff8 t nand_verify_buf16
41e25044 t nand_check_wp
41e25094 t nand_read_page_raw_syndrome
41e25168 t nand_read_page_swecc
41e25290 t nand_read_subpage
41e25500 t nand_read_page_hwecc
41e25648 t nand_read_page_hwecc_oob_first
41e25784 t nand_read_page_syndrome
41e258ac t nand_read_oob_std
41e258e8 t nand_read_oob_syndrome
41e259ec t nand_write_oob_std
41e25a5c t nand_write_oob_syndrome
41e25bec t nand_write_page_raw_syndrome
41e25cc0 t nand_write_page_swecc
41e25d7c t nand_write_page_hwecc
41e25e4c t nand_write_page_syndrome
41e25f40 t single_erase_cmd
41e25f80 t multi_erase_cmd
41e2600c t nand_onfi_set_features
41e26070 t nand_block_checkbad
41e260e8 t nand_block_isbad
41e26104 t nand_block_markbad
41e26144 t nand_onfi_get_features
41e261b0 t nand_wait
41e26254 t nand_fill_oob
41e2636c t nand_do_write_oob
41e264d8 t nand_do_write_ops
41e26810 t sanitize_string
41e2684c t generic_ffs
41e2689c t nand_read_page_raw
41e268e0 t nand_write_page_raw
41e26924 t nand_write_page
41e26a38 t nand_select_chip
41e26a88 t nand_transfer_oob
41e26b8c t nand_do_read_ops
41e26e9c T nand_release_device
41e26eac t nand_block_bad
41e27054 t nand_sync
41e27064 t nand_write_oob
41e27108 t nand_read_oob
41e27458 t nand_write
41e274bc t nand_read
41e27520 T nand_wait_ready
41e2756c t nand_command
41e27738 t nand_command_lp
41e27984 T nand_get_device
41e27990 T nand_erase_nand
41e27d28 t nand_default_block_markbad
41e27ee8 t nand_erase
41e27ef0 T nand_scan_ident
41e28958 T nand_scan_tail
41e28f00 T nand_scan
41e28f24 t rt2880_eth_recv
41e290d8 t rt2880_eth_send
41e29200 T EswCntRead
41e299f0 T rdm_ioctl
41e29b74 T START_ETH
41e29ba0 T STOP_ETH
41e29bcc T rt2880_eth_halt
41e29bd0 T rt2880_free_buf_entry_dequeue
41e29c08 T rt2880_eth_initialize
41e29d80 T isDMABusy
41e29dbc t rt2880_eth_init
41e2a2c0 T __mii_mgr_read
41e2a3a4 T __mii_mgr_write
41e2a470 T mii_mgr_read
41e2a500 T mii_mgr_write
41e2a568 T rt2880_mdio_access
41e2a948 T rtk_port_macForceLinkExt_set
41e2ab2c T rtk_port_phyReg_set
41e2ab80 T rtk_port_phyReg_get
41e2abd4 T rtk_port_phyEnableAll_set
41e2ac94 T rtk_port_sgmiiNway_set
41e2acf0 T rtk_rate_igrBandwidthCtrlRate_set
41e2ad98 T rtk_rate_egrBandwidthCtrlRate_set
41e2ae3c t _rtk_switch_init_8363sc_vb
41e2ae3c t _rtk_switch_init_8364b
41e2afec T rtk_switch_probe
41e2b10c T rtk_switch_initialState_get
41e2b11c T rtk_switch_logicalPortCheck
41e2b16c T rtk_switch_isUtpPort
41e2b1bc T rtk_switch_isExtPort
41e2b208 T rtk_switch_isHsgPort
41e2b250 T rtk_switch_isSgmiiPort
41e2b29c T rtk_switch_port_L2P_get
41e2b2cc T rtk_switch_init
41e2b9a0 T rtl8367c_setAsicRegBit
41e2ba08 T rtl8367c_getAsicRegBit
41e2ba40 T rtl8367c_setAsicRegBits
41e2bacc T rtl8367c_getAsicRegBits
41e2bb30 T rtl8367c_setAsicReg
41e2bb48 T rtl8367c_getAsicReg
41e2bb70 T rtl8367c_setAsicPortIngressBandwidth
41e2bc00 T rtl8367c_setAsicLutIpLookupMethod
41e2bc10 T rtl8367c_setAsicPortMirrorIsolationTxLeaky
41e2bc20 T rtl8367c_setAsicPHYOCPReg
41e2bc6c T rtl8367c_getAsicPHYOCPReg
41e2bcb8 T rtl8367c_setAsicPHYReg
41e2bcd8 T rtl8367c_getAsicPHYReg
41e2bcf8 T rtl8367c_setAsicSdsReg
41e2bd40 T rtl8367c_getAsicSdsReg
41e2bda8 T rtl8367c_setAsicPortForceLinkExt
41e2d44c T rtl8367c_getAsicPortForceLinkExt
41e2d6f8 T rtl8367c_setAsicPortExtMode
41e2fe80 T rtl8367c_setAsicPortEnableAll
41e2fea0 T rtl8367c_setSgmiiNway
41e301e0 T rtl8367c_setAsicRma
41e302a8 T rtl8367c_setAsicPortEgressRate
41e30304 T rtl8367c_setAsicPortEgressRateIfg
41e30314 T smi_read
41e30388 T smi_write
41e303f8 t get_current
41e30438 W altera_jtag_serial_initialize
41e30438 W altera_serial_initialize
41e30438 W amirix_serial_initialize
41e30438 W arc_serial_initialize
41e30438 W arm_dcc_initialize
41e30438 W asc_serial_initialize
41e30438 W atmel_serial_initialize
41e30438 W au1x00_serial_initialize
41e30438 W bfin_jtag_initialize
41e30438 W bfin_serial_initialize
41e30438 W bmw_serial_initialize
41e30438 W clps7111_serial_initialize
41e30438 W cogent_serial_initialize
41e30438 W cpci750_serial_initialize
41e30438 W evb64260_serial_initialize
41e30438 W imx_serial_initialize
41e30438 W iop480_serial_initialize
41e30438 W jz_serial_initialize
41e30438 W ks8695_serial_initialize
41e30438 W leon2_serial_initialize
41e30438 W leon3_serial_initialize
41e30438 W lh7a40x_serial_initialize
41e30438 W lpc32xx_serial_initialize
41e30438 W marvell_serial_initialize
41e30438 W max3100_serial_initialize
41e30438 W mcf_serial_initialize
41e30438 W ml2_serial_initialize
41e30438 W mpc512x_serial_initialize
41e30438 W mpc5xx_serial_initialize
41e30438 W mpc8260_scc_serial_initialize
41e30438 W mpc8260_smc_serial_initialize
41e30438 W mpc85xx_serial_initialize
41e30438 W mpc8xx_serial_initialize
41e30438 W mxc_serial_initialize
41e30438 W mxs_auart_initialize
41e30438 W ns16550_serial_initialize
41e30438 W oc_serial_initialize
41e30438 W p3mx_serial_initialize
41e30438 W pxa_serial_initialize
41e30438 W s3c24xx_serial_initialize
41e30438 W s5p_serial_initialize
41e30438 W sa1100_serial_initialize
41e30438 W sandbox_serial_initialize
41e30438 W sconsole_serial_initialize
41e30438 W sh_serial_initialize
41e30438 W uartlite_serial_initialize
41e30438 W zynq_serial_initalize
41e30438 t serial_null
41e3043c T serial_register
41e30454 T serial_stdio_init
41e304dc T serial_assign
41e30528 T serial_initialize
41e305f8 T serial_init
41e3060c T serial_setbrg
41e30620 t on_baudrate
41e3070c T serial_getc
41e30720 T serial_tstc
41e30734 T serial_putc
41e30750 T serial_puts
41e3076c t fs_probe_unsupported
41e30784 t fs_ls_unsupported
41e3078c t fs_exists_unsupported
41e30794 t fs_write_unsupported
41e3079c t fs_close_unsupported
41e307a0 t fs_get_info
41e307c0 t fs_close
41e307e8 t fs_read_unsupported
41e307f0 T fs_set_blk_dev
41e308a8 T fs_ls
41e308e4 T fs_exists
41e30918 T fs_read
41e3099c T do_load
41e30b60 T do_ls
41e30bc8 T file_exists
41e30bf4 t downcase
41e30c24 t disk_read
41e30c80 t dirdelim
41e30cb8 t get_fatent
41e30e08 t mkcksum
41e30e58 t get_cluster
41e30fc8 t get_name
41e31074 t read_bootsectandvi
41e3119c t slot2str
41e31258 t get_vfatname
41e31404 T fat_set_blk_dev
41e314d0 T do_fat_read_at
41e31fa4 T do_fat_read
41e31fc8 T file_fat_detectfs
41e32110 T file_fat_ls
41e32120 T fat_exists
41e32150 T file_fat_read_at
41e3219c T fat_read_file
41e321d8 T fat_close
41e321dc t LzmaDec_WriteRem
41e32274 t LzmaDec_DecodeReal2
41e32f58 t LzmaDec_TryDummy
41e33500 T LzmaDec_Init
41e33528 T LzmaDec_DecodeToDic
41e3388c T LzmaDec_FreeProbs
41e338b0 t LzmaDec_AllocateProbs2
41e33920 T LzmaProps_Decode
41e339c4 T LzmaDec_AllocateProbs
41e33a08 T LzmaDecode
41e33ad0 t SzFree
41e33ad8 t SzAlloc
41e33ae0 T lzmaBuffToBuffDecompress
41e33bbc T zcalloc
41e33bc4 T zcfree
41e33bcc T inflate_fast
41e3415c T inflate_table
41e34688 T inflateReset
41e34700 T inflateInit2_
41e34804 T inflateEnd
41e3486c T adler32
41e34ba0 T inflate
41e36084 T cyg_crc16
41e360c8 T gzalloc
41e360d8 T gzfree
41e360e0 T zunzip
41e36200 T gunzip
41e362b8 t lmb_add_region
41e36444 T lmb_init
41e3646c T lmb_add
41e36470 T lmb_free
41e3656c T lmb_reserve
41e36574 T lmb_overlaps_region
41e365c4 T __lmb_alloc_base
41e366d4 T lmb_alloc_base
41e36708 T lmb_alloc
41e36710 T __board_lmb_reserve
41e36710 W board_lmb_reserve
41e36714 t MD5Transform
41e37138 t MD5Update
41e371fc t MD5Final
41e3729c T md5_wd
41e372fc T string_to_ip
41e37364 T qsort
41e37444 t sha1_process
41e38984 t sha1_update.part.0
41e38a3c T sha1_starts
41e38a88 T sha1_update
41e38a94 T sha1_finish
41e38bd8 T sha1_csum_wd
41e38c14 t cmpkey
41e38c28 t _hdelete.isra.0
41e38c78 t drop_var_from_set.part.1
41e38cc8 t match_string.isra.2
41e38d28 T hcreate_r
41e38dd8 T hdestroy_r
41e38e50 T hsearch_r
41e392f4 T hdelete_r
41e393d0 T hexport_r
41e396ec T himport_r
41e39a30 T hwalk_r
41e39a8c T print_size
41e39bd0 T print_buffer
41e39d84 T crc32_no_comp
41e39e50 T crc32
41e39e64 T crc32_wd
41e39e68 T __div64_32
41e39f38 T hang
41e39f54 T skip_spaces
41e39f7c T strim
41e39fdc T strcpy
41e39ff4 T strncpy
41e3a018 T strcat
41e3a048 T strncat
41e3a09c T strcmp
41e3a0c4 T strncmp
41e3a100 T strchr
41e3a12c T strlen
41e3a14c T strnlen
41e3a178 T strdup
41e3a1b8 T strpbrk
41e3a1f4 T memset
41e3a258 T memcpy
41e3a2cc T memmove
41e3a310 T memcmp
41e3a344 T strstr
41e3a3b0 T memchr
41e3a3e0 T memchr_inv
41e3a514 W timer_init
41e3a51c T udelay
41e3a54c T mdelay
41e3a570 t put_dec_trunc
41e3a648 t put_dec
41e3a788 t string.isra.0
41e3a81c t number.isra.4
41e3aa68 t vsnprintf_internal.isra.6
41e3b060 T simple_strtoul
41e3b118 T strict_strtoul
41e3b190 T simple_strtol
41e3b1b4 T simple_strtoull
41e3b290 T vsprintf
41e3b294 T sprintf
41e3b2bc T panic
41e3b300 T simple_itoa
41e3b354 T fdt_check_header
41e3b3c8 T fdt_offset_ptr
41e3b414 T fdt_next_tag
41e3b510 T _fdt_check_node_offset
41e3b54c T _fdt_check_prop_offset
41e3b588 T fdt_next_node
41e3b640 T fdt_first_subnode
41e3b674 T fdt_next_subnode
41e3b6c4 T _fdt_find_string
41e3b720 T fdt_move
41e3b768 t _nextprop
41e3b7c4 T fdt_string
41e3b7d8 T fdt_get_mem_rsv
41e3b838 T fdt_num_mem_rsv
41e3b874 T fdt_subnode_offset_namelen
41e3b94c T fdt_subnode_offset
41e3b97c T fdt_get_name
41e3b9f0 T fdt_first_property_offset
41e3ba10 T fdt_next_property_offset
41e3ba30 T fdt_get_property_by_offset
41e3ba80 T fdt_get_property_namelen
41e3bb20 T fdt_get_property
41e3bb5c T fdt_getprop_namelen
41e3bb7c T fdt_getprop
41e3bbb8 T fdt_get_alias_namelen
41e3bbfc T fdt_path_offset
41e3bcf0 T fdt_supernode_atdepth_offset
41e3bd94 T fdt_node_depth
41e3bdbc t _fdt_blocks_misordered
41e3be20 t _fdt_splice
41e3be9c t _fdt_splice_mem_rsv
41e3bef4 t _fdt_splice_struct
41e3bf40 t _fdt_packblocks
41e3bfcc t _fdt_add_property
41e3c0e8 t _fdt_rw_check_header
41e3c148 T fdt_add_mem_rsv
41e3c1d0 T fdt_del_mem_rsv
41e3c22c T fdt_setprop
41e3c2f4 T fdt_delprop
41e3c354 T fdt_add_subnode_namelen
41e3c444 T fdt_add_subnode
41e3c474 T fdt_del_node
41e3c4cc T fdt_open_into
41e3c65c T fdt_strerror
41e3c6b4 T _fdt_node_end_offset
41e3c6f8 T ArpInit
41e3c748 T arp_raw_request
41e3c808 T ArpRequest
41e3c88c T ArpTimeoutCheck
41e3c90c T ArpReceive
41e3cb24 t BootpHandler
41e3ce9c T BootpRequest
41e3d094 t BootpTimeout
41e3d0d8 W cpu_eth_init
41e3d0d8 t __def_eth_init
41e3d0e0 t eth_current_changed
41e3d13c T eth_parse_enetaddr
41e3d198 T eth_getenv_enetaddr
41e3d1f4 T eth_setenv_enetaddr
41e3d228 T eth_getenv_enetaddr_by_index
41e3d274 T eth_get_dev_by_index
41e3d2b4 T eth_get_dev_index
41e3d2d0 T eth_write_hwaddr
41e3d4a8 T eth_register
41e3d524 T eth_initialize
41e3d6f4 T eth_halt
41e3d724 T eth_send
41e3d760 T eth_rx
41e3d784 T eth_try_another
41e3d80c T eth_init
41e3d8d4 T eth_set_current
41e3d974 T eth_get_name
41e3d994 t net_clear_handlers
41e3d9c8 t startAgainTimeout
41e3d9dc t dummy_handler
41e3d9e0 T net_auto_load
41e3da18 T NetStartAgain
41e3db64 T net_set_udp_handler
41e3db84 T net_get_arp_handler
41e3db94 T NetSetTimeout
41e3dbf4 T NetCksum
41e3dc24 T NetCksumOk
41e3dc44 T NetReceive
41e3def4 T NetEthHdrSize
41e3df30 T NetSetEther
41e3dfc8 T net_update_ether
41e3e044 T net_set_ip_header
41e3e0cc T net_set_udp_header
41e3e154 T NetSendUDPPacket
41e3e25c T copy_filename
41e3e2a0 t on_bootfile
41e3e2cc T ip_to_string
41e3e308 T string_to_VLAN
41e3e358 T getenv_VLAN
41e3e368 t NetInitLoop
41e3e458 T net_init
41e3e4c8 T NetLoop
41e3e7e8 t ping_timeout
41e3e804 T ping_start
41e3e92c T ping_receive
41e3ea14 t TftpSend
41e3ebdc t TftpHandler
41e3ef58 t TftpTimeout
41e3efe0 T TftpStart
41e3f310 T raise
41e3f330 T __udivsi3
41e3f330 t .udivsi3_skip_div0_test
41e3f330 t __aeabi_uidiv
41e3f58c t __aeabi_uidivmod
41e3f5a8 T __divsi3
41e3f5a8 t __aeabi_idiv
41e3f5ae t .divsi3_skip_div0_test
41e3f83c t __aeabi_idivmod
41e3f858 T __lshrdi3
41e3f858 t __aeabi_llsr
41e3f870 T __ashrdi3
41e3f870 t __aeabi_lasr
41e3f88c T __ashldi3
41e3f88c t __aeabi_llsl
41e3f8a4 W __aeabi_ldiv0
41e3f8a4 t __aeabi_idiv0
41e3feac r CSWTCH.28
41e3fecc r PatchChipData
41e4055c r block_drvr
41e4056c r boot_os
41e405cc r crc_table
41e409cc r env_flags_varaccess_mask
41e409dc r fdt_errtable
41e40a10 r gen_snand_FlashTable
41e41280 r hclks_msdc30
41e412a0 r msdc_rsp
41e412c4 R nand_flash_ids
41e419b4 R op_adv
41e41ab4 r op_table
41e41b1c r tacc_exp
41e41b3c r tacc_mant
41e41b7c r tran_exp
41e41b9c r uimage_arch
41e41cbc r uimage_comp
41e41d04 r uimage_os
41e41d70 r uimage_type
41e41e48 r crc16_tab
41e42048 r dbase.7397
41e42088 r dext.7398
41e420c8 r distfix
41e42148 r lbase.7395
41e42186 r lenfix
41e42986 r lext.7396
41e429c4 r order.7491
41e429fb r CSWTCH.163
41e429fb r CSWTCH.166
41e42a00 r CSWTCH.23
41e42a16 r __FUNCTION__.7268
41e42a2d r __FUNCTION__.7555
41e42a3f r __FUNCTION__.7590
41e42a54 r __FUNCTION__.7607
41e42a62 r __FUNCTION__.7948
41e42a6d r __FUNCTION__.7992
41e42a7e r __FUNCTION__.8097
41e42a8f r __FUNCTION__.8351
41e42aa1 r __FUNCTION__.8357
41e42aba r __FUNCTION__.8405
41e42ad2 r __FUNCTION__.8438
41e42aeb r __FUNCTION__.8531
41e42b03 r __FUNCTION__.8584
41e42b18 r __FUNCTION__.8613
41e42b26 r __FUNCTION__.8706
41e42b38 r __FUNCTION__.8728
41e42b4f r __FUNCTION__.8748
41e42b67 r __FUNCTION__.8894
41e42b76 r __func__.7017
41e42b89 r __func__.7032
41e42ba0 r __func__.7227
41e42bb0 r __func__.7238
41e42bbb r __func__.7356
41e42bc3 r __func__.7407
41e42bd1 r __func__.7441
41e42bdf r __func__.7820
41e42bec r __func__.7898
41e42bf9 r __func__.7952
41e42c0a r __func__.8102
41e42c15 r __func__.8306
41e42c2f r __func__.8530
41e42c47 r __func__.8860
41e42c55 R _ctype
41e42d55 R default_environment
41e43bba r delims.7106
41e43bbd r digits.7110
41e43bcd r env_flags_varaccess_rep
41e43bd2 r env_flags_vartype_rep
41e43bd9 r erase_seq
41e43bdd r hex_asc
41e43bee r names.7111
41e43bf4 r nand_ecc_precalc_table
41e43cf4 r sha1_padding
41e4eecf r tab_seq
41e4eed8 r tran_mant
41e4eee8 V version_string
41e4ef40 D init_sequence
41e4ef6c D ctp_load_addr
41e4ef70 D g_brg
41e4ef74 d mt7622_uart_drv
41e4efa4 D g_uart
41e4efa8 d reserved_list
41e4f02c d bootm_help_text
41e4f4fc d cmd_bootm_sub
41e4f5d4 d first_call
41e4f5d8 d first_call
41e4f5dc D env_name_spec
41e4f5e0 d source_help_text
41e4f68c d tabs.7261
41e4f6ad d root.7178
41e4f6af d fdt_help_text
41e4fcd4 d do_echo
41e4fcd8 d dp_last_length
41e4fcdc d curr_device
41e4fce0 d mtdparts_help_text
41e501b3 d nand_help_text
41e50596 d imgextract_help_text
41e50648 d env_help_text
41e50860 d env_id
41e50864 d cmd_env_sub
41e5093c D env_htab
41e5094c d av_
41e50d54 d sbrk_base
41e50d58 d trim_threshold
41e50d5c D load_addr
41e50d60 D stdio_names
41e50d6c d nand_oob_16
41e51874 D mtk_nand_hw
41e51894 D g_snand_rs_cur_part
41e51898 D nand_oob_128
41e523a0 D g_bHwEcc
41e523a4 D nand_oob_64
41e52eac D g_snand_cmd_status
41e52eb0 d MAIN_SIGNATURE
41e52eb4 d OOB_SIGNATURE
41e52eb8 d _aVendorFlash
41e54628 D msdc_cap
41e54658 D g_mtk_mmc_block
41e546cc D g_mtk_mmc_block_sd
41e54740 D g_mtk_mmc_block_emmc
41e547b4 D nand_curr_device
41e547b8 d bbt_mirror_descr
41e547dc d mirror_pattern
41e547e0 d bbt_main_no_oob_descr
41e54804 d scan_agand_pattern
41e5480a d bbt_pattern
41e54810 d agand_flashbased
41e54834 d scan_ff_pattern
41e54838 d bbt_mirror_no_oob_descr
41e5485c d bbt_main_descr
41e54880 d nand_oob_64
41e55388 d nand_oob_8
41e55e90 d nand_oob_16
41e56998 d nand_oob_128
41e574a0 d rtl8370b_hal_Ctrl
41e576d8 d rtl8363sc_vb_hal_Ctrl
41e57910 d rtl8364b_hal_Ctrl
41e57b48 d rtl8367c_hal_Ctrl
41e57d80 D Sgmii_Init
41e5821f D Fiber2_1G
41e58a0f D Fiber2_100M
41e591ff D Fiber2_Auto
41e599f8 d fstypes
41e59a38 D NetOurNativeVLAN
41e59a3a D NetBcastAddr
41e59a40 D NetOurVLAN
41e59a44 d first_call.7289
41e59a48 d TftpTimeoutCountMax
41e59a4c D TftpRRQTimeoutCountMax
41e59a50 d TftpBlkSizeOption
41e59a54 d TftpTimeoutMSecs
41e59a58 d TftpBlkSize
41e59a68 D _u_boot_list_2_cmd_2_backup_message
41e59a68 d start.6999
41e59a68 d start.7003
41e59a68 d start.7048
41e59a68 d start.7052
41e59a80 D _u_boot_list_2_cmd_2_base
41e59a98 D _u_boot_list_2_cmd_2_bdinfo
41e59ab0 D _u_boot_list_2_cmd_2_boot
41e59ac8 D _u_boot_list_2_cmd_2_boot_to_ctp
41e59ae0 D _u_boot_list_2_cmd_2_bootd
41e59af8 D _u_boot_list_2_cmd_2_bootm
41e59b10 D _u_boot_list_2_cmd_2_bootmenu
41e59b28 D _u_boot_list_2_cmd_2_bootp
41e59b40 D _u_boot_list_2_cmd_2_chpart
41e59b58 D _u_boot_list_2_cmd_2_cmp
41e59b70 D _u_boot_list_2_cmd_2_coninfo
41e59b88 D _u_boot_list_2_cmd_2_cp
41e59ba0 D _u_boot_list_2_cmd_2_crc32
41e59bb8 D _u_boot_list_2_cmd_2_ctp_check
41e59bd0 D _u_boot_list_2_cmd_2_download_setting
41e59be8 D _u_boot_list_2_cmd_2_echo
41e59c00 D _u_boot_list_2_cmd_2_editenv
41e59c18 D _u_boot_list_2_cmd_2_env
41e59c30 D _u_boot_list_2_cmd_2_esw_read
41e59c48 D _u_boot_list_2_cmd_2_exit
41e59c60 D _u_boot_list_2_cmd_2_false
41e59c78 D _u_boot_list_2_cmd_2_fatinfo
41e59c90 D _u_boot_list_2_cmd_2_fatload
41e59ca8 D _u_boot_list_2_cmd_2_fatls
41e59cc0 D _u_boot_list_2_cmd_2_fdt
41e59cd8 D _u_boot_list_2_cmd_2_filesize_check
41e59cf0 D _u_boot_list_2_cmd_2_go
41e59d08 D _u_boot_list_2_cmd_2_help
41e59d20 D _u_boot_list_2_cmd_2_image_blks
41e59d38 D _u_boot_list_2_cmd_2_image_check
41e59d50 D _u_boot_list_2_cmd_2_iminfo
41e59d68 D _u_boot_list_2_cmd_2_imxtract
41e59d80 D _u_boot_list_2_cmd_2_invaild_env
41e59d98 D _u_boot_list_2_cmd_2_itest
41e59db0 D _u_boot_list_2_cmd_2_loadb
41e59dc8 D _u_boot_list_2_cmd_2_loads
41e59de0 D _u_boot_list_2_cmd_2_loadx
41e59df8 D _u_boot_list_2_cmd_2_loady
41e59e10 D _u_boot_list_2_cmd_2_loop
41e59e28 D _u_boot_list_2_cmd_2_md
41e59e40 D _u_boot_list_2_cmd_2_mdio
41e59e58 D _u_boot_list_2_cmd_2_mm
41e59e70 D _u_boot_list_2_cmd_2_mmc
41e59e88 D _u_boot_list_2_cmd_2_mmc2
41e59ea0 D _u_boot_list_2_cmd_2_mmcinfo
41e59eb8 D _u_boot_list_2_cmd_2_mtdparts
41e59ed0 D _u_boot_list_2_cmd_2_mtk_image_blks
41e59ee8 D _u_boot_list_2_cmd_2_mw
41e59f00 D _u_boot_list_2_cmd_2_nand
41e59f18 D _u_boot_list_2_cmd_2_nboot
41e59f30 D _u_boot_list_2_cmd_2_nm
41e59f48 D _u_boot_list_2_cmd_2_nor
41e59f60 D _u_boot_list_2_cmd_2_ping
41e59f78 D _u_boot_list_2_cmd_2_printenv
41e59f90 D _u_boot_list_2_cmd_2_question_mark
41e59fa8 D _u_boot_list_2_cmd_2_reco_message
41e59fc0 D _u_boot_list_2_cmd_2_reg
41e59fd8 D _u_boot_list_2_cmd_2_reset
41e59ff0 D _u_boot_list_2_cmd_2_run
41e5a008 D _u_boot_list_2_cmd_2_saveenv
41e5a020 D _u_boot_list_2_cmd_2_serious_image_check
41e5a038 D _u_boot_list_2_cmd_2_setenv
41e5a050 D _u_boot_list_2_cmd_2_showvar
41e5a068 D _u_boot_list_2_cmd_2_sleep
41e5a080 D _u_boot_list_2_cmd_2_snor
41e5a098 D _u_boot_list_2_cmd_2_source
41e5a0b0 D _u_boot_list_2_cmd_2_test
41e5a0c8 D _u_boot_list_2_cmd_2_tftpboot
41e5a0e0 D _u_boot_list_2_cmd_2_true
41e5a0f8 D _u_boot_list_2_cmd_2_uboot_check
41e5a110 D _u_boot_list_2_cmd_2_version
41e5a128 D _u_boot_list_2_env_clbk_2_baudrate
41e5a128 d end.7006
41e5a128 d end.7055
41e5a128 d start.7142
41e5a128 d start.7149
41e5a130 D _u_boot_list_2_env_clbk_2_bootfile
41e5a138 D _u_boot_list_2_env_clbk_2_callbacks
41e5a140 D _u_boot_list_2_env_clbk_2_console
41e5a148 D _u_boot_list_2_env_clbk_2_flags
41e5a150 D _u_boot_list_2_env_clbk_2_loadaddr
41e5a158 B __bss_base
41e5a158 B __bss_start
41e5a158 B monitor_flash_len
41e5a158 D __image_copy_end
41e5a158 D __rel_dyn_start
41e5a158 d end.7145
41e5a15c b params
41e5a160 b timestamp
41e5a164 b lastinc
41e5a168 B console_buffer
41e5a56c b flag_repeat
41e5a570 b the_command.7259
41e5a970 b ifs
41e5a974 b last_return_code
41e5a978 b map
41e5aa78 b buf.7459
41e5aaa0 b do_repeat
41e5aaa4 b top_vars
41e5aaa8 b xyz
41e5aedc B images
41e5b034 b callback_list
41e5b038 b flags_list
41e5b03c b data.7152
41e5b43c B working_fdt
41e5b440 b send_parms
41e5b454 b os_data_addr_saved
41e5b458 b his_pad_char
41e5b459 b a_b
41e5b474 b os_data_char
41e5b478 b os_data_state
41e5b47c b k_data_escape
41e5b480 b os_data_state_saved
41e5b484 b os_data_addr
41e5b488 b send_ptr
41e5b48c b his_pad_count
41e5b490 b bin_start_address
41e5b494 b his_quote
41e5b498 b os_data_init
41e5b49c b his_eol
41e5b4a0 b k_data_escape_saved
41e5b4a4 b dp_last_addr
41e5b4a8 b base_address
41e5b4ac b mm_last_size
41e5b4b0 b mm_last_addr
41e5b4b4 b dp_last_size
41e5b4b8 b last_ids
41e5b538 B current_mtd_dev
41e5b53c b last_partition
41e5b54c b last_parts
41e5b74c B current_mtd_partnum
41e5b750 b mtdids
41e5b758 b initialized.8291
41e5b75c b devices
41e5b768 b last.8031
41e5b770 b ctrlc_was_pressed
41e5b774 b ctrlc_disabled
41e5b778 b max_total_mem
41e5b77c B mem_malloc_brk
41e5b780 b max_sbrked_mem
41e5b784 b current_mallinfo
41e5b7ac B mem_malloc_end
41e5b7b0 b top_pad
41e5b7b4 B mem_malloc_start
41e5b7b8 B stdio_devices
41e5b7c4 b devs
41e5b800 B g_snand_temp
41e5c880 B g_snand_rs_spare_per_sector_second_part_nfi
41e5c884 B SNFI_GPIO_BACKUP
41e5c890 B manu_id
41e5c894 B gacBuf
41e5d914 B g_snand_read_byte_mode
41e5d918 B g_snand_id_data_idx
41e5d91c B host
41e5d920 B g_bInitDone
41e5d924 B g_snand_rs_ecc_bit_second_part
41e5d928 b g_kCMD
41e5da00 b local_buffer
41e5eb00 B g_snand_dev_status
41e5eb04 B dev_id
41e5eb40 b fdm_buf
41e5eb80 b local_buffer_16_align
41e5eb84 B dummy_driver_debug
41e5ebc0 B g_snand_spare
41e5ec40 B g_bmt
41e5ec44 B g_snand_rs_num_page
41e5ec48 B g_snand_id_data
41e5ec4c B g_snand_spare_per_sector
41e5ec50 B devinfo
41e5ec98 b local_oob_buf
41e5ef18 b system_block_count
41e5ef1c b nand_chip_bmt
41e5ef20 b oob_buf
41e5f420 b page_per_block
41e5f424 b total_block_count
41e5f428 b bmt_block_index
41e5f42c b dat_buf
41e61870 R __rel_dyn_end
41e61870 R _image_binary_end
41e6342c b mtd_bmt
41e63430 b bmt_block_count
41e63434 b pool_erased
41e63436 b bmt
41e6363c B part_num
41e63640 B g_exist_Partition
41e63c80 B protect_2nd_nor
41e63c84 b mt53xx_nor
41e63c88 B u4MenuID
41e63c8c b flash_info_tmp
41e63cdc b mt53xx_nor_tmp
41e63cf0 B enable_protect_ro
41e63d00 b nor_dma_buf
41e64d00 b msdc_priv
41e64e00 b msdc_bd_pool
41e64e80 b msdc_gpd_pool
41e64ef0 b sd_card
41e654b0 b sd_host
41e65588 b mtk_mmc
41e65700 B is_mtk_init
41e65704 b mtk_mmc_data_priv
41e65708 B mtd_table
41e65788 B mtd_partitions
41e65790 B nand_info
41e65840 b nand_chip
41e65a78 b total_nand_size
41e65a7c b dev_name
41e65a84 b tx_ring0
41e65a88 B RxPktBuf
41e7c288 b rx_desc_threshold
41e7c28c b tx_cpu_owner_idx0
41e7c290 B register_control
41e7c294 B rt2880_busing_buf_list
41e7c2c0 b tx_ring0_cache
41e7c340 b rx_ring_cache
41e7c3c0 b rx_ring
41e7c3c4 B rt2880_free_buf_list
41e7c3cc B PKT_HEADER_Buf
41e7c3d0 b rx_desc_cnt
41e7c3d4 b rx_dma_owner_idx0
41e7c3d8 b rt2880_free_buf
41e7c6a8 b PKT_HEADER_Buf_Pool
41e92ee8 b rt2880_eth_initd
41e92eec b init_state
41e92ef0 b halCtrl
41e92ef4 b serial_devices
41e92ef8 b serial_current
41e92efc b fs_partition
41e92f4c b fs_type
41e92f50 b fs_dev_desc
41e92f80 B do_fat_read_at_block
41ea2f80 B get_dentfromdir_block
41eb2f80 b cur_part_info
41eb3000 B get_contents_vfatname_block
41ec3000 b cur_dev
41ec3004 B errno
41ec3008 b local.7289
41ec3020 B NetArpWaitPacketIP
41ec3024 B NetArpWaitTimerStart
41ec3028 b NetArpWaitReplyIP
41ec302c B NetArpWaitTxPacketSize
41ec3030 B NetArpWaitTry
41ec3034 b NetArpTxPacket
41ec3038 b NetArpPacketBuf
41ec3678 B NetArpWaitPacketMAC
41ec367c B BootpTry
41ec3680 B BootpID
41ec3684 b index.7514
41ec3688 B eth_current
41ec368c b env_changed_id.7567
41ec3690 b act.7566
41ec3694 b first_failed.7561
41ec3698 b eth_devices
41ec369c B NetOurEther
41ec36a4 B NetServerIP
41ec36a8 b NetRestarted
41ec36ac B NetUipLoop
41ec36b0 B net_state
41ec36b4 B NetRxPackets
41ec37a4 B NetBootFileSize
41ec37a6 B NetEtherNullAddr
41ec37ac B NetRxPacket
41ec37b0 b udp_packet_handler
41ec37b4 b NetDevExists
41ec37b8 b timeStart
41ec37bc b timeHandler
41ec37c0 b NetTryCount
41ec37c4 B NetOurNISDomain
41ec37e4 B NetOurDNSIP
41ec37e8 B NetOurSubnetMask
41ec37ec B NetTxPacket
41ec37f0 B NetBootFileXferSize
41ec37f4 B NetOurIP
41ec37f8 B NetIPID
41ec37fc B NetOurGatewayIP
41ec3800 b arp_packet_handler
41ec3804 B NetOurHostName
41ec3824 B NetRestartWrap
41ec3828 B NetRxPacketLen
41ec382c B BootFile
41ec38ac b timeDelta
41ec38b0 B NetServerEther
41ec38b8 b env_changed_id.7278
41ec38bc b PktBuf
41eda6fc B NetOurRootPath
41eda73c B NetPingIP
41eda740 b PingSeqNo
41eda744 b time_start
41eda748 b TftpTimeoutCount
41eda74c b TftpBlockWrap
41eda750 b TftpBlock
41eda754 b TftpOurPort
41eda758 b TftpRemoteIP
41eda75c b TftpState
41eda760 b TftpRemotePort
41eda764 b default_filename
41eda771 b tftp_filename
41eda7f4 b TftpBlockWrapOffset
41eda7f8 b TftpLastBlock
41eda7fc B __bss_end
41eda7fc B __bss_limit
