Archive member included to satisfy reference by file (symbol)

/usr/lib/gcc-cross/arm-linux-gnueabihf/5/libgcc.a(_udivsi3.o)
                              board/mediatek/common/built-in.o (__aeabi_uidiv)
/usr/lib/gcc-cross/arm-linux-gnueabihf/5/libgcc.a(_divsi3.o)
                              common/built-in.o (__aeabi_idiv)
/usr/lib/gcc-cross/arm-linux-gnueabihf/5/libgcc.a(_lshrdi3.o)
                              common/built-in.o (__aeabi_llsr)
/usr/lib/gcc-cross/arm-linux-gnueabihf/5/libgcc.a(_ashrdi3.o)
                              drivers/built-in.o (__aeabi_lasr)
/usr/lib/gcc-cross/arm-linux-gnueabihf/5/libgcc.a(_ashldi3.o)
                              drivers/mtd/nand/built-in.o (__aeabi_llsl)
/usr/lib/gcc-cross/arm-linux-gnueabihf/5/libgcc.a(_dvmd_lnx.o)
                              /usr/lib/gcc-cross/arm-linux-gnueabihf/5/libgcc.a(_udivsi3.o) (__aeabi_idiv0)

Discarded input sections

 .data          0x0000000000000000        0x0 arch/arm/cpu/armv7/start.o
 .bss           0x0000000000000000        0x0 arch/arm/cpu/armv7/start.o
 .text          0x0000000000000000        0x0 arch/arm/cpu/armv7/built-in.o
 .text.flush_dcache_all
                0x0000000000000000        0x4 arch/arm/cpu/armv7/built-in.o
 .text.arm_init_before_mmu
                0x0000000000000000        0x4 arch/arm/cpu/armv7/built-in.o
 .text.mmu_page_table_flush
                0x0000000000000000        0x4 arch/arm/cpu/armv7/built-in.o
 .text.arm_init_domains
                0x0000000000000000        0x4 arch/arm/cpu/armv7/built-in.o
 .text.__v7_outer_cache_enable
                0x0000000000000000        0x4 arch/arm/cpu/armv7/built-in.o
 .text.__v7_outer_cache_flush_all
                0x0000000000000000        0x4 arch/arm/cpu/armv7/built-in.o
 .text.__v7_outer_cache_inval_all
                0x0000000000000000        0x4 arch/arm/cpu/armv7/built-in.o
 .text.__v7_outer_cache_flush_range
                0x0000000000000000        0x4 arch/arm/cpu/armv7/built-in.o
 .text.__v7_outer_cache_inval_range
                0x0000000000000000        0x4 arch/arm/cpu/armv7/built-in.o
 .text.sdelay   0x0000000000000000        0xc arch/arm/cpu/armv7/built-in.o
 .text.sr32     0x0000000000000000       0x20 arch/arm/cpu/armv7/built-in.o
 .text.wait_on_value
                0x0000000000000000       0x34 arch/arm/cpu/armv7/built-in.o
 .data          0x0000000000000000        0x0 arch/arm/cpu/armv7/built-in.o
 .bss           0x0000000000000000        0x0 arch/arm/cpu/armv7/built-in.o
 .data          0x0000000000000000        0x0 arch/arm/cpu/armv7/mt7622/built-in.o
 .bss           0x0000000000000000        0x0 arch/arm/cpu/armv7/mt7622/built-in.o
 .text.__arch_cpu_init
                0x0000000000000000        0x8 arch/arm/lib/built-in.o
 .text.__red_led_off
                0x0000000000000000        0x4 arch/arm/lib/built-in.o
 .text.__green_led_on
                0x0000000000000000        0x4 arch/arm/lib/built-in.o
 .text.__green_led_off
                0x0000000000000000        0x4 arch/arm/lib/built-in.o
 .text.__yellow_led_on
                0x0000000000000000        0x4 arch/arm/lib/built-in.o
 .text.__yellow_led_off
                0x0000000000000000        0x4 arch/arm/lib/built-in.o
 .text.__blue_led_on
                0x0000000000000000        0x4 arch/arm/lib/built-in.o
 .text.__blue_led_off
                0x0000000000000000        0x4 arch/arm/lib/built-in.o
 .text.__flush_cache
                0x0000000000000000        0x4 arch/arm/lib/built-in.o
 .text.__flush_dcache_all
                0x0000000000000000        0xc arch/arm/lib/built-in.o
 .text.__arm_init_before_mmu
                0x0000000000000000        0x4 arch/arm/lib/built-in.o
 .text.arm_init_domains
                0x0000000000000000        0x4 arch/arm/lib/built-in.o
 .text.set_section_dcache
                0x0000000000000000       0x14 arch/arm/lib/built-in.o
 .text.__mmu_page_table_flush
                0x0000000000000000        0x4 arch/arm/lib/built-in.o
 .text.mmu_set_region_dcache_behaviour
                0x0000000000000000       0x4c arch/arm/lib/built-in.o
 .text.dram_bank_mmu_setup
                0x0000000000000000       0x40 arch/arm/lib/built-in.o
 .text.icache_status
                0x0000000000000000        0xc arch/arm/lib/built-in.o
 .text.dcache_enable
                0x0000000000000000        0x4 arch/arm/lib/built-in.o
 .text.dcache_status
                0x0000000000000000        0x8 arch/arm/lib/built-in.o
 .data          0x0000000000000000        0x0 arch/arm/lib/built-in.o
 .__end         0x0000000000000000        0x0 arch/arm/lib/built-in.o
 .bss           0x0000000000000000        0x0 arch/arm/lib/built-in.o
 .text          0x0000000000000000        0x0 board/mediatek/common/built-in.o
 .data          0x0000000000000000        0x0 board/mediatek/common/built-in.o
 .bss           0x0000000000000000        0x0 board/mediatek/common/built-in.o
 .text          0x0000000000000000        0x0 board/mediatek/mt7622_evb/built-in.o
[...]
Memory Configuration

Name             Origin             Length             Attributes
*default*        0x0000000000000000 0xffffffffffffffff

Linker script and memory map

Address of section .text set to 0x41e00000
                0x0000000000000000                . = 0x0
                0x0000000000000000                . = ALIGN (0x4)

.text           0x0000000041e00000    0x3f8b0
 *(.__image_copy_start)
 .__image_copy_start
                0x0000000041e00000        0x0 arch/arm/lib/built-in.o
                0x0000000041e00000                __image_copy_start
 arch/arm/cpu/armv7/start.o(.text*)
 .text          0x0000000041e00000      0x36c arch/arm/cpu/armv7/start.o
                0x0000000041e00000                _start
                0x0000000041e00020                _undefined_instruction
                0x0000000041e00024                _software_interrupt
                0x0000000041e00028                _prefetch_abort
                0x0000000041e0002c                _data_abort
                0x0000000041e00030                _not_used
                0x0000000041e00034                _irq
                0x0000000041e00038                _fiq
                0x0000000041e00040                _end_vect
                0x0000000041e00040                IRQ_STACK_START_IN
                0x0000000041e00084                c_runtime_cpu_setup
                0x0000000041e0009c                save_boot_params
                0x0000000041e000a0                cpu_init_cp15
                0x0000000041e000d8                cpu_init_crit
 *(.text*)
 .text.invalidate_dcache_all
                0x0000000041e0036c        0x4 arch/arm/cpu/armv7/built-in.o
                0x0000000041e0036c                invalidate_dcache_all
 .text.invalidate_dcache_range
                0x0000000041e00370        0x4 arch/arm/cpu/armv7/built-in.o
                0x0000000041e00370                invalidate_dcache_range
 .text.flush_dcache_range
                0x0000000041e00374        0x4 arch/arm/cpu/armv7/built-in.o
                0x0000000041e00374                flush_dcache_range
 .text.flush_cache
                0x0000000041e00378        0x4 arch/arm/cpu/armv7/built-in.o
                0x0000000041e00378                flush_cache
 .text.invalidate_icache_all
                0x0000000041e0037c       0x18 arch/arm/cpu/armv7/built-in.o
                0x0000000041e0037c                invalidate_icache_all
 .text.__v7_outer_cache_disable
                0x0000000041e00394        0x4 arch/arm/cpu/armv7/built-in.o
                0x0000000041e00394                v7_outer_cache_disable
                0x0000000041e00394                __v7_outer_cache_disable
 .text.cpu_cache_initialization
                0x0000000041e00398        0x4 arch/arm/cpu/armv7/built-in.o
                0x0000000041e00398                cpu_cache_initialization
 .text.cleanup_before_linux
                0x0000000041e0039c       0x28 arch/arm/cpu/armv7/built-in.o
                0x0000000041e0039c                cleanup_before_linux
 .text          0x0000000041e003c4       0x2c arch/arm/cpu/armv7/mt7622/built-in.o
                0x0000000041e003c4                lowlevel_init
                0x0000000041e003d4                jumparch64_smc
 .text.arch_cpu_init
                0x0000000041e003f0       0x10 arch/arm/cpu/armv7/mt7622/built-in.o
                0x0000000041e003f0                arch_cpu_init
 .text.reset_cpu
                0x0000000041e00400        0x8 arch/arm/cpu/armv7/mt7622/built-in.o
                0x0000000041e00400                reset_cpu
 .text          0x0000000041e00408       0xe8 arch/arm/lib/built-in.o
                0x0000000041e00408                _main
                0x0000000041e0048c                relocate_code
 .text.print_cpuinfo
                0x0000000041e004f0        0x8 arch/arm/lib/built-in.o
 .text.display_banner
                0x0000000041e004f8       0x20 arch/arm/lib/built-in.o
 .text.init_baudrate
                0x0000000041e00518       0x2c arch/arm/lib/built-in.o
 .text.mark_bootstage
                0x0000000041e00544       0x14 arch/arm/lib/built-in.o
 .text.__coloured_LED_init
                0x0000000041e00558        0x4 arch/arm/lib/built-in.o
                0x0000000041e00558                coloured_LED_init
                0x0000000041e00558                __coloured_LED_init
 .text.__red_led_on
                0x0000000041e0055c        0x4 arch/arm/lib/built-in.o
                0x0000000041e0055c                __red_led_on
                0x0000000041e0055c                red_led_on
 .text.__dram_init_banksize
                0x0000000041e00560       0x1c arch/arm/lib/built-in.o
                0x0000000041e00560                __dram_init_banksize
                0x0000000041e00560                dram_init_banksize
 .text.__power_init_board
                0x0000000041e0057c        0x8 arch/arm/lib/built-in.o
                0x0000000041e0057c                __power_init_board
                0x0000000041e0057c                power_init_board
 .text.board_init_f
                0x0000000041e00584      0x130 arch/arm/lib/built-in.o
                0x0000000041e00584                board_init_f
 .text.config_shared_SRAM_size
                0x0000000041e006b4       0x44 arch/arm/lib/built-in.o
                0x0000000041e006b4                config_shared_SRAM_size
 .text.board_init_r
                0x0000000041e006f8      0x10c arch/arm/lib/built-in.o
                0x0000000041e006f8                board_init_r
 .text.arch_fixup_memory_node
                0x0000000041e00804       0x3c arch/arm/lib/built-in.o
                0x0000000041e00804                arch_fixup_memory_node
 .text.boot_jump_linux.isra.4
                0x0000000041e00840       0x3c arch/arm/lib/built-in.o
 .text.arch_lmb_reserve
                0x0000000041e0087c       0x24 arch/arm/lib/built-in.o
                0x0000000041e0087c                arch_lmb_reserve
 .text.setup_board_tags
                0x0000000041e008a0        0x4 arch/arm/lib/built-in.o
                0x0000000041e008a0                setup_board_tags
 .text.boot_prep_linux
                0x0000000041e008a4      0x170 arch/arm/lib/built-in.o
 .text.do_bootm_linux
                0x0000000041e00a14       0x54 arch/arm/lib/built-in.o
                0x0000000041e00a14                do_bootm_linux
 .text.boot_prep_vxworks
                0x0000000041e00a68       0x50 arch/arm/lib/built-in.o
                0x0000000041e00a68                boot_prep_vxworks
 .text.boot_jump_vxworks
                0x0000000041e00ab8        0xc arch/arm/lib/built-in.o
                0x0000000041e00ab8                boot_jump_vxworks
 .text.interrupt_init
                0x0000000041e00ac4       0x1c arch/arm/lib/built-in.o
                0x0000000041e00ac4                interrupt_init
 .text.enable_interrupts
                0x0000000041e00ae0        0x4 arch/arm/lib/built-in.o
                0x0000000041e00ae0                enable_interrupts
 .text.disable_interrupts
                0x0000000041e00ae4        0x8 arch/arm/lib/built-in.o
                0x0000000041e00ae4                disable_interrupts
 .text.bad_mode
                0x0000000041e00aec       0x10 arch/arm/lib/built-in.o
                0x0000000041e00aec                bad_mode
 .text.show_regs
                0x0000000041e00afc      0x13c arch/arm/lib/built-in.o
                0x0000000041e00afc                show_regs
 .text.do_undefined_instruction
                0x0000000041e00c38       0x20 arch/arm/lib/built-in.o
                0x0000000041e00c38                do_undefined_instruction
 .text.do_software_interrupt
                0x0000000041e00c58       0x20 arch/arm/lib/built-in.o
                0x0000000041e00c58                do_software_interrupt
 .text.do_prefetch_abort
                0x0000000041e00c78       0x20 arch/arm/lib/built-in.o
                0x0000000041e00c78                do_prefetch_abort
 .text.do_data_abort
                0x0000000041e00c98       0x20 arch/arm/lib/built-in.o
                0x0000000041e00c98                do_data_abort
 .text.do_not_used
                0x0000000041e00cb8       0x20 arch/arm/lib/built-in.o
                0x0000000041e00cb8                do_not_used
 .text.do_fiq   0x0000000041e00cd8       0x20 arch/arm/lib/built-in.o
                0x0000000041e00cd8                do_fiq
 .text.do_irq   0x0000000041e00cf8       0x20 arch/arm/lib/built-in.o
                0x0000000041e00cf8                do_irq
 .text.do_reset
                0x0000000041e00d18       0x2c arch/arm/lib/built-in.o
                0x0000000041e00d18                do_reset
 .text.__enable_caches
                0x0000000041e00d44        0xc arch/arm/lib/built-in.o
                0x0000000041e00d44                enable_caches
                0x0000000041e00d44                __enable_caches
 .text.cp_delay
                0x0000000041e00d50       0x30 arch/arm/lib/built-in.o
 .text.icache_enable
                0x0000000041e00d80       0x18 arch/arm/lib/built-in.o
                0x0000000041e00d80                icache_enable
 .text.icache_disable
                0x0000000041e00d98       0x1c arch/arm/lib/built-in.o
                0x0000000041e00d98                icache_disable
 .text.dcache_disable
                0x0000000041e00db4        0x4 arch/arm/lib/built-in.o
                0x0000000041e00db4                dcache_disable
 .text.do_backup_message
                0x0000000041e00db8       0x18 board/mediatek/common/built-in.o
                0x0000000041e00db8                do_backup_message
 .text.do_reco_message
                0x0000000041e00dd0       0x18 board/mediatek/common/built-in.o
                0x0000000041e00dd0                do_reco_message
 .text.do_boot_to_ctp
                0x0000000041e00de8       0x60 board/mediatek/common/built-in.o
                0x0000000041e00de8                do_boot_to_ctp
 .text.do_read_mtk_image_blks
                0x0000000041e00e48      0x1c0 board/mediatek/common/built-in.o
                0x0000000041e00e48                do_read_mtk_image_blks
 .text.do_ctp_check
                0x0000000041e01008       0x68 board/mediatek/common/built-in.o
                0x0000000041e01008                do_ctp_check
 .text.do_read_image_blks
                0x0000000041e01070      0x200 board/mediatek/common/built-in.o
                0x0000000041e01070                do_read_image_blks
 .text.do_serious_image_check
                0x0000000041e01270       0xcc board/mediatek/common/built-in.o
                0x0000000041e01270                do_serious_image_check
 .text.do_invaild_env
                0x0000000041e0133c       0x30 board/mediatek/common/built-in.o
                0x0000000041e0133c                do_invaild_env
 .text.do_filesize_check
                0x0000000041e0136c      0x10c board/mediatek/common/built-in.o
                0x0000000041e0136c                do_filesize_check
 .text.do_image_check
                0x0000000041e01478       0x70 board/mediatek/common/built-in.o
                0x0000000041e01478                do_image_check
 .text.do_uboot_check
                0x0000000041e014e8       0x70 board/mediatek/common/built-in.o
                0x0000000041e014e8                do_uboot_check
 .text.input_value
                0x0000000041e01558       0x48 board/mediatek/common/built-in.o
                0x0000000041e01558                input_value
 .text.get_filetype
                0x0000000041e015a0       0x44 board/mediatek/common/built-in.o
                0x0000000041e015a0                get_filetype
 .text.do_download_setting
                0x0000000041e015e4      0x66c board/mediatek/common/built-in.o
                0x0000000041e015e4                do_download_setting
 .text.dram_init
                0x0000000041e01c50       0x10 board/mediatek/mt7622_evb/built-in.o
                0x0000000041e01c50                dram_init
 .text.board_init
                0x0000000041e01c60       0x24 board/mediatek/mt7622_evb/built-in.o
                0x0000000041e01c60                board_init
 .text.board_late_init
                0x0000000041e01c84       0x18 board/mediatek/mt7622_evb/built-in.o
                0x0000000041e01c84                board_late_init
 .text.ft_board_setup
                0x0000000041e01c9c        0x4 board/mediatek/mt7622_evb/built-in.o
                0x0000000041e01c9c                ft_board_setup
 .text.board_eth_init
                0x0000000041e01ca0       0x10 board/mediatek/mt7622_evb/built-in.o
                0x0000000041e01ca0                board_eth_init
 .text.gpt4_get_current_tick
                0x0000000041e01cb0       0x10 board/mediatek/mt7622_evb/built-in.o
                0x0000000041e01cb0                gpt4_get_current_tick
 .text.gpt4_timeout_tick
                0x0000000041e01cc0       0x28 board/mediatek/mt7622_evb/built-in.o
                0x0000000041e01cc0                gpt4_timeout_tick
 .text.gpt4_time2tick_us
                0x0000000041e01ce8       0x1c board/mediatek/mt7622_evb/built-in.o
                0x0000000041e01ce8                gpt4_time2tick_us
 .text.gpt_busy_wait_us
                0x0000000041e01d04       0x40 board/mediatek/mt7622_evb/built-in.o
                0x0000000041e01d04                gpt_busy_wait_us
 .text.reset_timer_masked
                0x0000000041e01d44       0x44 board/mediatek/mt7622_evb/built-in.o
                0x0000000041e01d44                reset_timer_masked
 .text.get_timer_masked
                0x0000000041e01d88       0x94 board/mediatek/mt7622_evb/built-in.o
                0x0000000041e01d88                get_timer_masked
 .text.get_timer
                0x0000000041e01e1c       0x20 board/mediatek/mt7622_evb/built-in.o
                0x0000000041e01e1c                get_timer
 .text.__udelay
                0x0000000041e01e3c        0x4 board/mediatek/mt7622_evb/built-in.o
                0x0000000041e01e3c                __udelay
 .text.mtk_timer_init
                0x0000000041e01e40       0x28 board/mediatek/mt7622_evb/built-in.o
                0x0000000041e01e40                mtk_timer_init
 .text.uart_setbrg
                0x0000000041e01e68       0xd0 board/mediatek/mt7622_evb/built-in.o
                0x0000000041e01e68                uart_setbrg
 .text.mtk_uart_init
                0x0000000041e01f38       0x34 board/mediatek/mt7622_evb/built-in.o
                0x0000000041e01f38                mtk_uart_init
 .text.PutUARTByte
                0x0000000041e01f6c       0x38 board/mediatek/mt7622_evb/built-in.o
                0x0000000041e01f6c                PutUARTByte
 .text.uart_getc
                0x0000000041e01fa4       0x24 board/mediatek/mt7622_evb/built-in.o
                0x0000000041e01fa4                uart_getc
 .text.uart_puts
                0x0000000041e01fc8       0x20 board/mediatek/mt7622_evb/built-in.o
                0x0000000041e01fc8                uart_puts
 .text.uart_tstc
                0x0000000041e01fe8       0x18 board/mediatek/mt7622_evb/built-in.o
                0x0000000041e01fe8                uart_tstc
 .text.pl01x_serial_initialize
                0x0000000041e02000        0xc board/mediatek/mt7622_evb/built-in.o
                0x0000000041e02000                pl01x_serial_initialize
 .text.default_serial_console
                0x0000000041e0200c        0xc board/mediatek/mt7622_evb/built-in.o
                0x0000000041e0200c                default_serial_console
 .text.mtk_wdt_disable
                0x0000000041e02018       0x1c board/mediatek/mt7622_evb/built-in.o
                0x0000000041e02018                mtk_wdt_disable
 .text.mtk_arch_reset
                0x0000000041e02034       0x50 board/mediatek/mt7622_evb/built-in.o
                0x0000000041e02034                mtk_arch_reset
 .text.delete_char.part.0
                0x0000000041e02084       0xd4 common/built-in.o
 .text.__show_boot_progress
                0x0000000041e02158        0x4 common/built-in.o
                0x0000000041e02158                __show_boot_progress
                0x0000000041e02158                show_boot_progress
 .text.readline_into_buffer
                0x0000000041e0215c      0x1f4 common/built-in.o
                0x0000000041e0215c                readline_into_buffer
 .text.readline
                0x0000000041e02350       0x14 common/built-in.o
                0x0000000041e02350                readline
 .text.run_command
                0x0000000041e02364        0x8 common/built-in.o
                0x0000000041e02364                run_command
 .text.run_command_list
                0x0000000041e0236c       0x5c common/built-in.o
                0x0000000041e0236c                run_command_list
 .text.main_loop
                0x0000000041e023c8      0x110 common/built-in.o
                0x0000000041e023c8                main_loop
 .text.do_run   0x0000000041e024d8       0x74 common/built-in.o
                0x0000000041e024d8                do_run
 .text.find_cmd_tbl
                0x0000000041e0254c       0xa4 common/built-in.o
                0x0000000041e0254c                find_cmd_tbl
 .text.find_cmd
                0x0000000041e025f0       0x28 common/built-in.o
                0x0000000041e025f0                find_cmd
 .text.cmd_usage
                0x0000000041e02618       0x5c common/built-in.o
                0x0000000041e02618                cmd_usage
 .text._do_help
                0x0000000041e02674      0x188 common/built-in.o
                0x0000000041e02674                _do_help
 .text.cmd_get_data_size
                0x0000000041e027fc       0x5c common/built-in.o
                0x0000000041e027fc                cmd_get_data_size
 .text.cmd_process
                0x0000000041e02858       0xec common/built-in.o
                0x0000000041e02858                cmd_process
 .text.dummy    0x0000000041e02944        0x4 common/built-in.o
 .text.get_version
                0x0000000041e02948        0x8 common/built-in.o
                0x0000000041e02948                get_version
 .text.jumptable_init
                0x0000000041e02950      0x190 common/built-in.o
                0x0000000041e02950                jumptable_init
 .text.hash_command
                0x0000000041e02ae0       0xa0 common/built-in.o
                0x0000000041e02ae0                hash_command
 .text.b_reset  0x0000000041e02b80       0x1c common/built-in.o
 .text.static_get
                0x0000000041e02b9c       0x1c common/built-in.o
 .text.file_peek
                0x0000000041e02bb8        0xc common/built-in.o
 .text.mapset   0x0000000041e02bc4       0x20 common/built-in.o
 .text.syntax_err
                0x0000000041e02be4        0xc common/built-in.o
 .text.free_pipe_list
                0x0000000041e02bf0       0xec common/built-in.o
 .text.xmalloc  0x0000000041e02cdc       0x20 common/built-in.o
 .text.new_pipe
                0x0000000041e02cfc       0x28 common/built-in.o
 .text.xrealloc
                0x0000000041e02d24       0x20 common/built-in.o
 .text.done_command
                0x0000000041e02d44       0x84 common/built-in.o
 .text.done_pipe
                0x0000000041e02dc8       0x48 common/built-in.o
 .text.done_word
                0x0000000041e02e10      0x2a8 common/built-in.o
 .text.do_showvar
                0x0000000041e030b8      0x100 common/built-in.o
 .text.is_assignment
                0x0000000041e031b8       0x5c common/built-in.o
 .text.file_get
                0x0000000041e03214      0x1ec common/built-in.o
 .text.b_addchr
                0x0000000041e03400       0x80 common/built-in.o
 .text.b_addqchr
                0x0000000041e03480       0x50 common/built-in.o
 .text.static_peek
                0x0000000041e034d0        0xc common/built-in.o
 .text.get_local_var
                0x0000000041e034dc       0xa0 common/built-in.o
                0x0000000041e034dc                get_local_var
 .text.set_local_var
                0x0000000041e0357c      0x1ac common/built-in.o
                0x0000000041e0357c                set_local_var
 .text.insert_var_value_sub
                0x0000000041e03728      0x2c0 common/built-in.o
 .text.parse_string_outer
                0x0000000041e039e8       0xe4 common/built-in.o
                0x0000000041e039e8                parse_string_outer
 .text.run_list_real
                0x0000000041e03acc      0x768 common/built-in.o
 .text.parse_stream_outer
                0x0000000041e04234      0x698 common/built-in.o
 .text.parse_file_outer
                0x0000000041e048cc       0x44 common/built-in.o
                0x0000000041e048cc                parse_file_outer
 .text.u_boot_hush_start
                0x0000000041e04910       0x54 common/built-in.o
                0x0000000041e04910                u_boot_hush_start
 .text.hex1_bin
                0x0000000041e04964       0x40 common/built-in.o
 .text.hex2_bin
                0x0000000041e049a4       0x38 common/built-in.o
 .text.srec_decode
                0x0000000041e049dc      0x250 common/built-in.o
                0x0000000041e049dc                srec_decode
 .text.CYGACC_COMM_IF_GETC_TIMEOUT.isra.0
                0x0000000041e04c2c       0x5c common/built-in.o
 .text.xyzModem_flush
                0x0000000041e04c88       0x1c common/built-in.o
 .text.xyzModem_get_hdr
                0x0000000041e04ca4      0x224 common/built-in.o
 .text.xyzModem_stream_open
                0x0000000041e04ec8      0x234 common/built-in.o
                0x0000000041e04ec8                xyzModem_stream_open
 .text.xyzModem_stream_read
                0x0000000041e050fc      0x250 common/built-in.o
                0x0000000041e050fc                xyzModem_stream_read
 .text.xyzModem_stream_close
                0x0000000041e0534c       0x54 common/built-in.o
                0x0000000041e0534c                xyzModem_stream_close
 .text.xyzModem_stream_terminate
                0x0000000041e053a0       0x94 common/built-in.o
                0x0000000041e053a0                xyzModem_stream_terminate
 .text.xyzModem_error
                0x0000000041e05434       0x20 common/built-in.o
                0x0000000041e05434                xyzModem_error
 .text.do_go_exec
                0x0000000041e05454       0x10 common/built-in.o
                0x0000000041e05454                do_go_exec
 .text.do_go    0x0000000041e05464       0x6c common/built-in.o
 .text.copy_args
                0x0000000041e054d0       0x54 common/built-in.o
 .text.do_bootd
                0x0000000041e05524       0x24 common/built-in.o
                0x0000000041e05524                do_bootd
 .text.image_info
                0x0000000041e05548      0x124 common/built-in.o
 .text.do_bootm_rtems
                0x0000000041e0566c       0x54 common/built-in.o
 .text.do_bootm_plan9
                0x0000000041e056c0       0xb8 common/built-in.o
 .text.do_bootm_standalone
                0x0000000041e05778       0x64 common/built-in.o
 .text.do_bootm_netbsd
                0x0000000041e057dc      0x104 common/built-in.o
 .text.do_iminfo
                0x0000000041e058e0       0x5c common/built-in.o
 .text.__arch_preboot_os
                0x0000000041e0593c        0x4 common/built-in.o
                0x0000000041e0593c                arch_preboot_os
 .text.do_bootm_states.isra.10.constprop.12
                0x0000000041e05940      0xa30 common/built-in.o
 .text.do_bootm
                0x0000000041e06370       0xe4 common/built-in.o
                0x0000000041e06370                do_bootm
 .text.bootm_maybe_autostart
                0x0000000041e06454       0x78 common/built-in.o
                0x0000000041e06454                bootm_maybe_autostart
 .text.do_bootvx_fdt
                0x0000000041e064cc      0x10c common/built-in.o
                0x0000000041e064cc                do_bootvx_fdt
 .text.do_bootm_vxworks
                0x0000000041e065d8       0x38 common/built-in.o
 .text.do_help  0x0000000041e06610       0x44 common/built-in.o
 .text.do_version
                0x0000000041e06654       0x38 common/built-in.o
 .text.env_attr_walk
                0x0000000041e0668c      0x120 common/built-in.o
                0x0000000041e0668c                env_attr_walk
 .text.env_attr_lookup
                0x0000000041e067ac      0x19c common/built-in.o
                0x0000000041e067ac                env_attr_lookup
 .text.clear_callback
                0x0000000041e06948       0x10 common/built-in.o
 .text.find_env_callback
                0x0000000041e06958       0x64 common/built-in.o
 .text.on_callbacks
                0x0000000041e069bc       0x48 common/built-in.o
 .text.set_callback
                0x0000000041e06a04       0x94 common/built-in.o
 .text.env_callback_init
                0x0000000041e06a98       0xc4 common/built-in.o
                0x0000000041e06a98                env_callback_init
 .text.skip_num
                0x0000000041e06b5c       0x78 common/built-in.o
 .text.clear_flags
                0x0000000041e06bd4       0x10 common/built-in.o
 .text.on_flags
                0x0000000041e06be4       0x48 common/built-in.o
 .text.env_flags_parse_vartype
                0x0000000041e06c2c       0x50 common/built-in.o
                0x0000000041e06c2c                env_flags_parse_vartype
 .text.env_flags_parse_varaccess
                0x0000000041e06c7c       0x58 common/built-in.o
                0x0000000041e06c7c                env_flags_parse_varaccess
 .text.set_flags
                0x0000000041e06cd4       0xac common/built-in.o
 .text.env_flags_init
                0x0000000041e06d80       0xd8 common/built-in.o
                0x0000000041e06d80                env_flags_init
 .text.env_flags_validate
                0x0000000041e06e58      0x318 common/built-in.o
                0x0000000041e06e58                env_flags_validate
 .text.init_mmc_for_env
                0x0000000041e07170       0x34 common/built-in.o
 .text.mmc_get_env_addr
                0x0000000041e071a4       0x10 common/built-in.o
                0x0000000041e071a4                mmc_get_env_addr
 .text.env_init
                0x0000000041e071b4       0x1c common/built-in.o
                0x0000000041e071b4                env_init
 .text.saveenv  0x0000000041e071d0      0x198 common/built-in.o
                0x0000000041e071d0                saveenv
 .text.env_relocate_spec
                0x0000000041e07368       0xdc common/built-in.o
                0x0000000041e07368                env_relocate_spec
 .text.source   0x0000000041e07444      0x1c4 common/built-in.o
                0x0000000041e07444                source
 .text.do_source
                0x0000000041e07608       0x78 common/built-in.o
                0x0000000041e07608                do_source
 .text.print_num
                0x0000000041e07680       0x14 common/built-in.o
 .text.do_bdinfo
                0x0000000041e07694      0x184 common/built-in.o
                0x0000000041e07694                do_bdinfo
 .text.bootmenu_print_entry
                0x0000000041e07818       0x68 common/built-in.o
 .text.bootmenu_destroy
                0x0000000041e07880       0x44 common/built-in.o
 .text.bootmenu_choice_entry
                0x0000000041e078c4      0x24c common/built-in.o
 .text.bootmenu_show
                0x0000000041e07b10      0x38c common/built-in.o
 .text.do_bootmenu
                0x0000000041e07e9c       0x48 common/built-in.o
                0x0000000041e07e9c                do_bootmenu
 .text.menu_display_statusline
                0x0000000041e07ee4       0xe4 common/built-in.o
                0x0000000041e07ee4                menu_display_statusline
 .text.menu_show
                0x0000000041e07fc8       0x10 common/built-in.o
                0x0000000041e07fc8                menu_show
 .text.do_coninfo
                0x0000000041e07fd8       0xc0 common/built-in.o
 .text.do_echo  0x0000000041e08098       0xb4 common/built-in.o
 .text.do_exit  0x0000000041e0814c       0x48 common/built-in.o
 .text.do_fat_fsload
                0x0000000041e08194       0x18 common/built-in.o
                0x0000000041e08194                do_fat_fsload
 .text.do_fat_ls
                0x0000000041e081ac       0x18 common/built-in.o
 .text.do_fat_fsinfo
                0x0000000041e081c4       0x90 common/built-in.o
 .text.fdt_valid
                0x0000000041e08254       0xbc common/built-in.o
 .text.is_printable_string
                0x0000000041e08310       0xa8 common/built-in.o
 .text.print_data
                0x0000000041e083b8      0x178 common/built-in.o
 .text.set_working_fdt_addr
                0x0000000041e08530       0x1c common/built-in.o
                0x0000000041e08530                set_working_fdt_addr
 .text.do_fdt   0x0000000041e0854c      0xe5c common/built-in.o
 .text.write_cell
                0x0000000041e093a8       0x50 common/built-in.o
 .text.get_cells_len
                0x0000000041e093f8       0x38 common/built-in.o
 .text.fdt_find_and_setprop
                0x0000000041e09430       0x70 common/built-in.o
                0x0000000041e09430                fdt_find_and_setprop
 .text.fdt_initrd
                0x0000000041e094a0      0x1e8 common/built-in.o
                0x0000000041e094a0                fdt_initrd
 .text.fdt_chosen
                0x0000000041e09688      0x10c common/built-in.o
                0x0000000041e09688                fdt_chosen
 .text.do_fixup_by_path
                0x0000000041e09794       0x54 common/built-in.o
                0x0000000041e09794                do_fixup_by_path
 .text.fdt_fixup_memory_banks
                0x0000000041e097e8      0x1c8 common/built-in.o
                0x0000000041e097e8                fdt_fixup_memory_banks
 .text.fdt_fixup_memory
                0x0000000041e099b0       0x20 common/built-in.o
                0x0000000041e099b0                fdt_fixup_memory
 .text.fdt_fixup_ethernet
                0x0000000041e099d0      0x134 common/built-in.o
                0x0000000041e099d0                fdt_fixup_ethernet
 .text.fdt_resize
                0x0000000041e09b04       0xcc common/built-in.o
                0x0000000041e09b04                fdt_resize
 .text.evalexp  0x0000000041e09bd0       0x74 common/built-in.o
 .text.evalstr  0x0000000041e09c44       0x6c common/built-in.o
 .text.binary_test
                0x0000000041e09cb0      0x1c0 common/built-in.o
 .text.do_itest
                0x0000000041e09e70       0x88 common/built-in.o
 .text.bin_data_init
                0x0000000041e09ef8       0x2c common/built-in.o
 .text.k_data_save
                0x0000000041e09f24       0x4c common/built-in.o
 .text.k_data_restore
                0x0000000041e09f70       0x4c common/built-in.o
 .text.getcxmodem
                0x0000000041e09fbc       0x20 common/built-in.o
 .text.load_serial_ymodem
                0x0000000041e09fdc       0xdc common/built-in.o
 .text.bin_data_char
                0x0000000041e0a0b8       0x2c common/built-in.o
 .text.chk1.constprop.1
                0x0000000041e0a0e4       0x2c common/built-in.o
 .text.s1_sendpacket.constprop.2
                0x0000000041e0a110       0x50 common/built-in.o
 .text.load_serial
                0x0000000041e0a160      0x1fc common/built-in.o
 .text.do_load_serial
                0x0000000041e0a35c       0xdc common/built-in.o
 .text.do_load_serial_bin
                0x0000000041e0a438      0x7ac common/built-in.o
 .text.do_mem_mw
                0x0000000041e0abe4       0xc0 common/built-in.o
 .text.do_mem_loop
                0x0000000041e0aca4       0xec common/built-in.o
 .text.do_mem_md
                0x0000000041e0ad90       0xe4 common/built-in.o
 .text.do_mem_cmp
                0x0000000041e0ae74      0x168 common/built-in.o
 .text.do_mem_base
                0x0000000041e0afdc       0x40 common/built-in.o
 .text.do_mem_cp
                0x0000000041e0b01c       0xd8 common/built-in.o
 .text.do_mem_crc
                0x0000000041e0b0f4       0x48 common/built-in.o
 .text.mod_mem.isra.0
                0x0000000041e0b13c      0x174 common/built-in.o
 .text.do_mem_mm
                0x0000000041e0b2b0        0x8 common/built-in.o
 .text.do_mem_nm
                0x0000000041e0b2b8        0x8 common/built-in.o
 .text.do_sleep
                0x0000000041e0b2c0       0x70 common/built-in.o
 .text.do_mmcops
                0x0000000041e0b330      0x2d8 common/built-in.o
 .text.do_mmc   0x0000000041e0b608      0x15c common/built-in.o
                0x0000000041e0b608                do_mmc
 .text.do_mmcinfo
                0x0000000041e0b764      0x17c common/built-in.o
 .text.part_delall
                0x0000000041e0b8e0       0x44 common/built-in.o
 .text.memsize_parse
                0x0000000041e0b924       0x80 common/built-in.o
 .text.mtd_part_info
                0x0000000041e0b9a4       0x94 common/built-in.o
 .text.memsize_format
                0x0000000041e0ba38       0x90 common/built-in.o
 .text.index_partitions
                0x0000000041e0bac8       0xac common/built-in.o
 .text.current_save
                0x0000000041e0bb74       0xb8 common/built-in.o
 .text.part_sort_add
                0x0000000041e0bc2c      0x120 common/built-in.o
 .text.device_del
                0x0000000041e0bd4c       0x7c common/built-in.o
 .text.generate_mtdparts_save.constprop.6
                0x0000000041e0bdc8      0x2f0 common/built-in.o
 .text.device_delall.constprop.8
                0x0000000041e0c0b8       0x64 common/built-in.o
 .text.mtd_devices_init
                0x0000000041e0c11c       0x2c common/built-in.o
 .text.get_mtd_info.constprop.9
                0x0000000041e0c148       0x78 common/built-in.o
 .text.part_validate
                0x0000000041e0c1c0      0x370 common/built-in.o
 .text.device_find
                0x0000000041e0c530       0x4c common/built-in.o
                0x0000000041e0c530                device_find
 .text.device_parse
                0x0000000041e0c57c      0x56c common/built-in.o
 .text.mtd_id_parse
                0x0000000041e0cae8      0x114 common/built-in.o
                0x0000000041e0cae8                mtd_id_parse
 .text.find_dev_and_part
                0x0000000041e0cbfc      0x1a8 common/built-in.o
                0x0000000041e0cbfc                find_dev_and_part
 .text.mtdparts_init
                0x0000000041e0cda4      0x648 common/built-in.o
                0x0000000041e0cda4                mtdparts_init
 .text.do_chpart
                0x0000000041e0d3ec       0xd0 common/built-in.o
 .text.do_mtdparts
                0x0000000041e0d4bc      0x5c8 common/built-in.o
 .text.set_dev  0x0000000041e0da84       0x70 common/built-in.o
 .text.nand_print_and_set_info
                0x0000000041e0daf4       0xc8 common/built-in.o
 .text.arg_off  0x0000000041e0dbbc      0x108 common/built-in.o
 .text.arg_off_size
                0x0000000041e0dcc4      0x14c common/built-in.o
 .text.do_nand  0x0000000041e0de10      0xc4c common/built-in.o
 .text.nand_load_image
                0x0000000041e0ea5c      0x21c common/built-in.o
 .text.do_nandboot
                0x0000000041e0ec78      0x254 common/built-in.o
 .text.netboot_common
                0x0000000041e0eecc      0x2c0 common/built-in.o
 .text.do_bootp
                0x0000000041e0f18c        0xc common/built-in.o
 .text.do_tftpb
                0x0000000041e0f198       0x40 common/built-in.o
                0x0000000041e0f198                do_tftpb
 .text.do_ping  0x0000000041e0f1d8       0x78 common/built-in.o
 .text.do_false
                0x0000000041e0f250        0x8 common/built-in.o
 .text.do_true  0x0000000041e0f258        0x8 common/built-in.o
 .text.do_test  0x0000000041e0f260      0x338 common/built-in.o
 .text.do_imgextract
                0x0000000041e0f598      0x3b4 common/built-in.o
 .text.menu_default_choice
                0x0000000041e0f94c       0x1c common/built-in.o
                0x0000000041e0f94c                menu_default_choice
 .text.menu_default_set
                0x0000000041e0f968       0x88 common/built-in.o
                0x0000000041e0f968                menu_default_set
 .text.menu_get_choice
                0x0000000041e0f9f0      0x1e0 common/built-in.o
                0x0000000041e0f9f0                menu_get_choice
 .text.menu_item_add
                0x0000000041e0fbd0       0xdc common/built-in.o
                0x0000000041e0fbd0                menu_item_add
 .text.menu_create
                0x0000000041e0fcac       0x90 common/built-in.o
                0x0000000041e0fcac                menu_create
 .text.menu_destroy
                0x0000000041e0fd3c       0x74 common/built-in.o
                0x0000000041e0fd3c                menu_destroy
 .text.do_env_delete
                0x0000000041e0fdb0       0xa0 common/built-in.o
 .text.do_env_save
                0x0000000041e0fe50       0x2c common/built-in.o
 .text.do_env   0x0000000041e0fe7c       0x68 common/built-in.o
 .text.env_print
                0x0000000041e0fee4       0xc0 common/built-in.o
 .text.do_env_print
                0x0000000041e0ffa4       0xc8 common/built-in.o
 .text.do_env_import
                0x0000000041e1006c      0x244 common/built-in.o
 .text.do_env_default
                0x0000000041e102b0       0xa8 common/built-in.o
 .text._do_env_set.isra.0
                0x0000000041e10358      0x1b8 common/built-in.o
 .text.do_env_set
                0x0000000041e10510       0x1c common/built-in.o
 .text.get_env_id
                0x0000000041e1052c       0x10 common/built-in.o
                0x0000000041e1052c                get_env_id
 .text.setenv   0x0000000041e1053c       0x5c common/built-in.o
                0x0000000041e1053c                setenv
 .text.setenv_ulong
                0x0000000041e10598       0x20 common/built-in.o
                0x0000000041e10598                setenv_ulong
 .text.setenv_hex
                0x0000000041e105b8       0x34 common/built-in.o
                0x0000000041e105b8                setenv_hex
 .text.do_env_export
                0x0000000041e105ec      0x258 common/built-in.o
 .text.envmatch
                0x0000000041e10844       0x6c common/built-in.o
                0x0000000041e10844                envmatch
 .text.getenv_f
                0x0000000041e108b0       0xc0 common/built-in.o
                0x0000000041e108b0                getenv_f
 .text.getenv   0x0000000041e10970       0x78 common/built-in.o
                0x0000000041e10970                getenv
 .text.getenv_hex
                0x0000000041e109e8       0x3c common/built-in.o
                0x0000000041e109e8                getenv_hex
 .text.getenv_ulong
                0x0000000041e10a24       0x30 common/built-in.o
                0x0000000041e10a24                getenv_ulong
 .text.do_env_edit
                0x0000000041e10a54       0x78 common/built-in.o
 .text.__env_get_char_spec
                0x0000000041e10acc        0xc common/built-in.o
                0x0000000041e10acc                env_get_char_spec
 .text.env_get_addr
                0x0000000041e10ad8       0x20 common/built-in.o
                0x0000000041e10ad8                env_get_addr
 .text.env_get_char_memory
                0x0000000041e10af8       0x10 common/built-in.o
                0x0000000041e10af8                env_get_char_memory
 .text.env_get_char
                0x0000000041e10b08       0x30 common/built-in.o
                0x0000000041e10b08                env_get_char
 .text.getenv_yesno
                0x0000000041e10b38       0x3c common/built-in.o
                0x0000000041e10b38                getenv_yesno
 .text.getenv_default
                0x0000000041e10b74       0x30 common/built-in.o
                0x0000000041e10b74                getenv_default
 .text.set_default_env
                0x0000000041e10ba4       0xbc common/built-in.o
                0x0000000041e10ba4                set_default_env
 .text.set_default_vars
                0x0000000041e10c60       0x34 common/built-in.o
                0x0000000041e10c60                set_default_vars
 .text.env_import
                0x0000000041e10c94       0xd8 common/built-in.o
                0x0000000041e10c94                env_import
 .text.env_relocate
                0x0000000041e10d6c       0x2c common/built-in.o
                0x0000000041e10d6c                env_relocate
 .text.console_setfile
                0x0000000041e10d98       0xa4 common/built-in.o
 .text.serial_printf
                0x0000000041e10e3c       0x44 common/built-in.o
                0x0000000041e10e3c                serial_printf
 .text.fgetc    0x0000000041e10e80       0x24 common/built-in.o
                0x0000000041e10e80                fgetc
 .text.ftstc    0x0000000041e10ea4       0x24 common/built-in.o
                0x0000000041e10ea4                ftstc
 .text.getc     0x0000000041e10ec8       0x24 common/built-in.o
                0x0000000041e10ec8                getc
 .text.tstc     0x0000000041e10eec       0x24 common/built-in.o
                0x0000000041e10eec                tstc
 .text.putc     0x0000000041e10f10       0x30 common/built-in.o
                0x0000000041e10f10                putc
 .text.puts     0x0000000041e10f40       0x30 common/built-in.o
                0x0000000041e10f40                puts
 .text.printf   0x0000000041e10f70       0x50 common/built-in.o
                0x0000000041e10f70                printf
 .text.vprintf  0x0000000041e10fc0       0x3c common/built-in.o
                0x0000000041e10fc0                vprintf
 .text.ctrlc    0x0000000041e10ffc       0x58 common/built-in.o
                0x0000000041e10ffc                ctrlc
 .text.had_ctrlc
                0x0000000041e11054       0x10 common/built-in.o
                0x0000000041e11054                had_ctrlc
 .text.clear_ctrlc
                0x0000000041e11064       0x14 common/built-in.o
                0x0000000041e11064                clear_ctrlc
 .text.search_device
                0x0000000041e11078       0x28 common/built-in.o
                0x0000000041e11078                search_device
 .text.console_assign
                0x0000000041e110a0       0x48 common/built-in.o
                0x0000000041e110a0                console_assign
 .text.on_console
                0x0000000041e110e8       0xb8 common/built-in.o
 .text.console_init_f
                0x0000000041e111a0       0x10 common/built-in.o
                0x0000000041e111a0                console_init_f
 .text.stdio_print_current_devices
                0x0000000041e111b0       0xb0 common/built-in.o
                0x0000000041e111b0                stdio_print_current_devices
 .text.console_init_r
                0x0000000041e11260      0x180 common/built-in.o
                0x0000000041e11260                console_init_r
 .text.sbrk     0x0000000041e113e0       0x6c common/built-in.o
                0x0000000041e113e0                sbrk
 .text.mem_malloc_init
                0x0000000041e1144c       0x34 common/built-in.o
                0x0000000041e1144c                mem_malloc_init
 .text.malloc_trim
                0x0000000041e11480       0xcc common/built-in.o
                0x0000000041e11480                malloc_trim
 .text.free     0x0000000041e1154c      0x230 common/built-in.o
                0x0000000041e1154c                free
 .text.malloc   0x0000000041e1177c      0x604 common/built-in.o
                0x0000000041e1177c                malloc
 .text.calloc   0x0000000041e11d80       0xd0 common/built-in.o
                0x0000000041e11d80                calloc
 .text.realloc  0x0000000041e11e50      0x4b8 common/built-in.o
                0x0000000041e11e50                realloc
 .text.memalign
                0x0000000041e12308      0x10c common/built-in.o
                0x0000000041e12308                memalign
 .text.on_loadaddr
                0x0000000041e12414       0x38 common/built-in.o
 .text.image_check_hcrc
                0x0000000041e1244c       0x4c common/built-in.o
                0x0000000041e1244c                image_check_hcrc
 .text.image_check_dcrc
                0x0000000041e12498       0x38 common/built-in.o
                0x0000000041e12498                image_check_dcrc
 .text.image_multi_count
                0x0000000041e124d0       0x1c common/built-in.o
                0x0000000041e124d0                image_multi_count
 .text.image_multi_getimg
                0x0000000041e124ec       0x80 common/built-in.o
                0x0000000041e124ec                image_multi_getimg
 .text.getenv_bootm_low
                0x0000000041e1256c       0x30 common/built-in.o
                0x0000000041e1256c                getenv_bootm_low
 .text.getenv_bootm_size
                0x0000000041e1259c       0x5c common/built-in.o
                0x0000000041e1259c                getenv_bootm_size
 .text.getenv_bootm_mapsize
                0x0000000041e125f8       0x30 common/built-in.o
                0x0000000041e125f8                getenv_bootm_mapsize
 .text.memmove_wd
                0x0000000041e12628        0xc common/built-in.o
                0x0000000041e12628                memmove_wd
 .text.genimg_print_size
                0x0000000041e12634       0x30 common/built-in.o
                0x0000000041e12634                genimg_print_size
 .text.get_table_entry_name
                0x0000000041e12664       0x2c common/built-in.o
                0x0000000041e12664                get_table_entry_name
 .text.genimg_get_os_name
                0x0000000041e12690       0x18 common/built-in.o
                0x0000000041e12690                genimg_get_os_name
 .text.genimg_get_arch_name
                0x0000000041e126a8       0x18 common/built-in.o
                0x0000000041e126a8                genimg_get_arch_name
 .text.genimg_get_type_name
                0x0000000041e126c0       0x18 common/built-in.o
                0x0000000041e126c0                genimg_get_type_name
 .text.genimg_get_comp_name
                0x0000000041e126d8       0x18 common/built-in.o
                0x0000000041e126d8                genimg_get_comp_name
 .text.image_print_contents
                0x0000000041e126f0      0x17c common/built-in.o
                0x0000000041e126f0                image_print_contents
 .text.get_table_entry_id
                0x0000000041e1286c       0x4c common/built-in.o
                0x0000000041e1286c                get_table_entry_id
 .text.genimg_get_os_id
                0x0000000041e128b8       0x18 common/built-in.o
                0x0000000041e128b8                genimg_get_os_id
 .text.genimg_get_arch_id
                0x0000000041e128d0       0x18 common/built-in.o
                0x0000000041e128d0                genimg_get_arch_id
 .text.genimg_get_type_id
                0x0000000041e128e8       0x18 common/built-in.o
                0x0000000041e128e8                genimg_get_type_id
 .text.genimg_get_comp_id
                0x0000000041e12900       0x18 common/built-in.o
                0x0000000041e12900                genimg_get_comp_id
 .text.genimg_get_format
                0x0000000041e12918       0x34 common/built-in.o
                0x0000000041e12918                genimg_get_format
 .text.genimg_get_image
                0x0000000041e1294c        0x4 common/built-in.o
                0x0000000041e1294c                genimg_get_image
 .text.genimg_has_config
                0x0000000041e12950       0x10 common/built-in.o
                0x0000000041e12950                genimg_has_config
 .text.boot_get_ramdisk
                0x0000000041e12960      0x33c common/built-in.o
                0x0000000041e12960                boot_get_ramdisk
 .text.boot_ramdisk_high
                0x0000000041e12c9c      0x130 common/built-in.o
                0x0000000041e12c9c                boot_ramdisk_high
 .text.image_setup_linux
                0x0000000041e12dcc       0x8c common/built-in.o
                0x0000000041e12dcc                image_setup_linux
 .text.fdt_error
                0x0000000041e12e58       0x2c common/built-in.o
 .text.boot_fdt_add_mem_rsv_regions
                0x0000000041e12e84       0x8c common/built-in.o
                0x0000000041e12e84                boot_fdt_add_mem_rsv_regions
 .text.boot_relocate_fdt
                0x0000000041e12f10      0x198 common/built-in.o
                0x0000000041e12f10                boot_relocate_fdt
 .text.boot_get_fdt
                0x0000000041e130a8      0x38c common/built-in.o
                0x0000000041e130a8                boot_get_fdt
 .text.ft_verify_fdt
                0x0000000041e13434        0x8 common/built-in.o
                0x0000000041e13434                ft_verify_fdt
 .text.image_setup_libfdt
                0x0000000041e1343c       0xe4 common/built-in.o
                0x0000000041e1343c                image_setup_libfdt
 .text.fit_parse_conf
                0x0000000041e13520       0x64 common/built-in.o
                0x0000000041e13520                fit_parse_conf
 .text.fit_parse_subimage
                0x0000000041e13584       0x64 common/built-in.o
                0x0000000041e13584                fit_parse_subimage
 .text.fit_get_desc
                0x0000000041e135e8       0x30 common/built-in.o
                0x0000000041e135e8                fit_get_desc
 .text.fit_image_get_node
                0x0000000041e13618       0x30 common/built-in.o
                0x0000000041e13618                fit_image_get_node
 .text.fit_image_get_os
                0x0000000041e13648       0x3c common/built-in.o
                0x0000000041e13648                fit_image_get_os
 .text.fit_image_get_arch
                0x0000000041e13684       0x3c common/built-in.o
                0x0000000041e13684                fit_image_get_arch
 .text.fit_image_get_type
                0x0000000041e136c0       0x3c common/built-in.o
                0x0000000041e136c0                fit_image_get_type
 .text.fit_image_get_comp
                0x0000000041e136fc       0x3c common/built-in.o
                0x0000000041e136fc                fit_image_get_comp
 .text.fit_image_get_load
                0x0000000041e13738       0x38 common/built-in.o
                0x0000000041e13738                fit_image_get_load
 .text.fit_image_get_entry
                0x0000000041e13770       0x38 common/built-in.o
                0x0000000041e13770                fit_image_get_entry
 .text.fit_image_get_data
                0x0000000041e137a8       0x40 common/built-in.o
                0x0000000041e137a8                fit_image_get_data
 .text.fit_image_hash_get_algo
                0x0000000041e137e8       0x30 common/built-in.o
                0x0000000041e137e8                fit_image_hash_get_algo
 .text.fit_image_hash_get_value
                0x0000000041e13818       0x40 common/built-in.o
                0x0000000041e13818                fit_image_hash_get_value
 .text.fit_image_print_data
                0x0000000041e13858      0x144 common/built-in.o
 .text.fit_image_print
                0x0000000041e1399c      0x33c common/built-in.o
                0x0000000041e1399c                fit_image_print
 .text.calculate_hash
                0x0000000041e13cd8       0xc8 common/built-in.o
                0x0000000041e13cd8                calculate_hash
 .text.fit_image_verify
                0x0000000041e13da0      0x224 common/built-in.o
                0x0000000041e13da0                fit_image_verify
 .text.fit_all_image_verify
                0x0000000041e13fc4      0x100 common/built-in.o
                0x0000000041e13fc4                fit_all_image_verify
 .text.fit_image_check_os
                0x0000000041e140c4       0x30 common/built-in.o
                0x0000000041e140c4                fit_image_check_os
 .text.fit_image_check_arch
                0x0000000041e140f4       0x30 common/built-in.o
                0x0000000041e140f4                fit_image_check_arch
 .text.fit_image_check_type
                0x0000000041e14124       0x30 common/built-in.o
                0x0000000041e14124                fit_image_check_type
 .text.fit_image_check_comp
                0x0000000041e14154       0x30 common/built-in.o
                0x0000000041e14154                fit_image_check_comp
 .text.fit_check_format
                0x0000000041e14184       0x40 common/built-in.o
                0x0000000041e14184                fit_check_format
 .text.fit_conf_get_node
                0x0000000041e141c4       0x98 common/built-in.o
                0x0000000041e141c4                fit_conf_get_node
 .text.fit_conf_get_prop_node
                0x0000000041e1425c       0x2c common/built-in.o
                0x0000000041e1425c                fit_conf_get_prop_node
 .text.fit_conf_print
                0x0000000041e14288      0x108 common/built-in.o
                0x0000000041e14288                fit_conf_print
 .text.fit_print_contents
                0x0000000041e14390      0x20c common/built-in.o
                0x0000000041e14390                fit_print_contents
 .text.fit_image_select
                0x0000000041e1459c       0x6c common/built-in.o
                0x0000000041e1459c                fit_image_select
 .text.fit_get_node_from_config
                0x0000000041e14608       0x40 common/built-in.o
                0x0000000041e14608                fit_get_node_from_config
 .text.fit_image_load
                0x0000000041e14648      0x498 common/built-in.o
                0x0000000041e14648                fit_image_load
 .text.get_effective_memsize
                0x0000000041e14ae0        0x8 common/built-in.o
                0x0000000041e14ae0                get_effective_memsize
 .text.stdio_get_list
                0x0000000041e14ae8        0xc common/built-in.o
                0x0000000041e14ae8                stdio_get_list
 .text.stdio_get_by_name
                0x0000000041e14af4       0x5c common/built-in.o
                0x0000000041e14af4                stdio_get_by_name
 .text.stdio_clone
                0x0000000041e14b50       0x38 common/built-in.o
                0x0000000041e14b50                stdio_clone
 .text.stdio_register
                0x0000000041e14b88       0x3c common/built-in.o
                0x0000000041e14b88                stdio_register
 .text.stdio_init
                0x0000000041e14bc4       0x8c common/built-in.o
                0x0000000041e14bc4                stdio_init
 .text.get_dev  0x0000000041e14c50       0x70 disk/built-in.o
                0x0000000041e14c50                get_dev
 .text.dev_print
                0x0000000041e14cc0      0x20c disk/built-in.o
                0x0000000041e14cc0                dev_print
 .text.init_part
                0x0000000041e14ecc       0x20 disk/built-in.o
                0x0000000041e14ecc                init_part
 .text.print_part
                0x0000000041e14eec       0xf4 disk/built-in.o
                0x0000000041e14eec                print_part
 .text.get_partition_info
                0x0000000041e14fe0       0x2c disk/built-in.o
                0x0000000041e14fe0                get_partition_info
 .text.get_device
                0x0000000041e1500c       0x8c disk/built-in.o
                0x0000000041e1500c                get_device
 .text.get_device_and_partition
                0x0000000041e15098      0x438 disk/built-in.o
                0x0000000041e15098                get_device_and_partition
 .text.test_block_type
                0x0000000041e154d0       0x84 disk/built-in.o
 .text.print_partition_extended
                0x0000000041e15554      0x278 disk/built-in.o
 .text.get_partition_info_extended.constprop.1
                0x0000000041e157cc      0x2b8 disk/built-in.o
 .text.test_part_dos
                0x0000000041e15a84       0x64 disk/built-in.o
                0x0000000041e15a84                test_part_dos
 .text.print_part_dos
                0x0000000041e15ae8       0x34 disk/built-in.o
                0x0000000041e15ae8                print_part_dos
 .text.get_partition_info_dos
                0x0000000041e15b1c       0x20 disk/built-in.o
                0x0000000041e15b1c                get_partition_info_dos
 .text.mtk_snand_dev_mac_trigger
                0x0000000041e15b3c       0x30 drivers/built-in.o
 .text.mtk_snand_dev_mac_leave
                0x0000000041e15b6c       0x18 drivers/built-in.o
 .text.mtk_snand_status_ready
                0x0000000041e15b84       0x30 drivers/built-in.o
 .text.mtk_snand_check_dececc_done
                0x0000000041e15bb4       0x3c drivers/built-in.o
 .text.mtk_snand_read_fdm_data
                0x0000000041e15bf0       0x34 drivers/built-in.o
 .text.mtk_snand_write_buf
                0x0000000041e15c24       0x6c drivers/built-in.o
 .text.mtk_snand_write_page_hwecc
                0x0000000041e15c90       0x30 drivers/built-in.o
 .text.mtk_nand_init_size
                0x0000000041e15cc0       0x2c drivers/built-in.o
 .text.mtk_snand_check_RW_count
                0x0000000041e15cec       0x64 drivers/built-in.o
 .text.generic_ffs.part.0
                0x0000000041e15d50       0x48 drivers/built-in.o
 .text.mtk_snand_rs_if_require_split
                0x0000000041e15d98       0x2c drivers/built-in.o
 .text.mtk_snand_rs_reconfig_nfiecc
                0x0000000041e15dc4      0x130 drivers/built-in.o
 .text.mtk_snand_ecc_config.isra.3
                0x0000000041e15ef4       0x98 drivers/built-in.o
 .text.mtk_snand_select_chip
                0x0000000041e15f8c      0x13c drivers/built-in.o
 .text.mtk_snand_gpio_config.part.17
                0x0000000041e160c8       0x3c drivers/built-in.o
 .text.mtk_snand_reset_con
                0x0000000041e16104       0x84 drivers/built-in.o
 .text.mtk_snand_stop_read
                0x0000000041e16188       0x84 drivers/built-in.o
 .text.mtk_snand_dev_mac_enable.constprop.31
                0x0000000041e1620c       0x1c drivers/built-in.o
 .text.mtk_snand_dev_mac_op.constprop.30
                0x0000000041e16228       0x14 drivers/built-in.o
 .text.mtk_snand_dev_command_ext.constprop.23
                0x0000000041e1623c       0x98 drivers/built-in.o
 .text.mtk_snand_reset_dev
                0x0000000041e162d4       0x6c drivers/built-in.o
 .text.mtk_snand_read_byte
                0x0000000041e16340      0x148 drivers/built-in.o
 .text.mtk_snand_dev_ready
                0x0000000041e16488       0xcc drivers/built-in.o
 .text.mtk_snand_dev_enable_spiq
                0x0000000041e16554       0x88 drivers/built-in.o
 .text.mtk_snand_stop_write
                0x0000000041e165dc       0x7c drivers/built-in.o
 .text.mtk_snand_dev_command
                0x0000000041e16658       0x1c drivers/built-in.o
 .text.mtk_snand_dev_program_execute
                0x0000000041e16674       0x40 drivers/built-in.o
 .text.mtk_snand_read_page_part2
                0x0000000041e166b4      0x298 drivers/built-in.o
 .text.mtk_snand_ready_for_read.isra.5.part.6.constprop.29
                0x0000000041e1694c      0x1a0 drivers/built-in.o
 .text.mtk_snand_ready_for_write.isra.9
                0x0000000041e16aec      0x198 drivers/built-in.o
 .text.dump_nfi
                0x0000000041e16c84      0x3bc drivers/built-in.o
                0x0000000041e16c84                dump_nfi
 .text.mtk_snand_dma_read_data.isra.14
                0x0000000041e17040      0x108 drivers/built-in.o
 .text.mtk_snand_read_oob_raw
                0x0000000041e17148      0x1a8 drivers/built-in.o
 .text.mtk_snand_write_oob_raw
                0x0000000041e172f0      0x240 drivers/built-in.o
 .text.mtk_snand_write_oob
                0x0000000041e17530      0x1ac drivers/built-in.o
 .text.mtk_snand_get_device_info
                0x0000000041e176dc      0x1f8 drivers/built-in.o
                0x0000000041e176dc                mtk_snand_get_device_info
 .text.mtk_snand_is_vendor_reserved_blocks
                0x0000000041e178d4       0x50 drivers/built-in.o
                0x0000000041e178d4                mtk_snand_is_vendor_reserved_blocks
 .text.mtk_nand_exec_read_page
                0x0000000041e17924      0x518 drivers/built-in.o
                0x0000000041e17924                mtk_nand_exec_read_page
 .text.mtk_snand_read_page
                0x0000000041e17e3c       0x74 drivers/built-in.o
 .text.mtk_snand_read_page_hwecc
                0x0000000041e17eb0       0x58 drivers/built-in.o
 .text.mtk_snand_verify_buf
                0x0000000041e17f08       0xdc drivers/built-in.o
 .text.mtk_snand_read_buf
                0x0000000041e17fe4      0x10c drivers/built-in.o
 .text.mtk_nand_exec_write_page
                0x0000000041e180f0      0x214 drivers/built-in.o
                0x0000000041e180f0                mtk_nand_exec_write_page
 .text.mtk_snand_write_page
                0x0000000041e18304      0x114 drivers/built-in.o
 .text.mtk_snand_command_bp
                0x0000000041e18418      0x1d0 drivers/built-in.o
 .text.mtk_snand_dev_unlock_all_blocks
                0x0000000041e185e8       0xa8 drivers/built-in.o
                0x0000000041e185e8                mtk_snand_dev_unlock_all_blocks
 .text.mtk_snand_ecc_control
                0x0000000041e18690       0x9c drivers/built-in.o
                0x0000000041e18690                mtk_snand_ecc_control
 .text.mtk_nand_block_markbad_hw
                0x0000000041e1872c       0x54 drivers/built-in.o
                0x0000000041e1872c                mtk_nand_block_markbad_hw
 .text.mtk_snand_block_markbad
                0x0000000041e18780       0x54 drivers/built-in.o
 .text.mtk_snand_read_oob_hw
                0x0000000041e187d4       0xe4 drivers/built-in.o
                0x0000000041e187d4                mtk_snand_read_oob_hw
 .text.mtk_snand_read_oob
                0x0000000041e188b8       0x60 drivers/built-in.o
 .text.mtk_nand_block_bad_hw
                0x0000000041e18918       0xa0 drivers/built-in.o
                0x0000000041e18918                mtk_nand_block_bad_hw
 .text.mtk_snand_block_bad
                0x0000000041e189b8       0xf0 drivers/built-in.o
 .text.mtk_snand_clk_setting
                0x0000000041e18aa8       0x38 drivers/built-in.o
                0x0000000041e18aa8                mtk_snand_clk_setting
 .text.mtk_snand_reset
                0x0000000041e18ae0       0x4c drivers/built-in.o
                0x0000000041e18ae0                mtk_snand_reset
 .text.mtk_snand_reset_device
                0x0000000041e18b2c       0xac drivers/built-in.o
                0x0000000041e18b2c                mtk_snand_reset_device
 .text.mtk_snand_dev_erase
                0x0000000041e18bd8       0x80 drivers/built-in.o
                0x0000000041e18bd8                mtk_snand_dev_erase
 .text.mtk_nand_erase_hw
                0x0000000041e18c58       0xb8 drivers/built-in.o
                0x0000000041e18c58                mtk_nand_erase_hw
 .text.mtk_nand_erase
                0x0000000041e18d10       0xb8 drivers/built-in.o
 .text.board_nand_init
                0x0000000041e18dc8      0x454 drivers/built-in.o
                0x0000000041e18dc8                board_nand_init
 .text.is_block_mapped
                0x0000000041e1921c       0x40 drivers/built-in.o
 .text.dump_bmt_info
                0x0000000041e1925c       0x44 drivers/built-in.o
 .text.fill_nand_bmt_buffer.constprop.3
                0x0000000041e192a0       0xd8 drivers/built-in.o
 .text.nand_read_page_bmt
                0x0000000041e19378       0x40 drivers/built-in.o
                0x0000000041e19378                nand_read_page_bmt
 .text.nand_block_bad_bmt
                0x0000000041e193b8       0x28 drivers/built-in.o
                0x0000000041e193b8                nand_block_bad_bmt
 .text.nand_erase_bmt
                0x0000000041e193e0       0x74 drivers/built-in.o
                0x0000000041e193e0                nand_erase_bmt
 .text.mark_block_bad_bmt
                0x0000000041e19454       0x18 drivers/built-in.o
                0x0000000041e19454                mark_block_bad_bmt
 .text.find_available_block
                0x0000000041e1946c      0x2b0 drivers/built-in.o
 .text.nand_write_page_bmt
                0x0000000041e1971c       0x48 drivers/built-in.o
                0x0000000041e1971c                nand_write_page_bmt
 .text.write_bmt_to_flash.constprop.1
                0x0000000041e19764      0x238 drivers/built-in.o
 .text.set_bad_index_to_oob
                0x0000000041e1999c       0x24 drivers/built-in.o
                0x0000000041e1999c                set_bad_index_to_oob
 .text.update_bmt
                0x0000000041e199c0      0x3b8 drivers/built-in.o
                0x0000000041e199c0                update_bmt
 .text.get_mapping_block_index
                0x0000000041e19d78       0x78 drivers/built-in.o
                0x0000000041e19d78                get_mapping_block_index
 .text.part_init_pmt
                0x0000000041e19df0        0x4 drivers/built-in.o
                0x0000000041e19df0                part_init_pmt
 .text.mt53xx_nor_Region2Info
                0x0000000041e19df4       0xd8 drivers/built-in.o
 .text.sf_do_dma
                0x0000000041e19ecc       0x4c drivers/built-in.o
 .text.NFI_gpio_uffs
                0x0000000041e19f18       0x40 drivers/built-in.o
 .text.mt53xx_nor_WriteBufferDisable.isra.2
                0x0000000041e19f58       0x40 drivers/built-in.o
 .text.mt53xx_nor_SendCmd.isra.3
                0x0000000041e19f98       0x28 drivers/built-in.o
 .text.mt53xx_nor_Offset2Index
                0x0000000041e19fc0       0x90 drivers/built-in.o
 .text.mt53xx_nor_ExecuteCmd
                0x0000000041e1a050       0x50 drivers/built-in.o
 .text.mt53xx_nor_WriteEnable
                0x0000000041e1a0a0       0x5c drivers/built-in.o
 .text.mt53xx_nor_WaitBusySleep
                0x0000000041e1a0fc       0x84 drivers/built-in.o
 .text.mt53xx_nor_EraseChip
                0x0000000041e1a180       0xec drivers/built-in.o
 .text.mt53xx_nor_EraseSector
                0x0000000041e1a26c      0x15c drivers/built-in.o
 .text.mt53xx_nor_WaitBusy.constprop.17
                0x0000000041e1a3c8       0x80 drivers/built-in.o
 .text.mt53xx_nor_WriteProtect.constprop.16
                0x0000000041e1a448       0xa4 drivers/built-in.o
 .text.mt53xx_nor_WriteSingleByte
                0x0000000041e1a4ec       0xe0 drivers/built-in.o
 .text.mtk_nor_erase
                0x0000000041e1a5cc      0x284 drivers/built-in.o
                0x0000000041e1a5cc                mtk_nor_erase
 .text.mtk_nor_read
                0x0000000041e1a850      0x35c drivers/built-in.o
                0x0000000041e1a850                mtk_nor_read
 .text.mtk_nor_write
                0x0000000041e1abac      0x3a0 drivers/built-in.o
                0x0000000041e1abac                mtk_nor_write
 .text.mtk_uboot_nor_command
                0x0000000041e1af4c      0x198 drivers/built-in.o
 .text.mtk_nor_init
                0x0000000041e1b0e4      0x524 drivers/built-in.o
                0x0000000041e1b0e4                mtk_nor_init
 .text.mtk_nor_command
                0x0000000041e1b608      0x2bc drivers/built-in.o
 .text.msdc_pin_set.isra.2
                0x0000000041e1b8c4      0x64c drivers/mmc/built-in.o
 .text.msdc_dump_card_status
                0x0000000041e1bf10        0x4 drivers/mmc/built-in.o
                0x0000000041e1bf10                msdc_dump_card_status
 .text.msdc_set_smt
                0x0000000041e1bf14      0x128 drivers/mmc/built-in.o
                0x0000000041e1bf14                msdc_set_smt
 .text.msdc_set_driving
                0x0000000041e1c03c      0xb58 drivers/mmc/built-in.o
                0x0000000041e1c03c                msdc_set_driving
 .text.msdc_cal_checksum
                0x0000000041e1cb94       0x24 drivers/mmc/built-in.o
                0x0000000041e1cb94                msdc_cal_checksum
 .text.msdc_alloc_gpd
                0x0000000041e1cbb8       0xc8 drivers/mmc/built-in.o
                0x0000000041e1cbb8                msdc_alloc_gpd
 .text.msdc_alloc_bd
                0x0000000041e1cc80       0xb4 drivers/mmc/built-in.o
                0x0000000041e1cc80                msdc_alloc_bd
 .text.msdc_queue_bd
                0x0000000041e1cd34       0x50 drivers/mmc/built-in.o
                0x0000000041e1cd34                msdc_queue_bd
 .text.msdc_add_gpd
                0x0000000041e1cd84       0x6c drivers/mmc/built-in.o
                0x0000000041e1cd84                msdc_add_gpd
 .text.msdc_reset_gpd
                0x0000000041e1cdf0       0x1c drivers/mmc/built-in.o
                0x0000000041e1cdf0                msdc_reset_gpd
 .text.msdc_set_startbit
                0x0000000041e1ce0c       0x50 drivers/mmc/built-in.o
                0x0000000041e1ce0c                msdc_set_startbit
 .text.msdc_set_smpl
                0x0000000041e1ce5c      0x438 drivers/mmc/built-in.o
                0x0000000041e1ce5c                msdc_set_smpl
 .text.msdc_set_timeout
                0x0000000041e1d294       0x90 drivers/mmc/built-in.o
                0x0000000041e1d294                msdc_set_timeout
 .text.msdc_clr_fifo
                0x0000000041e1d324       0x50 drivers/mmc/built-in.o
                0x0000000041e1d324                msdc_clr_fifo
 .text.msdc_set_blklen
                0x0000000041e1d374       0x10 drivers/mmc/built-in.o
                0x0000000041e1d374                msdc_set_blklen
 .text.msdc_set_blknum
                0x0000000041e1d384        0xc drivers/mmc/built-in.o
                0x0000000041e1d384                msdc_set_blknum
 .text.msdc_reset
                0x0000000041e1d390       0x4c drivers/mmc/built-in.o
                0x0000000041e1d390                msdc_reset
 .text.msdc_abort
                0x0000000041e1d3dc       0x34 drivers/mmc/built-in.o
                0x0000000041e1d3dc                msdc_abort
 .text.msdc_intr_wait
                0x0000000041e1d410       0x18 drivers/mmc/built-in.o
                0x0000000041e1d410                msdc_intr_wait
 .text.msdc_intr_unmask
                0x0000000041e1d428       0x14 drivers/mmc/built-in.o
                0x0000000041e1d428                msdc_intr_unmask
 .text.msdc_send_cmd
                0x0000000041e1d43c      0x230 drivers/mmc/built-in.o
                0x0000000041e1d43c                msdc_send_cmd
 .text.msdc_wait_rsp
                0x0000000041e1d66c      0x120 drivers/mmc/built-in.o
                0x0000000041e1d66c                msdc_wait_rsp
 .text.msdc_sg_init
                0x0000000041e1d78c       0x44 drivers/mmc/built-in.o
                0x0000000041e1d78c                msdc_sg_init
 .text.msdc_dma_init
                0x0000000041e1d7d0       0x5c drivers/mmc/built-in.o
                0x0000000041e1d7d0                msdc_dma_init
 .text.msdc_dma_config
                0x0000000041e1d82c      0x23c drivers/mmc/built-in.o
                0x0000000041e1d82c                msdc_dma_config
 .text.msdc_dma_start
                0x0000000041e1da68       0x48 drivers/mmc/built-in.o
                0x0000000041e1da68                msdc_dma_start
 .text.msdc_dma_stop
                0x0000000041e1dab0       0x6c drivers/mmc/built-in.o
                0x0000000041e1dab0                msdc_dma_stop
 .text.msdc_dma_wait_done
                0x0000000041e1db1c       0xf4 drivers/mmc/built-in.o
                0x0000000041e1db1c                msdc_dma_wait_done
 .text.msdc_pio_read_word
                0x0000000041e1dc10      0x108 drivers/mmc/built-in.o
                0x0000000041e1dc10                msdc_pio_read_word
 .text.msdc_pio_read
                0x0000000041e1dd18       0x24 drivers/mmc/built-in.o
                0x0000000041e1dd18                msdc_pio_read
 .text.msdc_config_clksrc
                0x0000000041e1dd3c       0xa0 drivers/mmc/built-in.o
                0x0000000041e1dd3c                msdc_config_clksrc
 .text.msdc_config_clock
                0x0000000041e1dddc      0x2a8 drivers/mmc/built-in.o
                0x0000000041e1dddc                msdc_config_clock
 .text.msdc_config_bus
                0x0000000041e1e084       0x80 drivers/mmc/built-in.o
                0x0000000041e1e084                msdc_config_bus
 .text.msdc_config_pin
                0x0000000041e1e104        0x8 drivers/mmc/built-in.o
                0x0000000041e1e104                msdc_config_pin
 .text.msdc_power
                0x0000000041e1e10c       0x14 drivers/mmc/built-in.o
                0x0000000041e1e10c                msdc_power
 .text.msdc_reset_tune_counter
                0x0000000041e1e120        0xc drivers/mmc/built-in.o
                0x0000000041e1e120                msdc_reset_tune_counter
 .text.msdc_tune_cmdrsp
                0x0000000041e1e12c      0x36c drivers/mmc/built-in.o
                0x0000000041e1e12c                msdc_tune_cmdrsp
 .text.msdc_cmd
                0x0000000041e1e498       0x58 drivers/mmc/built-in.o
                0x0000000041e1e498                msdc_cmd
 .text.msdc_cmd_stop
                0x0000000041e1e4f0       0x68 drivers/mmc/built-in.o
                0x0000000041e1e4f0                msdc_cmd_stop
 .text.msdc_abort_handler
                0x0000000041e1e558       0xd8 drivers/mmc/built-in.o
                0x0000000041e1e558                msdc_abort_handler
 .text.msdc_dma_transfer
                0x0000000041e1e630      0x268 drivers/mmc/built-in.o
                0x0000000041e1e630                msdc_dma_transfer
 .text.msdc_dma_bread
                0x0000000041e1e898       0x64 drivers/mmc/built-in.o
                0x0000000041e1e898                msdc_dma_bread
 .text.msdc_dma_bwrite
                0x0000000041e1e8fc       0x68 drivers/mmc/built-in.o
                0x0000000041e1e8fc                msdc_dma_bwrite
 .text.msdc_tune_bread
                0x0000000041e1e964      0x3ec drivers/mmc/built-in.o
                0x0000000041e1e964                msdc_tune_bread
 .text.msdc_tune_read
                0x0000000041e1ed50      0x3b0 drivers/mmc/built-in.o
                0x0000000041e1ed50                msdc_tune_read
 .text.msdc_tune_bwrite
                0x0000000041e1f100      0x28c drivers/mmc/built-in.o
                0x0000000041e1f100                msdc_tune_bwrite
 .text.msdc_card_detect
                0x0000000041e1f38c       0xb4 drivers/mmc/built-in.o
                0x0000000041e1f38c                msdc_card_detect
 .text.msdc_init
                0x0000000041e1f440      0x598 drivers/mmc/built-in.o
                0x0000000041e1f440                msdc_init
 .text.unstuff_bits
                0x0000000041e1f9d8       0x40 drivers/mmc/built-in.o
 .text.mmc_cmd  0x0000000041e1fa18       0x30 drivers/mmc/built-in.o
 .text.mmc_app_cmd
                0x0000000041e1fa48       0x74 drivers/mmc/built-in.o
 .text.mmc_send_if_cond
                0x0000000041e1fabc       0x6c drivers/mmc/built-in.o
 .text.mmc_send_app_op_cond
                0x0000000041e1fb28       0x8c drivers/mmc/built-in.o
 .text.mmc_send_op_cond
                0x0000000041e1fbb4       0x94 drivers/mmc/built-in.o
 .text.mmc_sd_switch.isra.1.constprop.7
                0x0000000041e1fc48       0xe8 drivers/mmc/built-in.o
 .text.mmc_dump_ext_csd
                0x0000000041e1fd30       0x44 drivers/mmc/built-in.o
                0x0000000041e1fd30                mmc_dump_ext_csd
 .text.mmc_go_idle
                0x0000000041e1fd74       0x38 drivers/mmc/built-in.o
                0x0000000041e1fd74                mmc_go_idle
 .text.mmc_send_status
                0x0000000041e1fdac       0x60 drivers/mmc/built-in.o
                0x0000000041e1fdac                mmc_send_status
 .text.mmc_select_card
                0x0000000041e1fe0c       0x44 drivers/mmc/built-in.o
                0x0000000041e1fe0c                mmc_select_card
 .text.mmc_switch
                0x0000000041e1fe50       0xb8 drivers/mmc/built-in.o
                0x0000000041e1fe50                mmc_switch
 .text.mmc_switch_hs
                0x0000000041e1ff08       0x44 drivers/mmc/built-in.o
                0x0000000041e1ff08                mmc_switch_hs
 .text.mmc_read_ext_csd
                0x0000000041e1ff4c      0x240 drivers/mmc/built-in.o
                0x0000000041e1ff4c                mmc_read_ext_csd
 .text.mmc_set_clock
                0x0000000041e2018c       0x20 drivers/mmc/built-in.o
                0x0000000041e2018c                mmc_set_clock
 .text.mmc_set_card_detect
                0x0000000041e201ac       0x40 drivers/mmc/built-in.o
                0x0000000041e201ac                mmc_set_card_detect
 .text.mmc_set_blk_length
                0x0000000041e201ec       0x58 drivers/mmc/built-in.o
                0x0000000041e201ec                mmc_set_blk_length
 .text.mmc_set_bus_width
                0x0000000041e20244      0x17c drivers/mmc/built-in.o
                0x0000000041e20244                mmc_set_bus_width
 .text.mmc_dev_bread
                0x0000000041e203c0      0x108 drivers/mmc/built-in.o
                0x0000000041e203c0                mmc_dev_bread
 .text.mmc_block_read
                0x0000000041e204c8       0xa8 drivers/mmc/built-in.o
                0x0000000041e204c8                mmc_block_read
 .text.mmc_block_write
                0x0000000041e20570      0x1a4 drivers/mmc/built-in.o
                0x0000000041e20570                mmc_block_write
 .text.mmc_block_erase
                0x0000000041e20714       0x5c drivers/mmc/built-in.o
                0x0000000041e20714                mmc_block_erase
 .text.mmc_part_config
                0x0000000041e20770       0x4c drivers/mmc/built-in.o
                0x0000000041e20770                mmc_part_config
 .text.mmc_init_mem_card
                0x0000000041e207bc      0xbe4 drivers/mmc/built-in.o
                0x0000000041e207bc                mmc_init_mem_card
 .text.mmc_init_card
                0x0000000041e213a0       0xc4 drivers/mmc/built-in.o
                0x0000000041e213a0                mmc_init_card
 .text.mmc_init_host
                0x0000000041e21464       0x28 drivers/mmc/built-in.o
                0x0000000041e21464                mmc_init_host
 .text.__mmc_init
                0x0000000041e2148c       0x40 drivers/mmc/built-in.o
                0x0000000041e2148c                __mmc_init
 .text.mmc_info_helper
                0x0000000041e214cc       0xac drivers/mmc/built-in.o
                0x0000000041e214cc                mmc_info_helper
 .text.mmc_info_helper2
                0x0000000041e21578       0xa8 drivers/mmc/built-in.o
                0x0000000041e21578                mmc_info_helper2
 .text.msdc_uffs
                0x0000000041e21620       0x50 drivers/mmc/built-in.o
                0x0000000041e21620                msdc_uffs
 .text.msdc_ntohl
                0x0000000041e21670       0x2c drivers/mmc/built-in.o
                0x0000000041e21670                msdc_ntohl
 .text.msdc_get_field
                0x0000000041e2169c       0x24 drivers/mmc/built-in.o
                0x0000000041e2169c                msdc_get_field
 .text.__mmc_block_read
                0x0000000041e216c0        0x4 drivers/mmc/built-in.o
                0x0000000041e216c0                __mmc_block_read
 .text.__mmc_block_write
                0x0000000041e216c4        0x4 drivers/mmc/built-in.o
                0x0000000041e216c4                __mmc_block_write
 .text.__mmc_block_erase
                0x0000000041e216c8        0x4 drivers/mmc/built-in.o
                0x0000000041e216c8                __mmc_block_erase
 .text.mmc_get_dev
                0x0000000041e216cc       0x20 drivers/mmc/built-in.o
                0x0000000041e216cc                mmc_get_dev
 .text.mmc_legacy_init
                0x0000000041e216ec      0x110 drivers/mmc/built-in.o
                0x0000000041e216ec                mmc_legacy_init
 .text.get_mmc_num
                0x0000000041e217fc        0x8 drivers/mmc/built-in.o
                0x0000000041e217fc                get_mmc_num
 .text.find_mmc_device
                0x0000000041e21804       0x50 drivers/mmc/built-in.o
                0x0000000041e21804                find_mmc_device
 .text.mmc_init
                0x0000000041e21854      0x128 drivers/mmc/built-in.o
                0x0000000041e21854                mmc_init
 .text.mmc_getwp
                0x0000000041e2197c        0x8 drivers/mmc/built-in.o
                0x0000000041e2197c                mmc_getwp
 .text.mmc_set_part_conf
                0x0000000041e21984        0xc drivers/mmc/built-in.o
                0x0000000041e21984                mmc_set_part_conf
 .text.add_mtd_device
                0x0000000041e21990       0x7c drivers/mtd/built-in.o
                0x0000000041e21990                add_mtd_device
 .text.del_mtd_device
                0x0000000041e21a0c       0x54 drivers/mtd/built-in.o
                0x0000000041e21a0c                del_mtd_device
 .text.get_mtd_device_nm
                0x0000000041e21a60       0x68 drivers/mtd/built-in.o
                0x0000000041e21a60                get_mtd_device_nm
 .text.mtd_erase
                0x0000000041e21ac8       0x90 drivers/mtd/built-in.o
                0x0000000041e21ac8                mtd_erase
 .text.mtd_read
                0x0000000041e21b58       0xa0 drivers/mtd/built-in.o
                0x0000000041e21b58                mtd_read
 .text.mtd_write
                0x0000000041e21bf8       0x9c drivers/mtd/built-in.o
                0x0000000041e21bf8                mtd_write
 .text.mtd_read_oob
                0x0000000041e21c94       0x34 drivers/mtd/built-in.o
                0x0000000041e21c94                mtd_read_oob
 .text.mtd_get_fact_prot_info
                0x0000000041e21cc8       0x34 drivers/mtd/built-in.o
                0x0000000041e21cc8                mtd_get_fact_prot_info
 .text.mtd_read_fact_prot_reg
                0x0000000041e21cfc       0x48 drivers/mtd/built-in.o
                0x0000000041e21cfc                mtd_read_fact_prot_reg
 .text.mtd_get_user_prot_info
                0x0000000041e21d44       0x34 drivers/mtd/built-in.o
                0x0000000041e21d44                mtd_get_user_prot_info
 .text.mtd_read_user_prot_reg
                0x0000000041e21d78       0x48 drivers/mtd/built-in.o
                0x0000000041e21d78                mtd_read_user_prot_reg
 .text.mtd_write_user_prot_reg
                0x0000000041e21dc0       0x48 drivers/mtd/built-in.o
                0x0000000041e21dc0                mtd_write_user_prot_reg
 .text.mtd_lock_user_prot_reg
                0x0000000041e21e08       0x38 drivers/mtd/built-in.o
                0x0000000041e21e08                mtd_lock_user_prot_reg
 .text.mtd_lock
                0x0000000041e21e40       0x74 drivers/mtd/built-in.o
                0x0000000041e21e40                mtd_lock
 .text.mtd_unlock
                0x0000000041e21eb4       0x74 drivers/mtd/built-in.o
                0x0000000041e21eb4                mtd_unlock
 .text.mtd_block_isbad
                0x0000000041e21f28       0x4c drivers/mtd/built-in.o
                0x0000000041e21f28                mtd_block_isbad
 .text.mtd_block_markbad
                0x0000000041e21f74       0x64 drivers/mtd/built-in.o
                0x0000000041e21f74                mtd_block_markbad
 .text.part_write_oob
                0x0000000041e21fd8       0xa4 drivers/mtd/built-in.o
 .text.part_sync
                0x0000000041e2207c       0x14 drivers/mtd/built-in.o
 .text.part_block_isbad
                0x0000000041e22090       0x1c drivers/mtd/built-in.o
 .text.part_block_markbad
                0x0000000041e220ac       0x30 drivers/mtd/built-in.o
 .text.part_unlock
                0x0000000041e220dc       0x1c drivers/mtd/built-in.o
 .text.part_lock
                0x0000000041e220f8       0x1c drivers/mtd/built-in.o
 .text.part_get_fact_prot_info
                0x0000000041e22114        0x8 drivers/mtd/built-in.o
 .text.part_get_user_prot_info
                0x0000000041e2211c        0x8 drivers/mtd/built-in.o
 .text.part_lock_user_prot_reg
                0x0000000041e22124        0x8 drivers/mtd/built-in.o
 .text.part_write_user_prot_reg
                0x0000000041e2212c        0x8 drivers/mtd/built-in.o
 .text.part_read_fact_prot_reg
                0x0000000041e22134        0x8 drivers/mtd/built-in.o
 .text.part_read_user_prot_reg
                0x0000000041e2213c        0x8 drivers/mtd/built-in.o
 .text.part_read_oob
                0x0000000041e22144       0x94 drivers/mtd/built-in.o
 .text.part_write
                0x0000000041e221d8       0x1c drivers/mtd/built-in.o
 .text.part_read
                0x0000000041e221f4       0x74 drivers/mtd/built-in.o
 .text.part_erase
                0x0000000041e22268       0x6c drivers/mtd/built-in.o
 .text.mtd_erase_callback
                0x0000000041e222d4       0x70 drivers/mtd/built-in.o
                0x0000000041e222d4                mtd_erase_callback
 .text.del_mtd_partitions
                0x0000000041e22344       0x8c drivers/mtd/built-in.o
                0x0000000041e22344                del_mtd_partitions
 .text.add_mtd_partitions
                0x0000000041e223d0      0x5d0 drivers/mtd/built-in.o
                0x0000000041e223d0                add_mtd_partitions
 .text.nand_register
                0x0000000041e229a0       0x8c drivers/mtd/nand/built-in.o
                0x0000000041e229a0                nand_register
 .text.nand_init
                0x0000000041e22a2c       0xb8 drivers/mtd/nand/built-in.o
                0x0000000041e22a2c                nand_init
 .text.verify_bbt_descr
                0x0000000041e22ae4      0x120 drivers/mtd/nand/built-in.o
 .text.scan_read_oob
                0x0000000041e22c04       0xcc drivers/mtd/nand/built-in.o
 .text.check_pattern
                0x0000000041e22cd0       0xac drivers/mtd/nand/built-in.o
 .text.create_bbt
                0x0000000041e22d7c      0x2f8 drivers/mtd/nand/built-in.o
 .text.scan_read
                0x0000000041e23074       0x60 drivers/mtd/nand/built-in.o
 .text.read_bbt
                0x0000000041e230d4      0x1e8 drivers/mtd/nand/built-in.o
 .text.read_abs_bbt
                0x0000000041e232bc       0xd0 drivers/mtd/nand/built-in.o
 .text.write_bbt
                0x0000000041e2338c      0x600 drivers/mtd/nand/built-in.o
 .text.search_bbt
                0x0000000041e2398c      0x198 drivers/mtd/nand/built-in.o
 .text.nand_update_bbt
                0x0000000041e23b24      0x11c drivers/mtd/nand/built-in.o
                0x0000000041e23b24                nand_update_bbt
 .text.mark_bbt_region
                0x0000000041e23c40      0x174 drivers/mtd/nand/built-in.o
 .text.nand_scan_bbt
                0x0000000041e23db4      0x4dc drivers/mtd/nand/built-in.o
                0x0000000041e23db4                nand_scan_bbt
 .text.nand_default_bbt
                0x0000000041e24290      0x100 drivers/mtd/nand/built-in.o
                0x0000000041e24290                nand_default_bbt
 .text.nand_isbad_bbt
                0x0000000041e24390       0x54 drivers/mtd/nand/built-in.o
                0x0000000041e24390                nand_isbad_bbt
 .text.check_skip_len
                0x0000000041e243e4       0xb0 drivers/mtd/nand/built-in.o
 .text.nand_erase_opts
                0x0000000041e24494      0x368 drivers/mtd/nand/built-in.o
                0x0000000041e24494                nand_erase_opts
 .text.nand_write_skip_bad
                0x0000000041e247fc      0x24c drivers/mtd/nand/built-in.o
                0x0000000041e247fc                nand_write_skip_bad
 .text.nand_read_skip_bad
                0x0000000041e24a48      0x25c drivers/mtd/nand/built-in.o
                0x0000000041e24a48                nand_read_skip_bad
 .text.nand_calculate_ecc
                0x0000000041e24ca4       0xf4 drivers/mtd/nand/built-in.o
                0x0000000041e24ca4                nand_calculate_ecc
 .text.nand_correct_data
                0x0000000041e24d98      0x120 drivers/mtd/nand/built-in.o
                0x0000000041e24d98                nand_correct_data
 .text.nand_read_byte
                0x0000000041e24eb8       0x14 drivers/mtd/nand/built-in.o
                0x0000000041e24eb8                nand_read_byte
 .text.nand_read_byte16
                0x0000000041e24ecc       0x18 drivers/mtd/nand/built-in.o
 .text.nand_read_word
                0x0000000041e24ee4       0x14 drivers/mtd/nand/built-in.o
 .text.nand_write_buf
                0x0000000041e24ef8       0x2c drivers/mtd/nand/built-in.o
                0x0000000041e24ef8                nand_write_buf
 .text.nand_read_buf
                0x0000000041e24f24       0x2c drivers/mtd/nand/built-in.o
                0x0000000041e24f24                nand_read_buf
 .text.nand_verify_buf
                0x0000000041e24f50       0x40 drivers/mtd/nand/built-in.o
 .text.nand_write_buf16
                0x0000000041e24f90       0x34 drivers/mtd/nand/built-in.o
                0x0000000041e24f90                nand_write_buf16
 .text.nand_read_buf16
                0x0000000041e24fc4       0x34 drivers/mtd/nand/built-in.o
                0x0000000041e24fc4                nand_read_buf16
 .text.nand_verify_buf16
                0x0000000041e24ff8       0x4c drivers/mtd/nand/built-in.o
 .text.nand_check_wp
                0x0000000041e25044       0x50 drivers/mtd/nand/built-in.o
 .text.nand_read_page_raw_syndrome
                0x0000000041e25094       0xd4 drivers/mtd/nand/built-in.o
 .text.nand_read_page_swecc
                0x0000000041e25168      0x128 drivers/mtd/nand/built-in.o
 .text.nand_read_subpage
                0x0000000041e25290      0x270 drivers/mtd/nand/built-in.o
 .text.nand_read_page_hwecc
                0x0000000041e25500      0x148 drivers/mtd/nand/built-in.o
 .text.nand_read_page_hwecc_oob_first
                0x0000000041e25648      0x13c drivers/mtd/nand/built-in.o
 .text.nand_read_page_syndrome
                0x0000000041e25784      0x128 drivers/mtd/nand/built-in.o
 .text.nand_read_oob_std
                0x0000000041e258ac       0x3c drivers/mtd/nand/built-in.o
 .text.nand_read_oob_syndrome
                0x0000000041e258e8      0x104 drivers/mtd/nand/built-in.o
 .text.nand_write_oob_std
                0x0000000041e259ec       0x70 drivers/mtd/nand/built-in.o
 .text.nand_write_oob_syndrome
                0x0000000041e25a5c      0x190 drivers/mtd/nand/built-in.o
 .text.nand_write_page_raw_syndrome
                0x0000000041e25bec       0xd4 drivers/mtd/nand/built-in.o
 .text.nand_write_page_swecc
                0x0000000041e25cc0       0xbc drivers/mtd/nand/built-in.o
 .text.nand_write_page_hwecc
                0x0000000041e25d7c       0xd0 drivers/mtd/nand/built-in.o
 .text.nand_write_page_syndrome
                0x0000000041e25e4c       0xf4 drivers/mtd/nand/built-in.o
 .text.single_erase_cmd
                0x0000000041e25f40       0x40 drivers/mtd/nand/built-in.o
 .text.multi_erase_cmd
                0x0000000041e25f80       0x8c drivers/mtd/nand/built-in.o
 .text.nand_onfi_set_features
                0x0000000041e2600c       0x64 drivers/mtd/nand/built-in.o
 .text.nand_block_checkbad
                0x0000000041e26070       0x78 drivers/mtd/nand/built-in.o
 .text.nand_block_isbad
                0x0000000041e260e8       0x1c drivers/mtd/nand/built-in.o
 .text.nand_block_markbad
                0x0000000041e26104       0x40 drivers/mtd/nand/built-in.o
 .text.nand_onfi_get_features
                0x0000000041e26144       0x6c drivers/mtd/nand/built-in.o
 .text.nand_wait
                0x0000000041e261b0       0xa4 drivers/mtd/nand/built-in.o
 .text.nand_fill_oob
                0x0000000041e26254      0x118 drivers/mtd/nand/built-in.o
 .text.nand_do_write_oob
                0x0000000041e2636c      0x16c drivers/mtd/nand/built-in.o
 .text.nand_do_write_ops
                0x0000000041e264d8      0x338 drivers/mtd/nand/built-in.o
 .text.unlikely.sanitize_string
                0x0000000041e26810       0x3c drivers/mtd/nand/built-in.o
 .text.generic_ffs
                0x0000000041e2684c       0x50 drivers/mtd/nand/built-in.o
 .text.nand_read_page_raw
                0x0000000041e2689c       0x44 drivers/mtd/nand/built-in.o
 .text.nand_write_page_raw
                0x0000000041e268e0       0x44 drivers/mtd/nand/built-in.o
 .text.nand_write_page
                0x0000000041e26924      0x114 drivers/mtd/nand/built-in.o
 .text.nand_select_chip
                0x0000000041e26a38       0x50 drivers/mtd/nand/built-in.o
 .text.nand_transfer_oob
                0x0000000041e26a88      0x104 drivers/mtd/nand/built-in.o
 .text.nand_do_read_ops
                0x0000000041e26b8c      0x310 drivers/mtd/nand/built-in.o
 .text.nand_release_device
                0x0000000041e26e9c       0x10 drivers/mtd/nand/built-in.o
                0x0000000041e26e9c                nand_release_device
 .text.nand_block_bad
                0x0000000041e26eac      0x1a8 drivers/mtd/nand/built-in.o
 .text.nand_sync
                0x0000000041e27054       0x10 drivers/mtd/nand/built-in.o
 .text.nand_write_oob
                0x0000000041e27064       0xa4 drivers/mtd/nand/built-in.o
 .text.nand_read_oob
                0x0000000041e27108      0x350 drivers/mtd/nand/built-in.o
 .text.nand_write
                0x0000000041e27458       0x64 drivers/mtd/nand/built-in.o
 .text.nand_read
                0x0000000041e274bc       0x64 drivers/mtd/nand/built-in.o
 .text.nand_wait_ready
                0x0000000041e27520       0x4c drivers/mtd/nand/built-in.o
                0x0000000041e27520                nand_wait_ready
 .text.nand_command
                0x0000000041e2756c      0x1cc drivers/mtd/nand/built-in.o
 .text.nand_command_lp
                0x0000000041e27738      0x24c drivers/mtd/nand/built-in.o
 .text.nand_get_device
                0x0000000041e27984        0xc drivers/mtd/nand/built-in.o
                0x0000000041e27984                nand_get_device
 .text.nand_erase_nand
                0x0000000041e27990      0x398 drivers/mtd/nand/built-in.o
                0x0000000041e27990                nand_erase_nand
 .text.nand_default_block_markbad
                0x0000000041e27d28      0x1c0 drivers/mtd/nand/built-in.o
 .text.nand_erase
                0x0000000041e27ee8        0x8 drivers/mtd/nand/built-in.o
 .text.nand_scan_ident
                0x0000000041e27ef0      0xa68 drivers/mtd/nand/built-in.o
                0x0000000041e27ef0                nand_scan_ident
 .text.nand_scan_tail