nand_base.c:175:9:nand_read_byte	0	static
nand_base.c:189:16:nand_read_byte16	0	static
nand_base.c:201:12:nand_read_word	0	static
nand_base.c:238:6:nand_write_buf	4	static
nand_base.c:255:6:nand_read_buf	0	static
nand_base.c:272:12:nand_verify_buf	4	static
nand_base.c:291:6:nand_write_buf16	4	static
nand_base.c:311:6:nand_read_buf16	0	static
nand_base.c:330:12:nand_verify_buf16	4	static
nand_base.c:494:12:nand_check_wp	16	static
nand_base.c:873:12:nand_read_page_raw_syndrome	32	static
nand_base.c:915:12:nand_read_page_swecc	56	static
nand_base.c:957:12:nand_read_subpage	48	static
nand_base.c:1049:12:nand_read_page_hwecc	48	static
nand_base.c:1099:12:nand_read_page_hwecc_oob_first	40	static
nand_base.c:1145:12:nand_read_page_syndrome	32	static
nand_base.c:1415:12:nand_read_oob_std	16	static
nand_base.c:1430:12:nand_read_oob_syndrome	48	static
nand_base.c:1467:12:nand_write_oob_std	24	static
nand_base.c:1491:12:nand_write_oob_syndrome	64	static
nand_base.c:1732:12:nand_write_page_raw_syndrome	32	static
nand_base.c:1772:12:nand_write_page_swecc	48	static
nand_base.c:1799:12:nand_write_page_hwecc	40	static
nand_base.c:1833:12:nand_write_page_syndrome	32	static
nand_base.c:2263:13:single_erase_cmd	16	static
nand_base.c:2278:13:multi_erase_cmd	24	static
nand_base.c:2551:12:nand_onfi_set_features	24	static
nand_base.c:517:12:nand_block_checkbad	32	static
nand_base.c:2518:12:nand_block_isbad	16	static
nand_base.c:2528:12:nand_block_markbad	24	static
nand_base.c:2574:12:nand_onfi_get_features	24	static
nand_base.c:803:12:nand_wait	24	static
nand_base.c:1942:17:nand_fill_oob	24	static
nand_base.c:2139:12:nand_do_write_oob	48	static
nand_base.c:2001:12:nand_do_write_ops	88	static
nand_base.c:2627:13:sanitize_string	0	static
bitops.h:12:19:generic_ffs	0	static
nand_base.c:854:12:nand_read_page_raw	16	static
nand_base.c:1713:12:nand_write_page_raw	16	static
nand_base.c:1881:12:nand_write_page	40	static
nand_base.c:214:13:nand_select_chip	8	static
nand_base.c:1197:17:nand_transfer_oob	24	static
nand_base.c:1246:12:nand_do_read_ops	72	static
nand_base.c:161:6:nand_release_device	0	static
nand_base.c:352:12:nand_block_bad	32	static
nand_base.c:2501:13:nand_sync	0	static
nand_base.c:2219:12:nand_write_oob	40	static
nand_base.c:1666:12:nand_read_oob	88	static
nand_base.c:2113:12:nand_write	56	static
nand_base.c:1391:12:nand_read	56	static
nand_base.c:535:6:nand_wait_ready	16	static
nand_base.c:561:13:nand_command	24	static
nand_base.c:664:13:nand_command_lp	24	static
nand_base.c:788:5:nand_get_device	0	static
nand_base.c:2310:5:nand_erase_nand	72	static
nand_base.c:417:12:nand_default_block_markbad	128	static
nand_base.c:2296:12:nand_erase	0	static
nand_base.c:3174:5:nand_scan_ident	56	static
nand_base.c:3234:5:nand_scan_tail	24	static
nand_base.c:3523:5:nand_scan	8	static
nand_base.c:3537:6:nand_release	8	static
