bmt.c:162:12:is_block_mapped	0	static
bmt.c:117:13:dump_bmt_info	24	static
bmt.c:207:13:fill_nand_bmt_buffer.constprop	552	static
bmt.c:74:5:nand_read_page_bmt	16	static
bmt.c:79:6:nand_block_bad_bmt	8	static
bmt.c:84:6:nand_erase_bmt	16	static
bmt.c:99:5:mark_block_bad_bmt	0	static
bmt.c:319:12:find_available_block	56	static
bmt.c:230:12:load_bmt_data	568	static
bmt.c:104:6:nand_write_page_bmt	16	static
bmt.c:492:13:write_bmt_to_flash.constprop	24	static
bmt.c:423:6:set_bad_index_to_oob	16	static
bmt.c:560:13:reconstruct_bmt	64	static
bmt.c:651:13:init_bmt	24	static
bmt.c:717:6:update_bmt	56	static
bmt.c:789:5:get_mapping_block_index	4	static
