mtk_snand_k.c:524:13:mtk_snand_dev_mac_trigger	0	static
mtk_snand_k.c:552:13:mtk_snand_dev_mac_leave	0	static
mtk_snand_k.c:1209:13:mtk_snand_status_ready	0	static
mtk_snand_k.c:1680:13:mtk_snand_check_dececc_done	0	static
mtk_snand_k.c:1948:13:mtk_snand_read_fdm_data	0	static
mtk_snand_k.c:2882:13:mtk_snand_write_buf	12	static
mtk_snand_k.c:2920:12:mtk_snand_write_page_hwecc	16	static
mtk_snand_k.c:3635:12:mtk_nand_init_size	0	static
mtk_snand_k.c:1376:13:mtk_snand_check_RW_count	16	static
bitops.h:12:19:generic_ffs.part.0	0	static
mtk_snand_k.c:704:13:mtk_snand_rs_if_require_split	0	static
mtk_snand_k.c:717:13:mtk_snand_rs_reconfig_nfiecc	16	static
mtk_snand_k.c:809:13:mtk_snand_ecc_config.isra.3	0	static
mtk_snand_k.c:2660:13:mtk_snand_select_chip	32	static
mtk_snand_k.c:3711:6:mtk_snand_gpio_config.part.17	0	static
mtk_snand_k.c:1242:13:mtk_snand_reset_con	8	static
mtk_snand_k.c:2028:13:mtk_snand_stop_read	0	static
mtk_snand_k.c:496:13:mtk_snand_dev_mac_enable.constprop	0	static
mtk_snand_k.c:569:13:mtk_snand_dev_mac_op.constprop	8	static
mtk_snand_k.c:576:13:mtk_snand_dev_command_ext.constprop	24	static
mtk_snand_k.c:616:13:mtk_snand_reset_dev	16	static
mtk_snand_k.c:2741:16:mtk_snand_read_byte	8	static
mtk_snand_k.c:3882:12:mtk_snand_dev_ready	8	static
mtk_snand_k.c:660:13:mtk_snand_dev_enable_spiq	8	static
mtk_snand_k.c:2066:13:mtk_snand_stop_write	8	static
mtk_snand_k.c:606:13:mtk_snand_dev_command	0	static
mtk_snand_k.c:2411:13:mtk_snand_dev_program_execute	8	static
mtk_snand_k.c:2090:13:mtk_snand_read_page_part2	48	static
mtk_snand_k.c:1408:13:mtk_snand_ready_for_read.isra.5.part.6.constprop	16	static
mtk_snand_k.c:1572:13:mtk_snand_ready_for_write.isra.9	32	static
mtk_snand_k.c:295:6:nand_enable_clock	0	static
mtk_snand_k.c:299:6:nand_disable_clock	0	static
mtk_snand_k.c:334:6:dump_nfi	16	static
mtk_snand_k.c:1710:13:mtk_snand_dma_read_data.isra.14	16	static
mtk_snand_k.c:3291:12:mtk_snand_read_oob_raw	40	static
mtk_snand_k.c:3356:12:mtk_snand_write_oob_raw	56	static
mtk_snand_k.c:3430:12:mtk_snand_write_oob	48	static
mtk_snand_k.c:407:6:mtk_snand_get_device_info	48	static
mtk_snand_k.c:477:6:mtk_snand_is_vendor_reserved_blocks	8	static
mtk_snand_k.c:2276:5:mtk_nand_exec_read_page	96	static
mtk_snand_k.c:2961:12:mtk_snand_read_page	40	static
mtk_snand_k.c:2943:12:mtk_snand_read_page_hwecc	24	static
mtk_snand_k.c:3669:12:mtk_snand_verify_buf	40	static
mtk_snand_k.c:2835:13:mtk_snand_read_buf	48	static
mtk_snand_k.c:2432:5:mtk_nand_exec_write_page	48	static
mtk_snand_k.c:2499:12:mtk_snand_write_page	48	static
mtk_snand_k.c:2555:13:mtk_snand_command_bp	32	static
mtk_snand_k.c:3002:6:mtk_snand_dev_unlock_all_blocks	8	static
mtk_snand_k.c:3058:6:mtk_snand_ecc_control	8	static
mtk_snand_k.c:3458:5:mtk_nand_block_markbad_hw	24	static
mtk_snand_k.c:3473:12:mtk_snand_block_markbad	16	static
mtk_snand_k.c:3490:5:mtk_snand_read_oob_hw	32	static
mtk_snand_k.c:3543:12:mtk_snand_read_oob	24	static
mtk_snand_k.c:3555:5:mtk_nand_block_bad_hw	24	static
mtk_snand_k.c:3582:12:mtk_snand_block_bad	32	static
mtk_snand_k.c:3711:6:mtk_snand_gpio_config	0	static
mtk_snand_k.c:3735:6:mtk_snand_clk_setting	0	static
mtk_snand_k.c:3755:6:mtk_snand_reset	8	static
mtk_snand_k.c:3112:5:mtk_snand_reset_device	24	static
mtk_snand_k.c:3162:6:mtk_snand_dev_erase	8	static
mtk_snand_k.c:3209:5:mtk_nand_erase_hw	24	static
mtk_snand_k.c:3245:12:mtk_nand_erase	40	static
mtk_snand_k.c:3954:5:board_nand_init	40	static
