cmd_bootm.c:1463:13:copy_args	32	static
cmd_bootm.c:1066:5:do_bootd	8	static
cmd_bootm.c:1113:12:image_info	16	static
cmd_bootm.c:1586:12:do_bootm_rtems	8	static
cmd_bootm.c:1652:12:do_bootm_plan9	24	static
cmd_bootm.c:506:12:do_bootm_standalone	16	static
cmd_bootm.c:1481:12:do_bootm_netbsd	40	static
cmd_bootm.c:1095:12:do_iminfo	24	static
cmd_bootm.c:179:13:__arch_preboot_os	0	static
cmd_bootm.c:619:12:do_bootm_states.isra.10.constprop	104	static
cmd_bootm.c:780:5:do_bootm	48	static
cmd_bootm.c:829:5:bootm_maybe_autostart	24	static
cmd_bootm.c:1702:6:do_bootvx_fdt	32	static
cmd_bootm.c:1756:12:do_bootm_vxworks	8	static
