cmd_nvedit.c:765:12:do_env_delete	24	static
cmd_nvedit.c:688:12:do_env_save	8	static
cmd_nvedit.c:1125:12:do_env	24	static
cmd_nvedit.c:81:12:env_print	56	static
cmd_nvedit.c:112:12:do_env_print	24	static
cmd_nvedit.c:961:12:do_env_import	56	static
cmd_nvedit.c:728:12:do_env_default	8	static
cmd_nvedit.c:209:12:_do_env_set.isra.0	72	static
cmd_nvedit.c:343:12:do_env_set	0	static
cmd_nvedit.c:70:5:get_env_id	0	static
cmd_nvedit.c:283:5:setenv	24	static
cmd_nvedit.c:304:5:setenv_ulong	8	static
cmd_nvedit.c:319:5:setenv_hex	32	static
cmd_nvedit.c:846:12:do_env_export	96	static
cmd_nvedit.c:712:5:envmatch	24	static
cmd_nvedit.c:631:5:getenv_f	32	static
cmd_nvedit.c:607:7:getenv	48	static
cmd_nvedit.c:327:7:getenv_hex	24	static
cmd_nvedit.c:675:7:getenv_ulong	16	static
cmd_nvedit.c:578:12:do_env_edit	1032	static
