console.c:99:12:console_setfile	16	static
console.c:256:5:serial_printf	1064	static
console.c:274:5:fgetc	0	static
console.c:305:5:ftstc	0	static
console.c:313:6:fputc	0	static
console.c:319:6:fputs	0	static
console.c:325:5:fprintf	1068	static
console.c:346:5:getc	0	static
console.c:365:5:tstc	0	static
console.c:417:6:putc	0	static
console.c:447:6:puts	0	static
console.c:478:5:printf	1064	static
console.c:502:5:vprintf	1064	static
console.c:525:5:ctrlc	8	static
console.c:544:5:disable_ctrlc	0	static
console.c:552:5:had_ctrlc	0	static
console.c:557:6:clear_ctrlc	0	static
console.c:595:13:dbg	0	static
console.c:602:19:search_device	8	static
console.c:614:5:console_assign	8	static
console.c:19:12:on_console	24	static
console.c:643:5:console_init_f	0	static
console.c:657:6:stdio_print_current_devices	8	static
console.c:684:5:console_init_r	16	static
