fdt_support.c:43:13:write_cell	32	static
fdt_support.c:968:12:of_bus_default_map	40	static
fdt_support.c:946:13:of_bus_default_count_cells	24	static
fdt_support.c:29:12:get_cells_len	8	static
fdt_support.c:985:12:of_bus_default_translate	40	static
fdt_support.c:63:5:fdt_getprop_u32_default	16	static
fdt_support.c:92:5:fdt_find_and_setprop	32	static
fdt_support.c:160:5:fdt_initrd	72	static
fdt_support.c:228:5:fdt_chosen	32	static
fdt_support.c:298:6:do_fixup_by_path	24	static
fdt_support.c:314:6:do_fixup_by_path_u32	24	static
fdt_support.c:321:6:do_fixup_by_prop	40	static
fdt_support.c:342:6:do_fixup_by_prop_u32	32	static
fdt_support.c:350:6:do_fixup_by_compat	40	static
fdt_support.c:369:6:do_fixup_by_compat_u32	24	static
fdt_support.c:381:5:fdt_fixup_memory_banks	64	static
fdt_support.c:439:5:fdt_fixup_memory	16	static
fdt_support.c:444:6:fdt_fixup_ethernet	88	static
fdt_support.c:482:5:fdt_resize	48	static
fdt_support.c:672:5:fdt_increase_size	0	static
fdt_support.c:891:6:fdt_del_node_and_alias	16	static
fdt_support.c:1145:5:fdt_translate_address	112	static
fdt_support.c:1159:5:fdt_node_offset_by_compat_reg	40	static
fdt_support.c:1180:5:fdt_alloc_phandle	16	static
fdt_support.c:1199:5:fdt_set_phandle	40	static
fdt_support.c:1238:14:fdt_create_phandle	16	static
fdt_support.c:1268:5:fdt_set_node_status	40	static
fdt_support.c:1309:5:fdt_set_status_by_alias	16	static
fdt_support.c:1355:5:fdt_verify_alias_address	48	static
fdt_support.c:1396:5:fdt_get_base_address	24	static
