image-fit.c:80:5:fit_parse_conf	24	static
image-fit.c:106:5:fit_parse_subimage	24	static
image-fit.c:447:5:fit_get_desc	16	static
image-fit.c:475:5:fit_get_timestamp	16	static
image-fit.c:507:5:fit_image_get_node	16	static
image-fit.c:541:5:fit_image_get_os	16	static
image-fit.c:573:5:fit_image_get_arch	16	static
image-fit.c:605:5:fit_image_get_type	16	static
image-fit.c:637:5:fit_image_get_comp	16	static
image-fit.c:668:5:fit_image_get_load	16	static
image-fit.c:700:5:fit_image_get_entry	16	static
image-fit.c:730:5:fit_image_get_data	24	static
image-fit.c:759:5:fit_image_hash_get_algo	16	static
image-fit.c:787:5:fit_image_hash_get_value	24	static
image-fit.c:238:13:fit_image_print_data	48	static
image-fit.c:334:6:fit_image_print	64	static
image-fit.c:844:5:fit_set_timestamp	32	static
image-fit.c:880:5:calculate_hash	32	static
image-fit.c:963:5:fit_image_verify	88	static
image-fit.c:1040:5:fit_all_image_verify	40	static
image-fit.c:1091:5:fit_image_check_os	16	static
image-fit.c:1113:5:fit_image_check_arch	16	static
image-fit.c:1135:5:fit_image_check_type	16	static
image-fit.c:1158:5:fit_image_check_comp	16	static
image-fit.c:1178:5:fit_check_format	8	static
image-fit.c:1243:5:fit_conf_find_compat	64	static
image-fit.c:1348:5:fit_conf_get_node	24	static
image-fit.c:1395:5:fit_conf_get_prop_node	16	static
image-fit.c:1421:6:fit_conf_print	32	static
image-fit.c:134:6:fit_print_contents	40	static
image-fit.c:1452:5:fit_image_select	16	static
image-fit.c:1468:5:fit_get_node_from_config	16	static
image-fit.c:1495:5:fit_image_load	64	static
