image.c:402:12:on_loadaddr	8	static
image.c:156:5:image_check_hcrc	72	static
image.c:171:5:image_check_dcrc	8	static
image.c:193:7:image_multi_count	0	static
image.c:226:6:image_multi_getimg	16	static
image.c:418:7:getenv_bootm_low	8	static
image.c:435:13:getenv_bootm_size	8	static
image.c:457:13:getenv_bootm_mapsize	8	static
image.c:473:6:memmove_wd	0	static
image.c:493:6:genimg_print_size	8	static
image.c:535:7:get_table_entry_name	0	static
image.c:548:13:genimg_get_os_name	0	static
image.c:553:13:genimg_get_arch_name	0	static
image.c:559:13:genimg_get_type_name	0	static
image.c:564:13:genimg_get_comp_name	0	static
image.c:286:6:image_print_contents	40	static
image.c:584:5:get_table_entry_id	16	static
image.c:618:5:genimg_get_os_id	0	static
image.c:623:5:genimg_get_arch_id	0	static
image.c:628:5:genimg_get_type_id	0	static
image.c:633:5:genimg_get_comp_id	0	static
image.c:653:5:genimg_get_format	8	static
image.c:681:7:genimg_get_image	0	static
image.c:755:5:genimg_has_config	0	static
image.c:786:5:boot_get_ramdisk	88	static
image.c:977:5:boot_ramdisk_high	24	static
image.c:1131:5:image_setup_linux	32	static
