rt2880_eth.c:2667:12:rt2880_eth_recv	40	static
rt2880_eth.c:2600:12:rt2880_eth_send	32	static
rt2880_eth.c:2851:5:EswCntRead	40	static
rt2880_eth.c:2801:5:rdm_ioctl	40	static
rt2880_eth.c:342:6:START_ETH	16	static
rt2880_eth.c:354:6:STOP_ETH	16	static
rt2880_eth.c:2751:6:rt2880_eth_halt	0	static
rt2880_eth.c:365:14:rt2880_free_buf_entry_dequeue	0	static
rt2880_eth.c:542:5:rt2880_eth_initialize	16	static
rt2880_eth.c:1934:6:setup_internal_gsw	0	static
rt2880_eth.c:2358:5:isDMABusy	8	static
rt2880_eth.c:2308:12:rt2880_eth_init	80	static
