net.c:284:13:net_clear_handlers	0	static
net.c:586:1:startAgainTimeout	0	static
net.c:641:13:dummy_handler	0	static
net.c:236:6:net_auto_load	8	static
net.c:591:6:NetStartAgain	16	static
net.c:647:11:net_get_udp_handler	0	static
net.c:652:6:net_set_udp_handler	0	static
net.c:661:11:net_get_arp_handler	0	static
net.c:666:6:net_set_arp_handler	0	static
net.c:683:1:NetSetTimeout	8	static
net.c:1305:1:NetCksum	0	static
net.c:1298:1:NetCksumOk	8	static
net.c:954:1:NetReceive	32	static
net.c:1319:1:NetEthHdrSize	0	static
net.c:1332:1:NetSetEther	24	static
net.c:1357:5:net_update_ether	16	static
net.c:1380:6:net_set_ip_header	16	static
net.c:1401:6:net_set_udp_header	24	static
net.c:698:5:NetSendUDPPacket	40	static
net.c:1425:6:copy_filename	0	static
net.c:216:12:on_bootfile	8	static
net.c:1451:6:ip_to_string	16	static
net.c:1461:6:VLAN_to_string	0	static
net.c:1474:8:string_to_VLAN	8	static
net.c:1489:8:getenv_VLAN	8	static
net.c:260:13:NetInitLoop	16	static
net.c:296:6:net_init	8	static
net.c:326:5:NetLoop	40	static
