mt_gpio.c:27:5:mtk_pinctrl_set_gpio_value	8	static
mt_gpio.c:47:5:mtk_pinctrl_get_gpio_value	4	static
mt_gpio.c:66:5:mtk_pinctrl_update_gpio_value	8	static
mt_gpio.c:90:5:mt_set_gpio_dir_chip	8	static
mt_gpio.c:112:5:mt_set_gpio_smt_chip	8	static
mt_gpio.c:121:5:mt_get_gpio_smt_chip	0	static
mt_gpio.c:103:5:mt_get_gpio_dir_chip	0	static
mt_gpio.c:129:5:mt_set_gpio_pull_select_chip	16	static
mt_gpio.c:145:5:mt_get_gpio_pull_select_chip	16	static
mt_gpio.c:163:5:mt_set_gpio_out_chip	8	static
mt_gpio.c:175:5:mt_get_gpio_out_chip	0	static
mt_gpio.c:183:5:mt_get_gpio_in_chip	0	static
mt_gpio.c:191:5:mt_set_gpio_mode_chip	8	static
mt_gpio.c:203:5:mt_get_gpio_mode_chip	0	static
mt_gpio.c:211:5:mt_set_gpio_drving_chip	16	static
mt_gpio.c:227:5:mt_get_gpio_drving_chip	16	static
mt_gpio.c:241:5:mt_set_gpio_dir	0	static
mt_gpio.c:246:5:mt_get_gpio_dir	0	static
mt_gpio.c:251:5:mt_set_gpio_pull_select	0	static
mt_gpio.c:256:5:mt_get_gpio_pull_select	0	static
mt_gpio.c:261:5:mt_set_gpio_smt	0	static
mt_gpio.c:266:5:mt_get_gpio_smt	0	static
mt_gpio.c:271:5:mt_set_gpio_out	0	static
mt_gpio.c:276:5:mt_get_gpio_out	0	static
mt_gpio.c:281:5:mt_get_gpio_in	0	static
mt_gpio.c:286:5:mt_set_gpio_mode	0	static
mt_gpio.c:291:5:mt_get_gpio_mode	0	static
mt_gpio.c:296:5:mt_set_gpio_drving	0	static
mt_gpio.c:301:5:mt_get_gpio_drving	0	static
