wdt.c:95:21:mtk_wdt_check_status	0	static
wdt.c:56:6:mtk_wdt_disable	0	static
wdt.c:259:6:mtk_wdt_restart	0	static
wdt.c:267:6:mtk_wdt_sw_reset	8	static
wdt.c:283:6:mtk_wdt_hw_reset	8	static
wdt.c:301:6:mtk_is_rgu_trigger_reset	0	static
wdt.c:308:5:mtk_wdt_boot_check	8	static
wdt.c:341:6:mtk_wdt_init	24	static
wdt.c:446:6:mtk_arch_reset	8	static
wdt.c:455:5:rgu_dram_reserved	16	static
wdt.c:482:5:rgu_is_reserve_ddr_enabled	0	static
wdt.c:496:5:rgu_is_dram_slf	8	static
wdt.c:513:6:rgu_release_rg_dramc_conf_iso	0	static
wdt.c:523:6:rgu_release_rg_dramc_iso	0	static
wdt.c:533:6:rgu_release_rg_dramc_sref	0	static
wdt.c:542:5:rgu_is_reserve_ddr_mode_success	8	static
wdt.c:558:6:rgu_swsys_reset	8	static
