mtk_cmd.c:246:5:do_backup_message	8	static
mtk_cmd.c:253:5:do_reco_message	8	static
mtk_cmd.c:552:5:do_boot_to_ctp	24	static
mtk_cmd.c:126:5:do_read_mtk_image_blks	64	static
mtk_cmd.c:534:5:do_ctp_check	24	static
mtk_cmd.c:29:5:do_read_image_blks	64	static
mtk_cmd.c:210:5:do_serious_image_check	40	static
mtk_cmd.c:260:5:do_invaild_env	8	static
mtk_cmd.c:291:5:do_filesize_check	56	static
mtk_cmd.c:190:5:do_image_check	40	static
mtk_cmd.c:269:5:do_uboot_check	40	static
mtk_cmd.c:334:6:input_value	8	static
mtk_cmd.c:352:6:get_filetype	0	static
mtk_cmd.c:365:5:do_download_setting	288	static
